Component: ARM Compiler 5.06 update 6 (build 750) Tool: armlink [4d35ed]

==============================================================================

Section Cross References

    startup_stm32f407xx.o(RESET) refers to startup_stm32f407xx.o(STACK) for __initial_sp
    startup_stm32f407xx.o(RESET) refers to startup_stm32f407xx.o(.text) for Reset_Handler
    startup_stm32f407xx.o(RESET) refers to stm32f4xx_it.o(i.NMI_Handler) for NMI_Handler
    startup_stm32f407xx.o(RESET) refers to stm32f4xx_it.o(i.HardFault_Handler) for HardFault_Handler
    startup_stm32f407xx.o(RESET) refers to stm32f4xx_it.o(i.MemManage_Handler) for MemManage_Handler
    startup_stm32f407xx.o(RESET) refers to stm32f4xx_it.o(i.BusFault_Handler) for BusFault_Handler
    startup_stm32f407xx.o(RESET) refers to stm32f4xx_it.o(i.UsageFault_Handler) for UsageFault_Handler
    startup_stm32f407xx.o(RESET) refers to stm32f4xx_it.o(i.SVC_Handler) for SVC_Handler
    startup_stm32f407xx.o(RESET) refers to stm32f4xx_it.o(i.DebugMon_Handler) for DebugMon_Handler
    startup_stm32f407xx.o(RESET) refers to stm32f4xx_it.o(i.PendSV_Handler) for PendSV_Handler
    startup_stm32f407xx.o(RESET) refers to stm32f4xx_it.o(i.SysTick_Handler) for SysTick_Handler
    startup_stm32f407xx.o(RESET) refers to stm32f4xx_it.o(i.USART2_IRQHandler) for USART2_IRQHandler
    startup_stm32f407xx.o(RESET) refers to stm32f4xx_it.o(i.UART4_IRQHandler) for UART4_IRQHandler
    startup_stm32f407xx.o(RESET) refers to stm32f4xx_it.o(i.OTG_FS_IRQHandler) for OTG_FS_IRQHandler
    startup_stm32f407xx.o(.text) refers to system_stm32f4xx.o(i.SystemInit) for SystemInit
    startup_stm32f407xx.o(.text) refers to entry.o(.ARM.Collect$$$$00000000) for __main
    sensore.o(i.get_OBJ_MEAS_Data) refers to stm32f4xx_hal_adc.o(i.HAL_ADC_Start) for HAL_ADC_Start
    sensore.o(i.get_OBJ_MEAS_Data) refers to stm32f4xx_hal_adc.o(i.HAL_ADC_PollForConversion) for HAL_ADC_PollForConversion
    sensore.o(i.get_OBJ_MEAS_Data) refers to stm32f4xx_hal_adc.o(i.HAL_ADC_GetValue) for HAL_ADC_GetValue
    sensore.o(i.get_OBJ_MEAS_Data) refers to stm32f4xx_hal_adc.o(i.HAL_ADC_Stop) for HAL_ADC_Stop
    sensore.o(i.get_OBJ_MEAS_Data) refers to main.o(.bss) for hadc1
    sensore.o(i.read_sensor_data) refers to sensore.o(i.get_OBJ_MEAS_Data) for get_OBJ_MEAS_Data
    sensore.o(i.read_sensor_data) refers to stm32f4xx_hal_gpio.o(i.HAL_GPIO_ReadPin) for HAL_GPIO_ReadPin
    sensore.o(i.read_sensor_data) refers to stm32f4xx_hal_uart.o(i.HAL_UART_Transmit) for HAL_UART_Transmit
    sensore.o(i.read_sensor_data) refers to main.o(.bss) for huart4
    stepmotor.o(i.calc_Delays) refers to stepmotor.o(.data) for .data
    stepmotor.o(i.calc_Delays) refers to stepmotor.o(.bss) for .bss
    stepmotor.o(i.go_HOME) refers to stepmotor.o(i.go_HOME_Z) for go_HOME_Z
    stepmotor.o(i.go_HOME) refers to stepmotor.o(i.go_HOME_X) for go_HOME_X
    stepmotor.o(i.go_HOME) refers to stepmotor.o(i.go_HOME_Y) for go_HOME_Y
    stepmotor.o(i.go_HOME_X) refers to stepmotor.o(i.set_DIR_X_rear) for set_DIR_X_rear
    stepmotor.o(i.go_HOME_X) refers to stepmotor.o(i.step_X) for step_X
    stepmotor.o(i.go_HOME_X) refers to stm32f4xx_hal_gpio.o(i.HAL_GPIO_ReadPin) for HAL_GPIO_ReadPin
    stepmotor.o(i.go_HOME_X) refers to stepmotor.o(i.set_DIR_X_front) for set_DIR_X_front
    stepmotor.o(i.go_HOME_X) refers to stepmotor.o(i.move_HEAD_X) for move_HEAD_X
    stepmotor.o(i.go_HOME_X) refers to stepmotor.o(.bss) for .bss
    stepmotor.o(i.go_HOME_X) refers to stepmotor.o(.data) for .data
    stepmotor.o(i.go_HOME_Y) refers to stepmotor.o(i.set_DIR_Y_rear) for set_DIR_Y_rear
    stepmotor.o(i.go_HOME_Y) refers to stepmotor.o(i.step_Y) for step_Y
    stepmotor.o(i.go_HOME_Y) refers to stm32f4xx_hal_gpio.o(i.HAL_GPIO_ReadPin) for HAL_GPIO_ReadPin
    stepmotor.o(i.go_HOME_Y) refers to stepmotor.o(i.set_DIR_Y_front) for set_DIR_Y_front
    stepmotor.o(i.go_HOME_Y) refers to stepmotor.o(i.move_HEAD_Y) for move_HEAD_Y
    stepmotor.o(i.go_HOME_Y) refers to stepmotor.o(.bss) for .bss
    stepmotor.o(i.go_HOME_Y) refers to stepmotor.o(.data) for .data
    stepmotor.o(i.go_HOME_Z) refers to stepmotor.o(i.set_DIR_Z_rear) for set_DIR_Z_rear
    stepmotor.o(i.go_HOME_Z) refers to stepmotor.o(i.step_Z) for step_Z
    stepmotor.o(i.go_HOME_Z) refers to stm32f4xx_hal_gpio.o(i.HAL_GPIO_ReadPin) for HAL_GPIO_ReadPin
    stepmotor.o(i.go_HOME_Z) refers to stepmotor.o(i.set_DIR_Z_front) for set_DIR_Z_front
    stepmotor.o(i.go_HOME_Z) refers to stepmotor.o(i.move_HEAD_Z) for move_HEAD_Z
    stepmotor.o(i.go_HOME_Z) refers to stepmotor.o(.bss) for .bss
    stepmotor.o(i.go_HOME_Z) refers to stepmotor.o(.data) for .data
    stepmotor.o(i.go_TO_SOL01_0) refers to stepmotor.o(i.move_HEAD_TO) for move_HEAD_TO
    stepmotor.o(i.go_TO_SOL01_0) refers to stepmotor.o(.data) for .data
    stepmotor.o(i.go_TO_SOL02_0) refers to stepmotor.o(i.move_HEAD_TO) for move_HEAD_TO
    stepmotor.o(i.go_TO_SOL02_0) refers to stepmotor.o(.data) for .data
[...]
    i.USBD_ClrClassConfig                    0x08002b48   Section        0  usbd_core.o(i.USBD_ClrClassConfig)
    i.USBD_CtlContinueRx                     0x08002b58   Section        0  usbd_ioreq.o(i.USBD_CtlContinueRx)
    i.USBD_CtlContinueSendData               0x08002b68   Section        0  usbd_ioreq.o(i.USBD_CtlContinueSendData)
    i.USBD_CtlError                          0x08002b78   Section        0  usbd_ctlreq.o(i.USBD_CtlError)
    i.USBD_CtlPrepareRx                      0x08002b8e   Section        0  usbd_ioreq.o(i.USBD_CtlPrepareRx)
    i.USBD_CtlReceiveStatus                  0x08002bac   Section        0  usbd_ioreq.o(i.USBD_CtlReceiveStatus)
    i.USBD_CtlSendData                       0x08002bc2   Section        0  usbd_ioreq.o(i.USBD_CtlSendData)
    i.USBD_CtlSendStatus                     0x08002bdc   Section        0  usbd_ioreq.o(i.USBD_CtlSendStatus)
    i.USBD_DFU_DeInit                        0x08002bf2   Section        0  usbd_dfu.o(i.USBD_DFU_DeInit)
    USBD_DFU_DeInit                          0x08002bf3   Thumb Code    62  usbd_dfu.o(i.USBD_DFU_DeInit)
    i.USBD_DFU_EP0_RxReady                   0x08002c30   Section        0  usbd_dfu.o(i.USBD_DFU_EP0_RxReady)
    USBD_DFU_EP0_RxReady                     0x08002c31   Thumb Code     4  usbd_dfu.o(i.USBD_DFU_EP0_RxReady)
    i.USBD_DFU_EP0_TxReady                   0x08002c34   Section        0  usbd_dfu.o(i.USBD_DFU_EP0_TxReady)
    USBD_DFU_EP0_TxReady                     0x08002c35   Thumb Code   208  usbd_dfu.o(i.USBD_DFU_EP0_TxReady)
    i.USBD_DFU_GetCfgDesc                    0x08002d04   Section        0  usbd_dfu.o(i.USBD_DFU_GetCfgDesc)
    USBD_DFU_GetCfgDesc                      0x08002d05   Thumb Code     8  usbd_dfu.o(i.USBD_DFU_GetCfgDesc)
    i.USBD_DFU_GetDeviceQualifierDesc        0x08002d10   Section        0  usbd_dfu.o(i.USBD_DFU_GetDeviceQualifierDesc)
    USBD_DFU_GetDeviceQualifierDesc          0x08002d11   Thumb Code     8  usbd_dfu.o(i.USBD_DFU_GetDeviceQualifierDesc)
    i.USBD_DFU_Init                          0x08002d1c   Section        0  usbd_dfu.o(i.USBD_DFU_Init)
    USBD_DFU_Init                            0x08002d1d   Thumb Code    78  usbd_dfu.o(i.USBD_DFU_Init)
    i.USBD_DFU_RegisterMedia                 0x08002d6a   Section        0  usbd_dfu.o(i.USBD_DFU_RegisterMedia)
    i.USBD_DFU_SOF                           0x08002d78   Section        0  usbd_dfu.o(i.USBD_DFU_SOF)
    USBD_DFU_SOF                             0x08002d79   Thumb Code     4  usbd_dfu.o(i.USBD_DFU_SOF)
    i.USBD_DFU_Setup                         0x08002d7c   Section        0  usbd_dfu.o(i.USBD_DFU_Setup)
    USBD_DFU_Setup                           0x08002d7d   Thumb Code   344  usbd_dfu.o(i.USBD_DFU_Setup)
    i.USBD_FS_ConfigStrDescriptor            0x08002ed8   Section        0  usbd_desc.o(i.USBD_FS_ConfigStrDescriptor)
    i.USBD_FS_DeviceDescriptor               0x08002ef8   Section        0  usbd_desc.o(i.USBD_FS_DeviceDescriptor)
    i.USBD_FS_InterfaceStrDescriptor         0x08002f04   Section        0  usbd_desc.o(i.USBD_FS_InterfaceStrDescriptor)
    i.USBD_FS_LangIDStrDescriptor            0x08002f28   Section        0  usbd_desc.o(i.USBD_FS_LangIDStrDescriptor)
    i.USBD_FS_ManufacturerStrDescriptor      0x08002f34   Section        0  usbd_desc.o(i.USBD_FS_ManufacturerStrDescriptor)
    i.USBD_FS_ProductStrDescriptor           0x08002f5c   Section        0  usbd_desc.o(i.USBD_FS_ProductStrDescriptor)
    i.USBD_FS_SerialStrDescriptor            0x08002f90   Section        0  usbd_desc.o(i.USBD_FS_SerialStrDescriptor)
    i.USBD_GetDescriptor                     0x08002fc8   Section        0  usbd_ctlreq.o(i.USBD_GetDescriptor)
    USBD_GetDescriptor                       0x08002fc9   Thumb Code   230  usbd_ctlreq.o(i.USBD_GetDescriptor)
    i.USBD_GetString                         0x080030ae   Section        0  usbd_ctlreq.o(i.USBD_GetString)
    i.USBD_Get_USB_Status                    0x080030f6   Section        0  usbd_conf.o(i.USBD_Get_USB_Status)
    i.USBD_Init                              0x0800310e   Section        0  usbd_core.o(i.USBD_Init)
    i.USBD_LL_ClearStallEP                   0x08003142   Section        0  usbd_conf.o(i.USBD_LL_ClearStallEP)
    i.USBD_LL_DataInStage                    0x08003154   Section        0  usbd_core.o(i.USBD_LL_DataInStage)
    i.USBD_LL_DataOutStage                   0x080031fe   Section        0  usbd_core.o(i.USBD_LL_DataOutStage)
    i.USBD_LL_DevConnected                   0x0800326c   Section        0  usbd_core.o(i.USBD_LL_DevConnected)
    i.USBD_LL_DevDisconnected                0x08003270   Section        0  usbd_core.o(i.USBD_LL_DevDisconnected)
    i.USBD_LL_Init                           0x08003288   Section        0  usbd_conf.o(i.USBD_LL_Init)
    i.USBD_LL_IsStallEP                      0x080032e8   Section        0  usbd_conf.o(i.USBD_LL_IsStallEP)
    i.USBD_LL_IsoINIncomplete                0x08003308   Section        0  usbd_core.o(i.USBD_LL_IsoINIncomplete)
    i.USBD_LL_IsoOUTIncomplete               0x0800330c   Section        0  usbd_core.o(i.USBD_LL_IsoOUTIncomplete)
    i.USBD_LL_OpenEP                         0x08003310   Section        0  usbd_conf.o(i.USBD_LL_OpenEP)
    i.USBD_LL_PrepareReceive                 0x08003328   Section        0  usbd_conf.o(i.USBD_LL_PrepareReceive)
    i.USBD_LL_Reset                          0x0800333a   Section        0  usbd_core.o(i.USBD_LL_Reset)
    i.USBD_LL_Resume                         0x0800338c   Section        0  usbd_core.o(i.USBD_LL_Resume)
    i.USBD_LL_SOF                            0x080033a0   Section        0  usbd_core.o(i.USBD_LL_SOF)
    i.USBD_LL_SetSpeed                       0x080033b8   Section        0  usbd_core.o(i.USBD_LL_SetSpeed)
    i.USBD_LL_SetUSBAddress                  0x080033be   Section        0  usbd_conf.o(i.USBD_LL_SetUSBAddress)
    i.USBD_LL_SetupStage                     0x080033d0   Section        0  usbd_core.o(i.USBD_LL_SetupStage)
    i.USBD_LL_StallEP                        0x08003430   Section        0  usbd_conf.o(i.USBD_LL_StallEP)
    i.USBD_LL_Start                          0x08003442   Section        0  usbd_conf.o(i.USBD_LL_Start)
    i.USBD_LL_Stop                           0x08003454   Section        0  usbd_conf.o(i.USBD_LL_Stop)
    i.USBD_LL_Suspend                        0x08003466   Section        0  usbd_core.o(i.USBD_LL_Suspend)
    i.USBD_LL_Transmit                       0x08003478   Section        0  usbd_conf.o(i.USBD_LL_Transmit)
    i.USBD_ParseSetupRequest                 0x0800348a   Section        0  usbd_ctlreq.o(i.USBD_ParseSetupRequest)
    i.USBD_RegisterClass                     0x080034b6   Section        0  usbd_core.o(i.USBD_RegisterClass)
    i.USBD_SetClassConfig                    0x080034d8   Section        0  usbd_core.o(i.USBD_SetClassConfig)
    i.USBD_SetConfig                         0x080034ec   Section        0  usbd_ctlreq.o(i.USBD_SetConfig)
    USBD_SetConfig                           0x080034ed   Thumb Code   182  usbd_ctlreq.o(i.USBD_SetConfig)
    i.USBD_Start                             0x080035a8   Section        0  usbd_core.o(i.USBD_Start)
    i.USBD_StdDevReq                         0x080035ac   Section        0  usbd_ctlreq.o(i.USBD_StdDevReq)
    i.USBD_StdEPReq                          0x080036c0   Section        0  usbd_ctlreq.o(i.USBD_StdEPReq)
    i.USBD_StdItfReq                         0x0800380c   Section        0  usbd_ctlreq.o(i.USBD_StdItfReq)
    i.USBD_Stop                              0x0800385e   Section        0  usbd_core.o(i.USBD_Stop)
    i.USB_ActivateEndpoint                   0x08003888   Section        0  stm32f4xx_ll_usb.o(i.USB_ActivateEndpoint)
    i.USB_ActivateSetup                      0x08003908   Section        0  stm32f4xx_ll_usb.o(i.USB_ActivateSetup)
    i.USB_CoreInit                           0x08003924   Section        0  stm32f4xx_ll_usb.o(i.USB_CoreInit)
    i.USB_CoreReset                          0x08003998   Section        0  stm32f4xx_ll_usb.o(i.USB_CoreReset)
    USB_CoreReset                            0x08003999   Thumb Code    50  stm32f4xx_ll_usb.o(i.USB_CoreReset)
    i.USB_DevConnect                         0x080039d0   Section        0  stm32f4xx_ll_usb.o(i.USB_DevConnect)
    i.USB_DevDisconnect                      0x080039e8   Section        0  stm32f4xx_ll_usb.o(i.USB_DevDisconnect)
    i.USB_DevInit                            0x08003a00   Section        0  stm32f4xx_ll_usb.o(i.USB_DevInit)
    i.USB_DisableGlobalInt                   0x08003b74   Section        0  stm32f4xx_ll_usb.o(i.USB_DisableGlobalInt)
    i.USB_EP0StartXfer                       0x08003b80   Section        0  stm32f4xx_ll_usb.o(i.USB_EP0StartXfer)
    i.USB_EP0_OutStart                       0x08003c98   Section        0  stm32f4xx_ll_usb.o(i.USB_EP0_OutStart)
    i.USB_EPClearStall                       0x08003cf0   Section        0  stm32f4xx_ll_usb.o(i.USB_EPClearStall)
    i.USB_EPSetStall                         0x08003d48   Section        0  stm32f4xx_ll_usb.o(i.USB_EPSetStall)
    i.USB_EPStartXfer                        0x08003da0   Section        0  stm32f4xx_ll_usb.o(i.USB_EPStartXfer)
    i.USB_EnableGlobalInt                    0x08003f88   Section        0  stm32f4xx_ll_usb.o(i.USB_EnableGlobalInt)
    i.USB_FlushRxFifo                        0x08003f94   Section        0  stm32f4xx_ll_usb.o(i.USB_FlushRxFifo)
    i.USB_FlushTxFifo                        0x08003fb4   Section        0  stm32f4xx_ll_usb.o(i.USB_FlushTxFifo)
    i.USB_GetDevSpeed                        0x08003fd8   Section        0  stm32f4xx_ll_usb.o(i.USB_GetDevSpeed)
    i.USB_GetMode                            0x08003ff2   Section        0  stm32f4xx_ll_usb.o(i.USB_GetMode)
    i.USB_ReadDevAllInEpInterrupt            0x08003ffa   Section        0  stm32f4xx_ll_usb.o(i.USB_ReadDevAllInEpInterrupt)
    i.USB_ReadDevAllOutEpInterrupt           0x08004008   Section        0  stm32f4xx_ll_usb.o(i.USB_ReadDevAllOutEpInterrupt)
    i.USB_ReadDevInEPInterrupt               0x08004016   Section        0  stm32f4xx_ll_usb.o(i.USB_ReadDevInEPInterrupt)
    i.USB_ReadDevOutEPInterrupt              0x0800403a   Section        0  stm32f4xx_ll_usb.o(i.USB_ReadDevOutEPInterrupt)
    i.USB_ReadInterrupts                     0x0800404a   Section        0  stm32f4xx_ll_usb.o(i.USB_ReadInterrupts)
    i.USB_ReadPacket                         0x08004052   Section        0  stm32f4xx_ll_usb.o(i.USB_ReadPacket)
    i.USB_SetCurrentMode                     0x0800406e   Section        0  stm32f4xx_ll_usb.o(i.USB_SetCurrentMode)
    i.USB_SetDevAddress                      0x0800409c   Section        0  stm32f4xx_ll_usb.o(i.USB_SetDevAddress)
    i.USB_SetTurnaroundTime                  0x080040c0   Section        0  stm32f4xx_ll_usb.o(i.USB_SetTurnaroundTime)
    i.USB_StopDevice                         0x080041a8   Section        0  stm32f4xx_ll_usb.o(i.USB_StopDevice)
    i.USB_WritePacket                        0x080041ec   Section        0  stm32f4xx_ll_usb.o(i.USB_WritePacket)
    i.UsageFault_Handler                     0x08004210   Section        0  stm32f4xx_it.o(i.UsageFault_Handler)
    i.__NVIC_SetPriority                     0x08004212   Section        0  stm32f4xx_hal_cortex.o(i.__NVIC_SetPriority)
    __NVIC_SetPriority                       0x08004213   Thumb Code    32  stm32f4xx_hal_cortex.o(i.__NVIC_SetPriority)
    i.__scatterload_copy                     0x08004232   Section       14  handlers.o(i.__scatterload_copy)
    i.__scatterload_null                     0x08004240   Section        2  handlers.o(i.__scatterload_null)
    i.__scatterload_zeroinit                 0x08004242   Section       14  handlers.o(i.__scatterload_zeroinit)
    i.calc_Delays                            0x08004250   Section        0  stepmotor.o(i.calc_Delays)
    i.cmd_do                                 0x080042dc   Section        0  commands.o(i.cmd_do)
    i.free                                   0x08004620   Section        0  malloc.o(i.free)
    i.get_OBJ_MEAS_Data                      0x08004670   Section        0  sensore.o(i.get_OBJ_MEAS_Data)
    i.go_HOME                                0x080046a0   Section        0  stepmotor.o(i.go_HOME)
    i.go_HOME_X                              0x080046b4   Section        0  stepmotor.o(i.go_HOME_X)
    i.go_HOME_Y                              0x080047c8   Section        0  stepmotor.o(i.go_HOME_Y)
    i.go_HOME_Z                              0x080048dc   Section        0  stepmotor.o(i.go_HOME_Z)
    i.main                                   0x080049f0   Section        0  main.o(i.main)
    i.malloc                                 0x08004b58   Section        0  malloc.o(i.malloc)
    i.move_HEAD_TO                           0x08004bc4   Section        0  stepmotor.o(i.move_HEAD_TO)
    i.move_HEAD_X                            0x08004bf4   Section        0  stepmotor.o(i.move_HEAD_X)
    i.move_HEAD_Y                            0x08004d14   Section        0  stepmotor.o(i.move_HEAD_Y)
    i.move_HEAD_Y_TO                         0x08004e34   Section        0  stepmotor.o(i.move_HEAD_Y_TO)
    i.move_HEAD_Z                            0x08004e58   Section        0  stepmotor.o(i.move_HEAD_Z)
    i.move_HEAD_Z_TO                         0x08004f78   Section        0  stepmotor.o(i.move_HEAD_Z_TO)
    i.scan_PIPE                              0x08004f9c   Section        0  stepmotor.o(i.scan_PIPE)
    i.search_PIPE                            0x080050e4   Section        0  stepmotor.o(i.search_PIPE)
    i.set_DIR_X_front                        0x08005358   Section        0  stepmotor.o(i.set_DIR_X_front)
    i.set_DIR_X_rear                         0x08005378   Section        0  stepmotor.o(i.set_DIR_X_rear)
    i.set_DIR_Y_front                        0x08005398   Section        0  stepmotor.o(i.set_DIR_Y_front)
    i.set_DIR_Y_rear                         0x080053b8   Section        0  stepmotor.o(i.set_DIR_Y_rear)
    i.set_DIR_Z_front                        0x080053d8   Section        0  stepmotor.o(i.set_DIR_Z_front)
    i.set_DIR_Z_rear                         0x080053f8   Section        0  stepmotor.o(i.set_DIR_Z_rear)
    i.step_X                                 0x08005418   Section        0  stepmotor.o(i.step_X)
    i.step_Y                                 0x08005448   Section        0  stepmotor.o(i.step_Y)
    i.step_Z                                 0x0800547c   Section        0  stepmotor.o(i.step_Z)
    .constdata                               0x080054ac   Section      196  main.o(.constdata)
    .constdata                               0x08005570   Section       16  system_stm32f4xx.o(.constdata)
    .constdata                               0x08005580   Section        8  system_stm32f4xx.o(.constdata)
    .conststring                             0x08005588   Section       93  usbd_dfu_if.o(.conststring)
    .data                                    0x20000000   Section       84  stepmotor.o(.data)
    .data                                    0x20000054   Section        1  solenoids.o(.data)
    .data                                    0x20000055   Section        1  solenoids.o(.data)
    .data                                    0x20000056   Section       23  commands.o(.data)
    .data                                    0x2000006d   Section        1  commands.o(.data)
    .data                                    0x2000006e   Section        1  commands.o(.data)
    .data                                    0x2000006f   Section        1  commands.o(.data)
    .data                                    0x20000070   Section       28  usbd_desc.o(.data)
    .data                                    0x2000008c   Section       50  usbd_desc.o(.data)
    .data                                    0x200000c0   Section       28  usbd_dfu_if.o(.data)
    .data                                    0x200000dc   Section       12  stm32f4xx_hal.o(.data)
    .data                                    0x200000e8   Section        4  system_stm32f4xx.o(.data)
    .data                                    0x200000ec   Section        1  usbd_ctlreq.o(.data)
    cfgidx                                   0x200000ec   Data           1  usbd_ctlreq.o(.data)
    .data                                    0x200000f0   Section       56  usbd_dfu.o(.data)
    .data                                    0x20000128   Section       38  usbd_dfu.o(.data)
    USBD_DFU_CfgDesc                         0x20000128   Data          27  usbd_dfu.o(.data)
    USBD_DFU_DeviceQualifierDesc             0x20000144   Data          10  usbd_dfu.o(.data)
    .data                                    0x20000150   Section        4  mvars.o(.data)
    .data                                    0x20000154   Section        4  mvars.o(.data)
    .bss                                     0x20000158   Section     2040  stepmotor.o(.bss)
    .bss                                     0x20000950   Section     1020  commands.o(.bss)
    .bss                                     0x20000d4c   Section      264  main.o(.bss)
    .bss                                     0x20000e54   Section      720  usb_device.o(.bss)
    .bss                                     0x20001124   Section     1032  usbd_conf.o(.bss)
    .bss                                     0x2000152c   Section      512  usbd_desc.o(.bss)
    HEAP                                     0x20001730   Section     8192  startup_stm32f407xx.o(HEAP)
    STACK                                    0x20003730   Section    16384  startup_stm32f407xx.o(STACK)

    Global Symbols

    Symbol Name                              Value     Ov Type        Size  Object(Section)

    BuildAttributes$$THM_ISAv4$E$P$D$K$B$S$7EM$VFPi3$EXTD16$VFPS$VFMA$PE$A:L22UL41UL21$X:L11$S22US41US21$IEEE1$IW$USESV6$~STKCKD$USESV7$~SHL$OSPACE$EBA8$MICROLIB$REQ8$PRES8$EABIv2 0x00000000   Number         0  anon$$obj.o ABSOLUTE
    __ARM_use_no_argv                        0x00000000   Number         0  main.o ABSOLUTE
    __cpp_initialize__aeabi_                  - Undefined Weak Reference
    __cxa_finalize                            - Undefined Weak Reference
    _clock_init                               - Undefined Weak Reference
    _microlib_exit                            - Undefined Weak Reference
    __Vectors_Size                           0x00000188   Number         0  startup_stm32f407xx.o ABSOLUTE
    __Vectors                                0x08000000   Data           4  startup_stm32f407xx.o(RESET)
    __Vectors_End                            0x08000188   Data           0  startup_stm32f407xx.o(RESET)
    __main                                   0x08000189   Thumb Code     0  entry.o(.ARM.Collect$$$$00000000)
    _main_stk                                0x08000189   Thumb Code     0  entry2.o(.ARM.Collect$$$$00000001)
    _main_scatterload                        0x0800018d   Thumb Code     0  entry5.o(.ARM.Collect$$$$00000004)
    __main_after_scatterload                 0x08000191   Thumb Code     0  entry5.o(.ARM.Collect$$$$00000004)
    _main_clock                              0x08000191   Thumb Code     0  entry7b.o(.ARM.Collect$$$$00000008)
    _main_cpp_init                           0x08000191   Thumb Code     0  entry8b.o(.ARM.Collect$$$$0000000A)
    _main_init                               0x08000191   Thumb Code     0  entry9a.o(.ARM.Collect$$$$0000000B)
    __rt_final_cpp                           0x08000199   Thumb Code     0  entry10a.o(.ARM.Collect$$$$0000000D)
    __rt_final_exit                          0x08000199   Thumb Code     0  entry11a.o(.ARM.Collect$$$$0000000F)
    Reset_Handler                            0x0800019d   Thumb Code     8  startup_stm32f407xx.o(.text)
    ADC_IRQHandler                           0x080001b7   Thumb Code     0  startup_stm32f407xx.o(.text)
    CAN1_RX0_IRQHandler                      0x080001b7   Thumb Code     0  startup_stm32f407xx.o(.text)
    CAN1_RX1_IRQHandler                      0x080001b7   Thumb Code     0  startup_stm32f407xx.o(.text)
    CAN1_SCE_IRQHandler                      0x080001b7   Thumb Code     0  startup_stm32f407xx.o(.text)
    CAN1_TX_IRQHandler                       0x080001b7   Thumb Code     0  startup_stm32f407xx.o(.text)
    CAN2_RX0_IRQHandler                      0x080001b7   Thumb Code     0  startup_stm32f407xx.o(.text)
    CAN2_RX1_IRQHandler                      0x080001b7   Thumb Code     0  startup_stm32f407xx.o(.text)
    CAN2_SCE_IRQHandler                      0x080001b7   Thumb Code     0  startup_stm32f407xx.o(.text)
    CAN2_TX_IRQHandler                       0x080001b7   Thumb Code     0  startup_stm32f407xx.o(.text)
    DCMI_IRQHandler                          0x080001b7   Thumb Code     0  startup_stm32f407xx.o(.text)
    DMA1_Stream0_IRQHandler                  0x080001b7   Thumb Code     0  startup_stm32f407xx.o(.text)
    DMA1_Stream1_IRQHandler                  0x080001b7   Thumb Code     0  startup_stm32f407xx.o(.text)
    DMA1_Stream2_IRQHandler                  0x080001b7   Thumb Code     0  startup_stm32f407xx.o(.text)
    DMA1_Stream3_IRQHandler                  0x080001b7   Thumb Code     0  startup_stm32f407xx.o(.text)
    DMA1_Stream4_IRQHandler                  0x080001b7   Thumb Code     0  startup_stm32f407xx.o(.text)
    DMA1_Stream5_IRQHandler                  0x080001b7   Thumb Code     0  startup_stm32f407xx.o(.text)
    DMA1_Stream6_IRQHandler                  0x080001b7   Thumb Code     0  startup_stm32f407xx.o(.text)
    DMA1_Stream7_IRQHandler                  0x080001b7   Thumb Code     0  startup_stm32f407xx.o(.text)
    DMA2_Stream0_IRQHandler                  0x080001b7   Thumb Code     0  startup_stm32f407xx.o(.text)
    DMA2_Stream1_IRQHandler                  0x080001b7   Thumb Code     0  startup_stm32f407xx.o(.text)
    DMA2_Stream2_IRQHandler                  0x080001b7   Thumb Code     0  startup_stm32f407xx.o(.text)
    DMA2_Stream3_IRQHandler                  0x080001b7   Thumb Code     0  startup_stm32f407xx.o(.text)
    DMA2_Stream4_IRQHandler                  0x080001b7   Thumb Code     0  startup_stm32f407xx.o(.text)
    DMA2_Stream5_IRQHandler                  0x080001b7   Thumb Code     0  startup_stm32f407xx.o(.text)
    DMA2_Stream6_IRQHandler                  0x080001b7   Thumb Code     0  startup_stm32f407xx.o(.text)
    DMA2_Stream7_IRQHandler                  0x080001b7   Thumb Code     0  startup_stm32f407xx.o(.text)
    ETH_IRQHandler                           0x080001b7   Thumb Code     0  startup_stm32f407xx.o(.text)
    ETH_WKUP_IRQHandler                      0x080001b7   Thumb Code     0  startup_stm32f407xx.o(.text)
    EXTI0_IRQHandler                         0x080001b7   Thumb Code     0  startup_stm32f407xx.o(.text)
    EXTI15_10_IRQHandler                     0x080001b7   Thumb Code     0  startup_stm32f407xx.o(.text)
    EXTI1_IRQHandler                         0x080001b7   Thumb Code     0  startup_stm32f407xx.o(.text)
    EXTI2_IRQHandler                         0x080001b7   Thumb Code     0  startup_stm32f407xx.o(.text)
    EXTI3_IRQHandler                         0x080001b7   Thumb Code     0  startup_stm32f407xx.o(.text)
    EXTI4_IRQHandler                         0x080001b7   Thumb Code     0  startup_stm32f407xx.o(.text)
    EXTI9_5_IRQHandler                       0x080001b7   Thumb Code     0  startup_stm32f407xx.o(.text)
    FLASH_IRQHandler                         0x080001b7   Thumb Code     0  startup_stm32f407xx.o(.text)
    FMC_IRQHandler                           0x080001b7   Thumb Code     0  startup_stm32f407xx.o(.text)
    FPU_IRQHandler                           0x080001b7   Thumb Code     0  startup_stm32f407xx.o(.text)
    HASH_RNG_IRQHandler                      0x080001b7   Thumb Code     0  startup_stm32f407xx.o(.text)
    I2C1_ER_IRQHandler                       0x080001b7   Thumb Code     0  startup_stm32f407xx.o(.text)
    I2C1_EV_IRQHandler                       0x080001b7   Thumb Code     0  startup_stm32f407xx.o(.text)
    I2C2_ER_IRQHandler                       0x080001b7   Thumb Code     0  startup_stm32f407xx.o(.text)
    I2C2_EV_IRQHandler                       0x080001b7   Thumb Code     0  startup_stm32f407xx.o(.text)
    I2C3_ER_IRQHandler                       0x080001b7   Thumb Code     0  startup_stm32f407xx.o(.text)
    I2C3_EV_IRQHandler                       0x080001b7   Thumb Code     0  startup_stm32f407xx.o(.text)
    OTG_FS_WKUP_IRQHandler                   0x080001b7   Thumb Code     0  startup_stm32f407xx.o(.text)
    OTG_HS_EP1_IN_IRQHandler                 0x080001b7   Thumb Code     0  startup_stm32f407xx.o(.text)
    OTG_HS_EP1_OUT_IRQHandler                0x080001b7   Thumb Code     0  startup_stm32f407xx.o(.text)
    OTG_HS_IRQHandler                        0x080001b7   Thumb Code     0  startup_stm32f407xx.o(.text)
    OTG_HS_WKUP_IRQHandler                   0x080001b7   Thumb Code     0  startup_stm32f407xx.o(.text)
    PVD_IRQHandler                           0x080001b7   Thumb Code     0  startup_stm32f407xx.o(.text)
    RCC_IRQHandler                           0x080001b7   Thumb Code     0  startup_stm32f407xx.o(.text)
    RTC_Alarm_IRQHandler                     0x080001b7   Thumb Code     0  startup_stm32f407xx.o(.text)
    RTC_WKUP_IRQHandler                      0x080001b7   Thumb Code     0  startup_stm32f407xx.o(.text)
    SDIO_IRQHandler                          0x080001b7   Thumb Code     0  startup_stm32f407xx.o(.text)
    SPI1_IRQHandler                          0x080001b7   Thumb Code     0  startup_stm32f407xx.o(.text)
    SPI2_IRQHandler                          0x080001b7   Thumb Code     0  startup_stm32f407xx.o(.text)
    SPI3_IRQHandler                          0x080001b7   Thumb Code     0  startup_stm32f407xx.o(.text)
    TAMP_STAMP_IRQHandler                    0x080001b7   Thumb Code     0  startup_stm32f407xx.o(.text)
    TIM1_BRK_TIM9_IRQHandler                 0x080001b7   Thumb Code     0  startup_stm32f407xx.o(.text)
    TIM1_CC_IRQHandler                       0x080001b7   Thumb Code     0  startup_stm32f407xx.o(.text)
    TIM1_TRG_COM_TIM11_IRQHandler            0x080001b7   Thumb Code     0  startup_stm32f407xx.o(.text)
    TIM1_UP_TIM10_IRQHandler                 0x080001b7   Thumb Code     0  startup_stm32f407xx.o(.text)
    TIM2_IRQHandler                          0x080001b7   Thumb Code     0  startup_stm32f407xx.o(.text)
    TIM3_IRQHandler                          0x080001b7   Thumb Code     0  startup_stm32f407xx.o(.text)
    TIM4_IRQHandler                          0x080001b7   Thumb Code     0  startup_stm32f407xx.o(.text)
    TIM5_IRQHandler                          0x080001b7   Thumb Code     0  startup_stm32f407xx.o(.text)
    TIM6_DAC_IRQHandler                      0x080001b7   Thumb Code     0  startup_stm32f407xx.o(.text)
    TIM7_IRQHandler                          0x080001b7   Thumb Code     0  startup_stm32f407xx.o(.text)
    TIM8_BRK_TIM12_IRQHandler                0x080001b7   Thumb Code     0  startup_stm32f407xx.o(.text)
    TIM8_CC_IRQHandler                       0x080001b7   Thumb Code     0  startup_stm32f407xx.o(.text)
    TIM8_TRG_COM_TIM14_IRQHandler            0x080001b7   Thumb Code     0  startup_stm32f407xx.o(.text)
    TIM8_UP_TIM13_IRQHandler                 0x080001b7   Thumb Code     0  startup_stm32f407xx.o(.text)
    UART5_IRQHandler                         0x080001b7   Thumb Code     0  startup_stm32f407xx.o(.text)
    USART1_IRQHandler                        0x080001b7   Thumb Code     0  startup_stm32f407xx.o(.text)
    USART3_IRQHandler                        0x080001b7   Thumb Code     0  startup_stm32f407xx.o(.text)
    USART6_IRQHandler                        0x080001b7   Thumb Code     0  startup_stm32f407xx.o(.text)
    WWDG_IRQHandler                          0x080001b7   Thumb Code     0  startup_stm32f407xx.o(.text)
    __aeabi_uldivmod                         0x080001c1   Thumb Code    98  uldiv.o(.text)
    __aeabi_memcpy                           0x08000223   Thumb Code    36  memcpya.o(.text)
    __aeabi_memcpy4                          0x08000223   Thumb Code     0  memcpya.o(.text)
    __aeabi_memcpy8                          0x08000223   Thumb Code     0  memcpya.o(.text)
    __aeabi_memset                           0x08000247   Thumb Code    14  memseta.o(.text)
    __aeabi_memset4                          0x08000247   Thumb Code     0  memseta.o(.text)
    __aeabi_memset8                          0x08000247   Thumb Code     0  memseta.o(.text)
    __aeabi_memclr                           0x08000255   Thumb Code     4  memseta.o(.text)
    __aeabi_memclr4                          0x08000255   Thumb Code     0  memseta.o(.text)
    __aeabi_memclr8                          0x08000255   Thumb Code     0  memseta.o(.text)
    _memset$wrapper                          0x08000259   Thumb Code    18  memseta.o(.text)
    __aeabi_llsl                             0x0800026b   Thumb Code    30  llshl.o(.text)
    _ll_shift_l                              0x0800026b   Thumb Code     0  llshl.o(.text)
    __aeabi_llsr                             0x08000289   Thumb Code    32  llushr.o(.text)
    _ll_ushift_r                             0x08000289   Thumb Code     0  llushr.o(.text)
    __scatterload                            0x080002a9   Thumb Code    28  init.o(.text)
    __scatterload_rt2                        0x080002a9   Thumb Code     0  init.o(.text)
    __decompress                             0x080002cd   Thumb Code     0  __dczerorl2.o(.text)
    __decompress1                            0x080002cd   Thumb Code    86  __dczerorl2.o(.text)
    BusFault_Handler                         0x0800044d   Thumb Code     2  stm32f4xx_it.o(i.BusFault_Handler)
    DebugMon_Handler                         0x0800071f   Thumb Code     2  stm32f4xx_it.o(i.DebugMon_Handler)
    Error_Handler                            0x08000721   Thumb Code     2  main.o(i.Error_Handler)
    HAL_ADC_ConfigChannel                    0x08000725   Thumb Code   316  stm32f4xx_hal_adc.o(i.HAL_ADC_ConfigChannel)
    HAL_ADC_GetValue                         0x08000871   Thumb Code     6  stm32f4xx_hal_adc.o(i.HAL_ADC_GetValue)
    HAL_ADC_Init                             0x08000877   Thumb Code    84  stm32f4xx_hal_adc.o(i.HAL_ADC_Init)
    HAL_ADC_MspInit                          0x080008cd   Thumb Code    84  stm32f4xx_hal_msp.o(i.HAL_ADC_MspInit)
    HAL_ADC_PollForConversion                0x0800092d   Thumb Code   162  stm32f4xx_hal_adc.o(i.HAL_ADC_PollForConversion)
    HAL_ADC_Start                            0x080009d1   Thumb Code   210  stm32f4xx_hal_adc.o(i.HAL_ADC_Start)
    HAL_ADC_Stop                             0x08000abd   Thumb Code    60  stm32f4xx_hal_adc.o(i.HAL_ADC_Stop)
    HAL_DMA_Abort_IT                         0x08000af9   Thumb Code    36  stm32f4xx_hal_dma.o(i.HAL_DMA_Abort_IT)
    HAL_Delay                                0x08000b1d   Thumb Code    32  stm32f4xx_hal.o(i.HAL_Delay)
    HAL_GPIO_Init                            0x08000b41   Thumb Code   394  stm32f4xx_hal_gpio.o(i.HAL_GPIO_Init)
    HAL_GPIO_ReadPin                         0x08000cf9   Thumb Code    10  stm32f4xx_hal_gpio.o(i.HAL_GPIO_ReadPin)
    HAL_GPIO_WritePin                        0x08000d03   Thumb Code    10  stm32f4xx_hal_gpio.o(i.HAL_GPIO_WritePin)
    HAL_GetTick                              0x08000d0d   Thumb Code     6  stm32f4xx_hal.o(i.HAL_GetTick)
    HAL_IncTick                              0x08000d19   Thumb Code    12  stm32f4xx_hal.o(i.HAL_IncTick)
    HAL_Init                                 0x08000d29   Thumb Code    48  stm32f4xx_hal.o(i.HAL_Init)
    HAL_InitTick                             0x08000d5d   Thumb Code    54  stm32f4xx_hal.o(i.HAL_InitTick)
    HAL_MspInit                              0x08000d9d   Thumb Code    42  stm32f4xx_hal_msp.o(i.HAL_MspInit)
    HAL_NVIC_EnableIRQ                       0x08000dcd   Thumb Code    26  stm32f4xx_hal_cortex.o(i.HAL_NVIC_EnableIRQ)
    HAL_NVIC_SetPriority                     0x08000de9   Thumb Code    60  stm32f4xx_hal_cortex.o(i.HAL_NVIC_SetPriority)
    HAL_NVIC_SetPriorityGrouping             0x08000e29   Thumb Code    26  stm32f4xx_hal_cortex.o(i.HAL_NVIC_SetPriorityGrouping)
    HAL_PCDEx_LPM_Callback                   0x08000e4d   Thumb Code     2  stm32f4xx_hal_pcd_ex.o(i.HAL_PCDEx_LPM_Callback)
    HAL_PCDEx_SetRxFiFo                      0x08000e4f   Thumb Code     8  stm32f4xx_hal_pcd_ex.o(i.HAL_PCDEx_SetRxFiFo)
    HAL_PCDEx_SetTxFiFo                      0x08000e57   Thumb Code    68  stm32f4xx_hal_pcd_ex.o(i.HAL_PCDEx_SetTxFiFo)
    HAL_PCD_ConnectCallback                  0x08000e9b   Thumb Code     8  usbd_conf.o(i.HAL_PCD_ConnectCallback)
    HAL_PCD_DataInStageCallback              0x08000ea3   Thumb Code    18  usbd_conf.o(i.HAL_PCD_DataInStageCallback)
    HAL_PCD_DataOutStageCallback             0x08000eb5   Thumb Code    20  usbd_conf.o(i.HAL_PCD_DataOutStageCallback)
    HAL_PCD_DisconnectCallback               0x08000ec9   Thumb Code     8  usbd_conf.o(i.HAL_PCD_DisconnectCallback)
    HAL_PCD_EP_ClrStall                      0x08000ed1   Thumb Code    92  stm32f4xx_hal_pcd.o(i.HAL_PCD_EP_ClrStall)
    HAL_PCD_EP_Open                          0x08000f2d   Thumb Code    96  stm32f4xx_hal_pcd.o(i.HAL_PCD_EP_Open)
    HAL_PCD_EP_Receive                       0x08000f8d   Thumb Code    72  stm32f4xx_hal_pcd.o(i.HAL_PCD_EP_Receive)
    HAL_PCD_EP_SetStall                      0x08000fd5   Thumb Code   116  stm32f4xx_hal_pcd.o(i.HAL_PCD_EP_SetStall)
    HAL_PCD_EP_Transmit                      0x08001049   Thumb Code    64  stm32f4xx_hal_pcd.o(i.HAL_PCD_EP_Transmit)
    HAL_PCD_IRQHandler                       0x08001089   Thumb Code  1070  stm32f4xx_hal_pcd.o(i.HAL_PCD_IRQHandler)
    HAL_PCD_ISOINIncompleteCallback          0x080014bd   Thumb Code     8  usbd_conf.o(i.HAL_PCD_ISOINIncompleteCallback)
    HAL_PCD_ISOOUTIncompleteCallback         0x080014c5   Thumb Code     8  usbd_conf.o(i.HAL_PCD_ISOOUTIncompleteCallback)
    HAL_PCD_Init                             0x080014cd   Thumb Code   226  stm32f4xx_hal_pcd.o(i.HAL_PCD_Init)
    HAL_PCD_MspInit                          0x080015b1   Thumb Code   122  usbd_conf.o(i.HAL_PCD_MspInit)
    HAL_PCD_ResetCallback                    0x08001635   Thumb Code    44  usbd_conf.o(i.HAL_PCD_ResetCallback)
    HAL_PCD_ResumeCallback                   0x08001661   Thumb Code     8  usbd_conf.o(i.HAL_PCD_ResumeCallback)
    HAL_PCD_SOFCallback                      0x08001669   Thumb Code     8  usbd_conf.o(i.HAL_PCD_SOFCallback)
    HAL_PCD_SetAddress                       0x08001671   Thumb Code    40  stm32f4xx_hal_pcd.o(i.HAL_PCD_SetAddress)
    HAL_PCD_SetupStageCallback               0x08001699   Thumb Code    14  usbd_conf.o(i.HAL_PCD_SetupStageCallback)
    HAL_PCD_Start                            0x080016a7   Thumb Code    66  stm32f4xx_hal_pcd.o(i.HAL_PCD_Start)
    HAL_PCD_Stop                             0x080016e9   Thumb Code    60  stm32f4xx_hal_pcd.o(i.HAL_PCD_Stop)
    HAL_PCD_SuspendCallback                  0x08001725   Thumb Code    44  usbd_conf.o(i.HAL_PCD_SuspendCallback)
    HAL_RCC_ClockConfig                      0x08001755   Thumb Code   288  stm32f4xx_hal_rcc.o(i.HAL_RCC_ClockConfig)
    HAL_RCC_GetHCLKFreq                      0x08001889   Thumb Code     6  stm32f4xx_hal_rcc.o(i.HAL_RCC_GetHCLKFreq)
    HAL_RCC_GetPCLK1Freq                     0x08001895   Thumb Code    20  stm32f4xx_hal_rcc.o(i.HAL_RCC_GetPCLK1Freq)
    HAL_RCC_GetPCLK2Freq                     0x080018b5   Thumb Code    20  stm32f4xx_hal_rcc.o(i.HAL_RCC_GetPCLK2Freq)
    HAL_RCC_GetSysClockFreq                  0x080018d5   Thumb Code    66  stm32f4xx_hal_rcc.o(i.HAL_RCC_GetSysClockFreq)
    HAL_RCC_OscConfig                        0x08001921   Thumb Code   840  stm32f4xx_hal_rcc.o(i.HAL_RCC_OscConfig)
    HAL_SYSTICK_Config                       0x08001c7d   Thumb Code    40  stm32f4xx_hal_cortex.o(i.HAL_SYSTICK_Config)
    HAL_TIM_Base_Init                        0x08001ca5   Thumb Code    54  stm32f4xx_hal_tim.o(i.HAL_TIM_Base_Init)
    HAL_TIM_Base_MspInit                     0x08001cdd   Thumb Code    30  stm32f4xx_hal_msp.o(i.HAL_TIM_Base_MspInit)
    HAL_TIM_ConfigClockSource                0x08001d05   Thumb Code   214  stm32f4xx_hal_tim.o(i.HAL_TIM_ConfigClockSource)
    HAL_UART_ErrorCallback                   0x08001ddb   Thumb Code     2  stm32f4xx_hal_uart.o(i.HAL_UART_ErrorCallback)
    HAL_UART_IRQHandler                      0x08001ddd   Thumb Code   270  stm32f4xx_hal_uart.o(i.HAL_UART_IRQHandler)
    HAL_UART_Init                            0x08001ef1   Thumb Code    98  stm32f4xx_hal_uart.o(i.HAL_UART_Init)
    HAL_UART_MspInit                         0x08001f55   Thumb Code   178  stm32f4xx_hal_msp.o(i.HAL_UART_MspInit)
    HAL_UART_Receive_IT                      0x08002019   Thumb Code    82  stm32f4xx_hal_uart.o(i.HAL_UART_Receive_IT)
    HAL_UART_RxCpltCallback                  0x0800206b   Thumb Code     2  stm32f4xx_hal_uart.o(i.HAL_UART_RxCpltCallback)
    HAL_UART_Transmit                        0x0800206d   Thumb Code   186  stm32f4xx_hal_uart.o(i.HAL_UART_Transmit)
    HAL_UART_TxCpltCallback                  0x08002127   Thumb Code     2  stm32f4xx_hal_uart.o(i.HAL_UART_TxCpltCallback)
    HardFault_Handler                        0x08002129   Thumb Code     2  stm32f4xx_it.o(i.HardFault_Handler)
    MX_USB_DEVICE_Init                       0x080022d9   Thumb Code    66  usb_device.o(i.MX_USB_DEVICE_Init)
    MemManage_Handler                        0x0800232d   Thumb Code     2  stm32f4xx_it.o(i.MemManage_Handler)
    NMI_Handler                              0x0800232f   Thumb Code     2  stm32f4xx_it.o(i.NMI_Handler)
    OTG_FS_IRQHandler                        0x08002331   Thumb Code     6  stm32f4xx_it.o(i.OTG_FS_IRQHandler)
    PendSV_Handler                           0x080024ab   Thumb Code     2  stm32f4xx_it.o(i.PendSV_Handler)
    SVC_Handler                              0x080024ad   Thumb Code     2  stm32f4xx_it.o(i.SVC_Handler)
    Sol01_stike                              0x080024b9   Thumb Code   210  solenoids.o(i.Sol01_stike)
    Sol02_stike                              0x08002591   Thumb Code   122  solenoids.o(i.Sol02_stike)
    SysTick_Handler                          0x08002611   Thumb Code     4  stm32f4xx_it.o(i.SysTick_Handler)
    SystemClock_Config                       0x08002615   Thumb Code   124  main.o(i.SystemClock_Config)
    SystemInit                               0x08002699   Thumb Code    22  system_stm32f4xx.o(i.SystemInit)
    TIM_Base_SetConfig                       0x080026b5   Thumb Code   156  stm32f4xx_hal_tim.o(i.TIM_Base_SetConfig)
    TIM_ETR_SetConfig                        0x0800277d   Thumb Code    20  stm32f4xx_hal_tim.o(i.TIM_ETR_SetConfig)
    UART4_IRQHandler                         0x080027e9   Thumb Code   132  stm32f4xx_it.o(i.UART4_IRQHandler)
    USART2_IRQHandler                        0x08002b3d   Thumb Code     6  stm32f4xx_it.o(i.USART2_IRQHandler)
    USBD_ClrClassConfig                      0x08002b49   Thumb Code    16  usbd_core.o(i.USBD_ClrClassConfig)
    USBD_CtlContinueRx                       0x08002b59   Thumb Code    16  usbd_ioreq.o(i.USBD_CtlContinueRx)
    USBD_CtlContinueSendData                 0x08002b69   Thumb Code    16  usbd_ioreq.o(i.USBD_CtlContinueSendData)
    USBD_CtlError                            0x08002b79   Thumb Code    22  usbd_ctlreq.o(i.USBD_CtlError)
    USBD_CtlPrepareRx                        0x08002b8f   Thumb Code    30  usbd_ioreq.o(i.USBD_CtlPrepareRx)
    USBD_CtlReceiveStatus                    0x08002bad   Thumb Code    22  usbd_ioreq.o(i.USBD_CtlReceiveStatus)
    USBD_CtlSendData                         0x08002bc3   Thumb Code    26  usbd_ioreq.o(i.USBD_CtlSendData)
    USBD_CtlSendStatus                       0x08002bdd   Thumb Code    22  usbd_ioreq.o(i.USBD_CtlSendStatus)
    USBD_DFU_RegisterMedia                   0x08002d6b   Thumb Code    14  usbd_dfu.o(i.USBD_DFU_RegisterMedia)
    USBD_FS_ConfigStrDescriptor              0x08002ed9   Thumb Code    16  usbd_desc.o(i.USBD_FS_ConfigStrDescriptor)
    USBD_FS_DeviceDescriptor                 0x08002ef9   Thumb Code     8  usbd_desc.o(i.USBD_FS_DeviceDescriptor)
    USBD_FS_InterfaceStrDescriptor           0x08002f05   Thumb Code    16  usbd_desc.o(i.USBD_FS_InterfaceStrDescriptor)
    USBD_FS_LangIDStrDescriptor              0x08002f29   Thumb Code     8  usbd_desc.o(i.USBD_FS_LangIDStrDescriptor)
    USBD_FS_ManufacturerStrDescriptor        0x08002f35   Thumb Code    16  usbd_desc.o(i.USBD_FS_ManufacturerStrDescriptor)
    USBD_FS_ProductStrDescriptor             0x08002f5d   Thumb Code    16  usbd_desc.o(i.USBD_FS_ProductStrDescriptor)
    USBD_FS_SerialStrDescriptor              0x08002f91   Thumb Code    48  usbd_desc.o(i.USBD_FS_SerialStrDescriptor)
    USBD_GetString                           0x080030af   Thumb Code    72  usbd_ctlreq.o(i.USBD_GetString)
    USBD_Get_USB_Status                      0x080030f7   Thumb Code    24  usbd_conf.o(i.USBD_Get_USB_Status)
    USBD_Init                                0x0800310f   Thumb Code    52  usbd_core.o(i.USBD_Init)
    USBD_LL_ClearStallEP                     0x08003143   Thumb Code    18  usbd_conf.o(i.USBD_LL_ClearStallEP)
    USBD_LL_DataInStage                      0x08003155   Thumb Code   170  usbd_core.o(i.USBD_LL_DataInStage)
    USBD_LL_DataOutStage                     0x080031ff   Thumb Code   110  usbd_core.o(i.USBD_LL_DataOutStage)
    USBD_LL_DevConnected                     0x0800326d   Thumb Code     4  usbd_core.o(i.USBD_LL_DevConnected)
    USBD_LL_DevDisconnected                  0x08003271   Thumb Code    24  usbd_core.o(i.USBD_LL_DevDisconnected)
    USBD_LL_Init                             0x08003289   Thumb Code    90  usbd_conf.o(i.USBD_LL_Init)
    USBD_LL_IsStallEP                        0x080032e9   Thumb Code    32  usbd_conf.o(i.USBD_LL_IsStallEP)
    USBD_LL_IsoINIncomplete                  0x08003309   Thumb Code     4  usbd_core.o(i.USBD_LL_IsoINIncomplete)
    USBD_LL_IsoOUTIncomplete                 0x0800330d   Thumb Code     4  usbd_core.o(i.USBD_LL_IsoOUTIncomplete)
    USBD_LL_OpenEP                           0x08003311   Thumb Code    24  usbd_conf.o(i.USBD_LL_OpenEP)
    USBD_LL_PrepareReceive                   0x08003329   Thumb Code    18  usbd_conf.o(i.USBD_LL_PrepareReceive)
    USBD_LL_Reset                            0x0800333b   Thumb Code    82  usbd_core.o(i.USBD_LL_Reset)
    USBD_LL_Resume                           0x0800338d   Thumb Code    20  usbd_core.o(i.USBD_LL_Resume)
    USBD_LL_SOF                              0x080033a1   Thumb Code    24  usbd_core.o(i.USBD_LL_SOF)
    USBD_LL_SetSpeed                         0x080033b9   Thumb Code     6  usbd_core.o(i.USBD_LL_SetSpeed)
    USBD_LL_SetUSBAddress                    0x080033bf   Thumb Code    18  usbd_conf.o(i.USBD_LL_SetUSBAddress)
    USBD_LL_SetupStage                       0x080033d1   Thumb Code    96  usbd_core.o(i.USBD_LL_SetupStage)
    USBD_LL_StallEP                          0x08003431   Thumb Code    18  usbd_conf.o(i.USBD_LL_StallEP)
    USBD_LL_Start                            0x08003443   Thumb Code    18  usbd_conf.o(i.USBD_LL_Start)
    USBD_LL_Stop                             0x08003455   Thumb Code    18  usbd_conf.o(i.USBD_LL_Stop)
    USBD_LL_Suspend                          0x08003467   Thumb Code    18  usbd_core.o(i.USBD_LL_Suspend)
    USBD_LL_Transmit                         0x08003479   Thumb Code    18  usbd_conf.o(i.USBD_LL_Transmit)
    USBD_ParseSetupRequest                   0x0800348b   Thumb Code    44  usbd_ctlreq.o(i.USBD_ParseSetupRequest)
    USBD_RegisterClass                       0x080034b7   Thumb Code    34  usbd_core.o(i.USBD_RegisterClass)
    USBD_SetClassConfig                      0x080034d9   Thumb Code    20  usbd_core.o(i.USBD_SetClassConfig)
    USBD_Start                               0x080035a9   Thumb Code     4  usbd_core.o(i.USBD_Start)
    USBD_StdDevReq                           0x080035ad   Thumb Code   276  usbd_ctlreq.o(i.USBD_StdDevReq)
    USBD_StdEPReq                            0x080036c1   Thumb Code   332  usbd_ctlreq.o(i.USBD_StdEPReq)
    USBD_StdItfReq                           0x0800380d   Thumb Code    82  usbd_ctlreq.o(i.USBD_StdItfReq)
    USBD_Stop                                0x0800385f   Thumb Code    40  usbd_core.o(i.USBD_Stop)
    USB_ActivateEndpoint                     0x08003889   Thumb Code   122  stm32f4xx_ll_usb.o(i.USB_ActivateEndpoint)
    USB_ActivateSetup                        0x08003909   Thumb Code    28  stm32f4xx_ll_usb.o(i.USB_ActivateSetup)
    USB_CoreInit                             0x08003925   Thumb Code   112  stm32f4xx_ll_usb.o(i.USB_CoreInit)
    USB_DevConnect                           0x080039d1   Thumb Code    24  stm32f4xx_ll_usb.o(i.USB_DevConnect)
    USB_DevDisconnect                        0x080039e9   Thumb Code    24  stm32f4xx_ll_usb.o(i.USB_DevDisconnect)
    USB_DevInit                              0x08003a01   Thumb Code   362  stm32f4xx_ll_usb.o(i.USB_DevInit)
    USB_DisableGlobalInt                     0x08003b75   Thumb Code    12  stm32f4xx_ll_usb.o(i.USB_DisableGlobalInt)
    USB_EP0StartXfer                         0x08003b81   Thumb Code   276  stm32f4xx_ll_usb.o(i.USB_EP0StartXfer)
    USB_EP0_OutStart                         0x08003c99   Thumb Code    84  stm32f4xx_ll_usb.o(i.USB_EP0_OutStart)
    USB_EPClearStall                         0x08003cf1   Thumb Code    88  stm32f4xx_ll_usb.o(i.USB_EPClearStall)
    USB_EPSetStall                           0x08003d49   Thumb Code    88  stm32f4xx_ll_usb.o(i.USB_EPSetStall)
    USB_EPStartXfer                          0x08003da1   Thumb Code   482  stm32f4xx_ll_usb.o(i.USB_EPStartXfer)
    USB_EnableGlobalInt                      0x08003f89   Thumb Code    12  stm32f4xx_ll_usb.o(i.USB_EnableGlobalInt)
    USB_FlushRxFifo                          0x08003f95   Thumb Code    28  stm32f4xx_ll_usb.o(i.USB_FlushRxFifo)
    USB_FlushTxFifo                          0x08003fb5   Thumb Code    32  stm32f4xx_ll_usb.o(i.USB_FlushTxFifo)
    USB_GetDevSpeed                          0x08003fd9   Thumb Code    26  stm32f4xx_ll_usb.o(i.USB_GetDevSpeed)
    USB_GetMode                              0x08003ff3   Thumb Code     8  stm32f4xx_ll_usb.o(i.USB_GetMode)
    USB_ReadDevAllInEpInterrupt              0x08003ffb   Thumb Code    14  stm32f4xx_ll_usb.o(i.USB_ReadDevAllInEpInterrupt)
    USB_ReadDevAllOutEpInterrupt             0x08004009   Thumb Code    14  stm32f4xx_ll_usb.o(i.USB_ReadDevAllOutEpInterrupt)
    USB_ReadDevInEPInterrupt                 0x08004017   Thumb Code    36  stm32f4xx_ll_usb.o(i.USB_ReadDevInEPInterrupt)
    USB_ReadDevOutEPInterrupt                0x0800403b   Thumb Code    16  stm32f4xx_ll_usb.o(i.USB_ReadDevOutEPInterrupt)
    USB_ReadInterrupts                       0x0800404b   Thumb Code     8  stm32f4xx_ll_usb.o(i.USB_ReadInterrupts)
    USB_ReadPacket                           0x08004053   Thumb Code    28  stm32f4xx_ll_usb.o(i.USB_ReadPacket)
    USB_SetCurrentMode                       0x0800406f   Thumb Code    46  stm32f4xx_ll_usb.o(i.USB_SetCurrentMode)
    USB_SetDevAddress                        0x0800409d   Thumb Code    34  stm32f4xx_ll_usb.o(i.USB_SetDevAddress)
    USB_SetTurnaroundTime                    0x080040c1   Thumb Code   158  stm32f4xx_ll_usb.o(i.USB_SetTurnaroundTime)
    USB_StopDevice                           0x080041a9   Thumb Code    68  stm32f4xx_ll_usb.o(i.USB_StopDevice)
    USB_WritePacket                          0x080041ed   Thumb Code    36  stm32f4xx_ll_usb.o(i.USB_WritePacket)
    UsageFault_Handler                       0x08004211   Thumb Code     2  stm32f4xx_it.o(i.UsageFault_Handler)
    __scatterload_copy                       0x08004233   Thumb Code    14  handlers.o(i.__scatterload_copy)
    __scatterload_null                       0x08004241   Thumb Code     2  handlers.o(i.__scatterload_null)
    __scatterload_zeroinit                   0x08004243   Thumb Code    14  handlers.o(i.__scatterload_zeroinit)
    calc_Delays                              0x08004251   Thumb Code   122  stepmotor.o(i.calc_Delays)
    cmd_do                                   0x080042dd   Thumb Code   764  commands.o(i.cmd_do)
    free                                     0x08004621   Thumb Code    76  malloc.o(i.free)
    get_OBJ_MEAS_Data                        0x08004671   Thumb Code    42  sensore.o(i.get_OBJ_MEAS_Data)
    go_HOME                                  0x080046a1   Thumb Code    18  stepmotor.o(i.go_HOME)
    go_HOME_X                                0x080046b5   Thumb Code   262  stepmotor.o(i.go_HOME_X)
    go_HOME_Y                                0x080047c9   Thumb Code   262  stepmotor.o(i.go_HOME_Y)
    go_HOME_Z                                0x080048dd   Thumb Code   262  stepmotor.o(i.go_HOME_Z)
    main                                     0x080049f1   Thumb Code   310  main.o(i.main)
    malloc                                   0x08004b59   Thumb Code    92  malloc.o(i.malloc)
    move_HEAD_TO                             0x08004bc5   Thumb Code    40  stepmotor.o(i.move_HEAD_TO)
    move_HEAD_X                              0x08004bf5   Thumb Code   270  stepmotor.o(i.move_HEAD_X)
    move_HEAD_Y                              0x08004d15   Thumb Code   270  stepmotor.o(i.move_HEAD_Y)
    move_HEAD_Y_TO                           0x08004e35   Thumb Code    26  stepmotor.o(i.move_HEAD_Y_TO)
    move_HEAD_Z                              0x08004e59   Thumb Code   270  stepmotor.o(i.move_HEAD_Z)
    move_HEAD_Z_TO                           0x08004f79   Thumb Code    26  stepmotor.o(i.move_HEAD_Z_TO)
    scan_PIPE                                0x08004f9d   Thumb Code   316  stepmotor.o(i.scan_PIPE)
    search_PIPE                              0x080050e5   Thumb Code   608  stepmotor.o(i.search_PIPE)
    set_DIR_X_front                          0x08005359   Thumb Code    24  stepmotor.o(i.set_DIR_X_front)
    set_DIR_X_rear                           0x08005379   Thumb Code    22  stepmotor.o(i.set_DIR_X_rear)
    set_DIR_Y_front                          0x08005399   Thumb Code    24  stepmotor.o(i.set_DIR_Y_front)
    set_DIR_Y_rear                           0x080053b9   Thumb Code    24  stepmotor.o(i.set_DIR_Y_rear)
    set_DIR_Z_front                          0x080053d9   Thumb Code    24  stepmotor.o(i.set_DIR_Z_front)
    set_DIR_Z_rear                           0x080053f9   Thumb Code    22  stepmotor.o(i.set_DIR_Z_rear)
    step_X                                   0x08005419   Thumb Code    40  stepmotor.o(i.step_X)
    step_Y                                   0x08005449   Thumb Code    42  stepmotor.o(i.step_Y)
    step_Z                                   0x0800547d   Thumb Code    40  stepmotor.o(i.step_Z)
    AHBPrescTable                            0x08005570   Data          16  system_stm32f4xx.o(.constdata)
    APBPrescTable                            0x08005580   Data           8  system_stm32f4xx.o(.constdata)
    Region$$Table$$Base                      0x080055e8   Number         0  anon$$obj.o(Region$$Table)
    Region$$Table$$Limit                     0x08005608   Number         0  anon$$obj.o(Region$$Table)
    N                                        0x20000000   Data           1  stepmotor.o(.data)
    N_Z                                      0x20000001   Data           1  stepmotor.o(.data)
    dir_X                                    0x20000002   Data           1  stepmotor.o(.data)
    dir_Y                                    0x20000003   Data           1  stepmotor.o(.data)
    dir_Z                                    0x20000004   Data           1  stepmotor.o(.data)
    cnt                                      0x20000006   Data           2  stepmotor.o(.data)
    step_Delay                               0x20000008   Data           2  stepmotor.o(.data)
    dF                                       0x2000000a   Data           2  stepmotor.o(.data)
    dF_Z                                     0x2000000c   Data           2  stepmotor.o(.data)
    step_Pulse_Width                         0x20000010   Data           4  stepmotor.o(.data)
    dir_Change_Time                          0x20000014   Data           4  stepmotor.o(.data)
    X                                        0x20000018   Data           4  stepmotor.o(.data)
    Y                                        0x2000001c   Data           4  stepmotor.o(.data)
    Z                                        0x20000020   Data           4  stepmotor.o(.data)
    maxmax                                   0x20000024   Data           4  stepmotor.o(.data)
    minmin                                   0x20000028   Data           4  stepmotor.o(.data)
    Sol01_X                                  0x2000002c   Data           4  stepmotor.o(.data)
    Sol01_Y                                  0x20000030   Data           4  stepmotor.o(.data)
    Sol02_X                                  0x20000034   Data           4  stepmotor.o(.data)
    Sol02_Y                                  0x20000038   Data           4  stepmotor.o(.data)
    Sol03_X                                  0x2000003c   Data           4  stepmotor.o(.data)
    Sol03_Y                                  0x20000040   Data           4  stepmotor.o(.data)
    Reader_X                                 0x20000044   Data           4  stepmotor.o(.data)
    Reader_Y                                 0x20000048   Data           4  stepmotor.o(.data)
    sol02_dx                                 0x2000004c   Data           4  stepmotor.o(.data)
    sol02_dy                                 0x20000050   Data           4  stepmotor.o(.data)
    SOL01_PW                                 0x20000054   Data           1  solenoids.o(.data)
    SOL02_PW                                 0x20000055   Data           1  solenoids.o(.data)
    cnt_Mrk                                  0x20000056   Data           1  commands.o(.data)
    washing_stat                             0x20000057   Data           1  commands.o(.data)
    pipe_scaning_stat                        0x20000058   Data           1  commands.o(.data)
    cmd_rc                                   0x20000059   Data           1  commands.o(.data)
    cmd_er                                   0x2000005a   Data           1  commands.o(.data)
    k                                        0x2000005c   Data           2  commands.o(.data)
    cs_ERRORE                                0x2000005e   Data           5  commands.o(.data)
    cmd                                      0x20000063   Data           5  commands.o(.data)
    data                                     0x20000068   Data           5  commands.o(.data)
    cmd_RX                                   0x2000006d   Data           1  commands.o(.data)
    cnt_RX                                   0x2000006e   Data           1  commands.o(.data)
    cs                                       0x2000006f   Data           1  commands.o(.data)
    FS_Desc                                  0x20000070   Data          28  usbd_desc.o(.data)
    USBD_LangIDDesc                          0x2000008c   Data           4  usbd_desc.o(.data)
    USBD_FS_DeviceDesc                       0x20000090   Data          18  usbd_desc.o(.data)
    USBD_StringSerial                        0x200000a4   Data          26  usbd_desc.o(.data)
    USBD_DFU_fops_FS                         0x200000c0   Data          28  usbd_dfu_if.o(.data)
    uwTickFreq                               0x200000dc   Data           1  stm32f4xx_hal.o(.data)
    uwTickPrio                               0x200000e0   Data           4  stm32f4xx_hal.o(.data)
    uwTick                                   0x200000e4   Data           4  stm32f4xx_hal.o(.data)
    SystemCoreClock                          0x200000e8   Data           4  system_stm32f4xx.o(.data)
    USBD_DFU                                 0x200000f0   Data          56  usbd_dfu.o(.data)
    __microlib_freelist                      0x20000150   Data           4  mvars.o(.data)
    __microlib_freelist_initialised          0x20000154   Data           4  mvars.o(.data)
    delays                                   0x20000158   Data        1020  stepmotor.o(.bss)
    delays_Z                                 0x20000554   Data        1020  stepmotor.o(.bss)
    move_X                                   0x20000950   Data         510  commands.o(.bss)
    move_Y                                   0x20000b4e   Data         510  commands.o(.bss)
    hadc1                                    0x20000d4c   Data          72  main.o(.bss)
    htim12                                   0x20000d94   Data          64  main.o(.bss)
    huart4                                   0x20000dd4   Data          64  main.o(.bss)
    huart2                                   0x20000e14   Data          64  main.o(.bss)
    hUsbDeviceFS                             0x20000e54   Data         720  usb_device.o(.bss)
    hpcd_USB_OTG_FS                          0x20001124   Data        1032  usbd_conf.o(.bss)
    USBD_StrDesc                             0x2000152c   Data         512  usbd_desc.o(.bss)
    __heap_base                              0x20001730   Data           0  startup_stm32f407xx.o(HEAP)
    __heap_limit                             0x20003730   Data           0  startup_stm32f407xx.o(HEAP)
    __initial_sp                             0x20007730   Data           0  startup_stm32f407xx.o(STACK)



==============================================================================

Memory Map of the image

  Image Entry point : 0x08000189

  Load Region LR_IROM1 (Base: 0x08000000, Size: 0x00005760, Max: 0x00080000, ABSOLUTE, COMPRESSED[0x000056a8])

    Execution Region ER_IROM1 (Exec base: 0x08000000, Load base: 0x08000000, Size: 0x00005608, Max: 0x00080000, ABSOLUTE)

    Exec Addr    Load Addr    Size         Type   Attr      Idx    E Section Name        Object

    0x08000000   0x08000000   0x00000188   Data   RO            3    RESET               startup_stm32f407xx.o
    0x08000188   0x08000188   0x00000000   Code   RO         4667  * .ARM.Collect$$$$00000000  mc_w.l(entry.o)
    0x08000188   0x08000188   0x00000004   Code   RO         4706    .ARM.Collect$$$$00000001  mc_w.l(entry2.o)
    0x0800018c   0x0800018c   0x00000004   Code   RO         4709    .ARM.Collect$$$$00000004  mc_w.l(entry5.o)
    0x08000190   0x08000190   0x00000000   Code   RO         4711    .ARM.Collect$$$$00000008  mc_w.l(entry7b.o)
    0x08000190   0x08000190   0x00000000   Code   RO         4713    .ARM.Collect$$$$0000000A  mc_w.l(entry8b.o)
    0x08000190   0x08000190   0x00000008   Code   RO         4714    .ARM.Collect$$$$0000000B  mc_w.l(entry9a.o)
    0x08000198   0x08000198   0x00000000   Code   RO         4716    .ARM.Collect$$$$0000000D  mc_w.l(entry10a.o)
    0x08000198   0x08000198   0x00000000   Code   RO         4718    .ARM.Collect$$$$0000000F  mc_w.l(entry11a.o)
    0x08000198   0x08000198   0x00000004   Code   RO         4707    .ARM.Collect$$$$00002712  mc_w.l(entry2.o)
    0x0800019c   0x0800019c   0x00000024   Code   RO            4    .text               startup_stm32f407xx.o
    0x080001c0   0x080001c0   0x00000062   Code   RO         4670    .text               mc_w.l(uldiv.o)
    0x08000222   0x08000222   0x00000024   Code   RO         4672    .text               mc_w.l(memcpya.o)
    0x08000246   0x08000246   0x00000024   Code   RO         4674    .text               mc_w.l(memseta.o)
    0x0800026a   0x0800026a   0x0000001e   Code   RO         4720    .text               mc_w.l(llshl.o)
    0x08000288   0x08000288   0x00000020   Code   RO         4722    .text               mc_w.l(llushr.o)
    0x080002a8   0x080002a8   0x00000024   Code   RO         4726    .text               mc_w.l(init.o)
    0x080002cc   0x080002cc   0x00000056   Code   RO         4736    .text               mc_w.l(__dczerorl2.o)
    0x08000322   0x08000322   0x00000002   PAD
    0x08000324   0x08000324   0x00000128   Code   RO         2735    i.ADC_Init          stm32f4xx_hal_adc.o
    0x0800044c   0x0800044c   0x00000002   Code   RO          880    i.BusFault_Handler  stm32f4xx_it.o
    0x0800044e   0x0800044e   0x00000002   PAD
    0x08000450   0x08000450   0x00000070   Code   RO         4570    i.DFU_Detach        usbd_dfu.o
    0x080004c0   0x080004c0   0x00000066   Code   RO         4571    i.DFU_Download      usbd_dfu.o
    0x08000526   0x08000526   0x00000002   PAD
    0x08000528   0x08000528   0x000000b0   Code   RO         4572    i.DFU_GetStatus     usbd_dfu.o
    0x080005d8   0x080005d8   0x0000006c   Code   RO         4573    i.DFU_Leave         usbd_dfu.o
    0x08000644   0x08000644   0x000000da   Code   RO         4574    i.DFU_Upload        usbd_dfu.o
    0x0800071e   0x0800071e   0x00000002   Code   RO          881    i.DebugMon_Handler  stm32f4xx_it.o
    0x08000720   0x08000720   0x00000002   Code   RO          428    i.Error_Handler     main.o
    0x08000722   0x08000722   0x00000002   PAD
    0x08000724   0x08000724   0x0000014c   Code   RO         2737    i.HAL_ADC_ConfigChannel  stm32f4xx_hal_adc.o
    0x08000870   0x08000870   0x00000006   Code   RO         2744    i.HAL_ADC_GetValue  stm32f4xx_hal_adc.o
    0x08000876   0x08000876   0x00000054   Code   RO         2746    i.HAL_ADC_Init      stm32f4xx_hal_adc.o
    0x080008ca   0x080008ca   0x00000002   PAD
    0x080008cc   0x080008cc   0x00000060   Code   RO          979    i.HAL_ADC_MspInit   stm32f4xx_hal_msp.o
    0x0800092c   0x0800092c   0x000000a2   Code   RO         2750    i.HAL_ADC_PollForConversion  stm32f4xx_hal_adc.o
    0x080009ce   0x080009ce   0x00000002   PAD
    0x080009d0   0x080009d0   0x000000ec   Code   RO         2752    i.HAL_ADC_Start     stm32f4xx_hal_adc.o
    0x08000abc   0x08000abc   0x0000003c   Code   RO         2755    i.HAL_ADC_Stop      stm32f4xx_hal_adc.o
    0x08000af8   0x08000af8   0x00000024   Code   RO         2063    i.HAL_DMA_Abort_IT  stm32f4xx_hal_dma.o
    0x08000b1c   0x08000b1c   0x00000024   Code   RO         2481    i.HAL_Delay         stm32f4xx_hal.o
    0x08000b40   0x08000b40   0x000001b8   Code   RO         1955    i.HAL_GPIO_Init     stm32f4xx_hal_gpio.o
    0x08000cf8   0x08000cf8   0x0000000a   Code   RO         1957    i.HAL_GPIO_ReadPin  stm32f4xx_hal_gpio.o
    0x08000d02   0x08000d02   0x0000000a   Code   RO         1959    i.HAL_GPIO_WritePin  stm32f4xx_hal_gpio.o
    0x08000d0c   0x08000d0c   0x0000000c   Code   RO         2487    i.HAL_GetTick       stm32f4xx_hal.o
    0x08000d18   0x08000d18   0x00000010   Code   RO         2493    i.HAL_IncTick       stm32f4xx_hal.o
    0x08000d28   0x08000d28   0x00000034   Code   RO         2494    i.HAL_Init          stm32f4xx_hal.o
    0x08000d5c   0x08000d5c   0x00000040   Code   RO         2495    i.HAL_InitTick      stm32f4xx_hal.o
    0x08000d9c   0x08000d9c   0x00000030   Code   RO          980    i.HAL_MspInit       stm32f4xx_hal_msp.o
    0x08000dcc   0x08000dcc   0x0000001a   Code   RO         2344    i.HAL_NVIC_EnableIRQ  stm32f4xx_hal_cortex.o
    0x08000de6   0x08000de6   0x00000002   PAD
    0x08000de8   0x08000de8   0x00000040   Code   RO         2350    i.HAL_NVIC_SetPriority  stm32f4xx_hal_cortex.o
    0x08000e28   0x08000e28   0x00000024   Code   RO         2351    i.HAL_NVIC_SetPriorityGrouping  stm32f4xx_hal_cortex.o
    0x08000e4c   0x08000e4c   0x00000002   Code   RO         1259    i.HAL_PCDEx_LPM_Callback  stm32f4xx_hal_pcd_ex.o
    0x08000e4e   0x08000e4e   0x00000008   Code   RO         1260    i.HAL_PCDEx_SetRxFiFo  stm32f4xx_hal_pcd_ex.o
    0x08000e56   0x08000e56   0x00000044   Code   RO         1261    i.HAL_PCDEx_SetTxFiFo  stm32f4xx_hal_pcd_ex.o
    0x08000e9a   0x08000e9a   0x00000008   Code   RO          543    i.HAL_PCD_ConnectCallback  usbd_conf.o
    0x08000ea2   0x08000ea2   0x00000012   Code   RO          544    i.HAL_PCD_DataInStageCallback  usbd_conf.o
    0x08000eb4   0x08000eb4   0x00000014   Code   RO          545    i.HAL_PCD_DataOutStageCallback  usbd_conf.o
    0x08000ec8   0x08000ec8   0x00000008   Code   RO          546    i.HAL_PCD_DisconnectCallback  usbd_conf.o
    0x08000ed0   0x08000ed0   0x0000005c   Code   RO         1048    i.HAL_PCD_EP_ClrStall  stm32f4xx_hal_pcd.o
    0x08000f2c   0x08000f2c   0x00000060   Code   RO         1051    i.HAL_PCD_EP_Open   stm32f4xx_hal_pcd.o
    0x08000f8c   0x08000f8c   0x00000048   Code   RO         1052    i.HAL_PCD_EP_Receive  stm32f4xx_hal_pcd.o
    0x08000fd4   0x08000fd4   0x00000074   Code   RO         1053    i.HAL_PCD_EP_SetStall  stm32f4xx_hal_pcd.o
    0x08001048   0x08001048   0x00000040   Code   RO         1054    i.HAL_PCD_EP_Transmit  stm32f4xx_hal_pcd.o
    0x08001088   0x08001088   0x00000434   Code   RO         1056    i.HAL_PCD_IRQHandler  stm32f4xx_hal_pcd.o
    0x080014bc   0x080014bc   0x00000008   Code   RO          547    i.HAL_PCD_ISOINIncompleteCallback  usbd_conf.o
    0x080014c4   0x080014c4   0x00000008   Code   RO          548    i.HAL_PCD_ISOOUTIncompleteCallback  usbd_conf.o
    0x080014cc   0x080014cc   0x000000e2   Code   RO         1059    i.HAL_PCD_Init      stm32f4xx_hal_pcd.o
    0x080015ae   0x080015ae   0x00000002   PAD
    0x080015b0   0x080015b0   0x00000084   Code   RO          550    i.HAL_PCD_MspInit   usbd_conf.o
    0x08001634   0x08001634   0x0000002c   Code   RO          551    i.HAL_PCD_ResetCallback  usbd_conf.o
    0x08001660   0x08001660   0x00000008   Code   RO          552    i.HAL_PCD_ResumeCallback  usbd_conf.o
    0x08001668   0x08001668   0x00000008   Code   RO          553    i.HAL_PCD_SOFCallback  usbd_conf.o
    0x08001670   0x08001670   0x00000028   Code   RO         1065    i.HAL_PCD_SetAddress  stm32f4xx_hal_pcd.o
    0x08001698   0x08001698   0x0000000e   Code   RO          554    i.HAL_PCD_SetupStageCallback  usbd_conf.o
    0x080016a6   0x080016a6   0x00000042   Code   RO         1067    i.HAL_PCD_Start     stm32f4xx_hal_pcd.o
    0x080016e8   0x080016e8   0x0000003c   Code   RO         1068    i.HAL_PCD_Stop      stm32f4xx_hal_pcd.o
    0x08001724   0x08001724   0x00000030   Code   RO          555    i.HAL_PCD_SuspendCallback  usbd_conf.o
    0x08001754   0x08001754   0x00000134   Code   RO         1601    i.HAL_RCC_ClockConfig  stm32f4xx_hal_rcc.o
    0x08001888   0x08001888   0x0000000c   Code   RO         1606    i.HAL_RCC_GetHCLKFreq  stm32f4xx_hal_rcc.o
    0x08001894   0x08001894   0x00000020   Code   RO         1608    i.HAL_RCC_GetPCLK1Freq  stm32f4xx_hal_rcc.o
    0x080018b4   0x080018b4   0x00000020   Code   RO         1609    i.HAL_RCC_GetPCLK2Freq  stm32f4xx_hal_rcc.o
    0x080018d4   0x080018d4   0x0000004c   Code   RO         1610    i.HAL_RCC_GetSysClockFreq  stm32f4xx_hal_rcc.o
    0x08001920   0x08001920   0x0000035c   Code   RO         1613    i.HAL_RCC_OscConfig  stm32f4xx_hal_rcc.o
    0x08001c7c   0x08001c7c   0x00000028   Code   RO         2355    i.HAL_SYSTICK_Config  stm32f4xx_hal_cortex.o
    0x08001ca4   0x08001ca4   0x00000036   Code   RO         3009    i.HAL_TIM_Base_Init  stm32f4xx_hal_tim.o
    0x08001cda   0x08001cda   0x00000002   PAD
    0x08001cdc   0x08001cdc   0x00000028   Code   RO          982    i.HAL_TIM_Base_MspInit  stm32f4xx_hal_msp.o
    0x08001d04   0x08001d04   0x000000d6   Code   RO         3018    i.HAL_TIM_ConfigClockSource  stm32f4xx_hal_tim.o
    0x08001dda   0x08001dda   0x00000002   Code   RO         3956    i.HAL_UART_ErrorCallback  stm32f4xx_hal_uart.o
    0x08001ddc   0x08001ddc   0x00000114   Code   RO         3959    i.HAL_UART_IRQHandler  stm32f4xx_hal_uart.o
    0x08001ef0   0x08001ef0   0x00000062   Code   RO         3960    i.HAL_UART_Init     stm32f4xx_hal_uart.o
    0x08001f52   0x08001f52   0x00000002   PAD
    0x08001f54   0x08001f54   0x000000c4   Code   RO          984    i.HAL_UART_MspInit  stm32f4xx_hal_msp.o
    0x08002018   0x08002018   0x00000052   Code   RO         3965    i.HAL_UART_Receive_IT  stm32f4xx_hal_uart.o
    0x0800206a   0x0800206a   0x00000002   Code   RO         3966    i.HAL_UART_RxCpltCallback  stm32f4xx_hal_uart.o
    0x0800206c   0x0800206c   0x000000ba   Code   RO         3968    i.HAL_UART_Transmit  stm32f4xx_hal_uart.o
    0x08002126   0x08002126   0x00000002   Code   RO         3971    i.HAL_UART_TxCpltCallback  stm32f4xx_hal_uart.o
    0x08002128   0x08002128   0x00000002   Code   RO          882    i.HardFault_Handler  stm32f4xx_it.o
    0x0800212a   0x0800212a   0x00000002   PAD
    0x0800212c   0x0800212c   0x00000038   Code   RO          738    i.IntToUnicode      usbd_desc.o
    0x08002164   0x08002164   0x00000004   Code   RO          824    i.MEM_If_DeInit_FS  usbd_dfu_if.o
    0x08002168   0x08002168   0x00000004   Code   RO          825    i.MEM_If_Erase_FS   usbd_dfu_if.o
    0x0800216c   0x0800216c   0x00000004   Code   RO          826    i.MEM_If_GetStatus_FS  usbd_dfu_if.o
    0x08002170   0x08002170   0x00000004   Code   RO          827    i.MEM_If_Init_FS    usbd_dfu_if.o
    0x08002174   0x08002174   0x00000004   Code   RO          828    i.MEM_If_Read_FS    usbd_dfu_if.o
    0x08002178   0x08002178   0x00000004   Code   RO          829    i.MEM_If_Write_FS   usbd_dfu_if.o
    0x0800217c   0x0800217c   0x00000058   Code   RO          429    i.MX_ADC1_Init      main.o
    0x080021d4   0x080021d4   0x00000104   Code   RO          430    i.MX_GPIO_Init      main.o
    0x080022d8   0x080022d8   0x00000054   Code   RO          495    i.MX_USB_DEVICE_Init  usb_device.o
    0x0800232c   0x0800232c   0x00000002   Code   RO          883    i.MemManage_Handler  stm32f4xx_it.o
    0x0800232e   0x0800232e   0x00000002   Code   RO          884    i.NMI_Handler       stm32f4xx_it.o
    0x08002330   0x08002330   0x0000000c   Code   RO          885    i.OTG_FS_IRQHandler  stm32f4xx_it.o
    0x0800233c   0x0800233c   0x000000cc   Code   RO         1070    i.PCD_EP_OutXfrComplete_int  stm32f4xx_hal_pcd.o
    0x08002408   0x08002408   0x000000a2   Code   RO         1071    i.PCD_WriteEmptyTxFifo  stm32f4xx_hal_pcd.o
    0x080024aa   0x080024aa   0x00000002   Code   RO          886    i.PendSV_Handler    stm32f4xx_it.o
    0x080024ac   0x080024ac   0x00000002   Code   RO          887    i.SVC_Handler       stm32f4xx_it.o
    0x080024ae   0x080024ae   0x0000000a   Code   RO         4437    i.SWAPBYTE          usbd_ctlreq.o
    0x080024b8   0x080024b8   0x000000d8   Code   RO          343    i.Sol01_stike       solenoids.o
    0x08002590   0x08002590   0x00000080   Code   RO          344    i.Sol02_stike       solenoids.o
    0x08002610   0x08002610   0x00000004   Code   RO          888    i.SysTick_Handler   stm32f4xx_it.o
    0x08002614   0x08002614   0x00000084   Code   RO          431    i.SystemClock_Config  main.o
    0x08002698   0x08002698   0x0000001c   Code   RO         4262    i.SystemInit        system_stm32f4xx.o
    0x080026b4   0x080026b4   0x000000c8   Code   RO         3097    i.TIM_Base_SetConfig  stm32f4xx_hal_tim.o
    0x0800277c   0x0800277c   0x00000014   Code   RO         3108    i.TIM_ETR_SetConfig  stm32f4xx_hal_tim.o
    0x08002790   0x08002790   0x00000010   Code   RO         3109    i.TIM_ITRx_SetConfig  stm32f4xx_hal_tim.o
    0x080027a0   0x080027a0   0x00000022   Code   RO         3115    i.TIM_TI1_ConfigInputStage  stm32f4xx_hal_tim.o
    0x080027c2   0x080027c2   0x00000024   Code   RO         3117    i.TIM_TI2_ConfigInputStage  stm32f4xx_hal_tim.o
    0x080027e6   0x080027e6   0x00000002   PAD
    0x080027e8   0x080027e8   0x000000a0   Code   RO          889    i.UART4_IRQHandler  stm32f4xx_it.o
    0x08002888   0x08002888   0x00000010   Code   RO         3973    i.UART_DMAAbortOnError  stm32f4xx_hal_uart.o
    0x08002898   0x08002898   0x0000001c   Code   RO         3983    i.UART_EndRxTransfer  stm32f4xx_hal_uart.o
    0x080028b4   0x080028b4   0x00000096   Code   RO         3985    i.UART_Receive_IT   stm32f4xx_hal_uart.o
    0x0800294a   0x0800294a   0x00000002   PAD
    0x0800294c   0x0800294c   0x00000128   Code   RO         3986    i.UART_SetConfig    stm32f4xx_hal_uart.o
    0x08002a74   0x08002a74   0x00000062   Code   RO         3987    i.UART_Transmit_IT  stm32f4xx_hal_uart.o
    0x08002ad6   0x08002ad6   0x00000064   Code   RO         3988    i.UART_WaitOnFlagUntilTimeout  stm32f4xx_hal_uart.o
    0x08002b3a   0x08002b3a   0x00000002   PAD
    0x08002b3c   0x08002b3c   0x0000000c   Code   RO          890    i.USART2_IRQHandler  stm32f4xx_it.o
    0x08002b48   0x08002b48   0x00000010   Code   RO         4299    i.USBD_ClrClassConfig  usbd_core.o
    0x08002b58   0x08002b58   0x00000010   Code   RO         4510    i.USBD_CtlContinueRx  usbd_ioreq.o
    0x08002b68   0x08002b68   0x00000010   Code   RO         4511    i.USBD_CtlContinueSendData  usbd_ioreq.o
    0x08002b78   0x08002b78   0x00000016   Code   RO         4438    i.USBD_CtlError     usbd_ctlreq.o
    0x08002b8e   0x08002b8e   0x0000001e   Code   RO         4512    i.USBD_CtlPrepareRx  usbd_ioreq.o
    0x08002bac   0x08002bac   0x00000016   Code   RO         4513    i.USBD_CtlReceiveStatus  usbd_ioreq.o
    0x08002bc2   0x08002bc2   0x0000001a   Code   RO         4514    i.USBD_CtlSendData  usbd_ioreq.o
    0x08002bdc   0x08002bdc   0x00000016   Code   RO         4515    i.USBD_CtlSendStatus  usbd_ioreq.o
    0x08002bf2   0x08002bf2   0x0000003e   Code   RO         4575    i.USBD_DFU_DeInit   usbd_dfu.o
    0x08002c30   0x08002c30   0x00000004   Code   RO         4576    i.USBD_DFU_EP0_RxReady  usbd_dfu.o
    0x08002c34   0x08002c34   0x000000d0   Code   RO         4577    i.USBD_DFU_EP0_TxReady  usbd_dfu.o
    0x08002d04   0x08002d04   0x0000000c   Code   RO         4578    i.USBD_DFU_GetCfgDesc  usbd_dfu.o
    0x08002d10   0x08002d10   0x0000000c   Code   RO         4579    i.USBD_DFU_GetDeviceQualifierDesc  usbd_dfu.o
    0x08002d1c   0x08002d1c   0x0000004e   Code   RO         4580    i.USBD_DFU_Init     usbd_dfu.o
    0x08002d6a   0x08002d6a   0x0000000e   Code   RO         4581    i.USBD_DFU_RegisterMedia  usbd_dfu.o
    0x08002d78   0x08002d78   0x00000004   Code   RO         4582    i.USBD_DFU_SOF      usbd_dfu.o
    0x08002d7c   0x08002d7c   0x0000015c   Code   RO         4583    i.USBD_DFU_Setup    usbd_dfu.o
    0x08002ed8   0x08002ed8   0x00000020   Code   RO          739    i.USBD_FS_ConfigStrDescriptor  usbd_desc.o
    0x08002ef8   0x08002ef8   0x0000000c   Code   RO          740    i.USBD_FS_DeviceDescriptor  usbd_desc.o
    0x08002f04   0x08002f04   0x00000024   Code   RO          741    i.USBD_FS_InterfaceStrDescriptor  usbd_desc.o
    0x08002f28   0x08002f28   0x0000000c   Code   RO          742    i.USBD_FS_LangIDStrDescriptor  usbd_desc.o
    0x08002f34   0x08002f34   0x00000028   Code   RO          743    i.USBD_FS_ManufacturerStrDescriptor  usbd_desc.o
    0x08002f5c   0x08002f5c   0x00000034   Code   RO          744    i.USBD_FS_ProductStrDescriptor  usbd_desc.o
    0x08002f90   0x08002f90   0x00000038   Code   RO          745    i.USBD_FS_SerialStrDescriptor  usbd_desc.o
    0x08002fc8   0x08002fc8   0x000000e6   Code   RO         4439    i.USBD_GetDescriptor  usbd_ctlreq.o
    0x080030ae   0x080030ae   0x00000048   Code   RO         4440    i.USBD_GetString    usbd_ctlreq.o
    0x080030f6   0x080030f6   0x00000018   Code   RO          556    i.USBD_Get_USB_Status  usbd_conf.o
    0x0800310e   0x0800310e   0x00000034   Code   RO         4301    i.USBD_Init         usbd_core.o
    0x08003142   0x08003142   0x00000012   Code   RO          557    i.USBD_LL_ClearStallEP  usbd_conf.o
    0x08003154   0x08003154   0x000000aa   Code   RO         4302    i.USBD_LL_DataInStage  usbd_core.o
    0x080031fe   0x080031fe   0x0000006e   Code   RO         4303    i.USBD_LL_DataOutStage  usbd_core.o
    0x0800326c   0x0800326c   0x00000004   Code   RO         4304    i.USBD_LL_DevConnected  usbd_core.o
    0x08003270   0x08003270   0x00000018   Code   RO         4305    i.USBD_LL_DevDisconnected  usbd_core.o
    0x08003288   0x08003288   0x00000060   Code   RO          563    i.USBD_LL_Init      usbd_conf.o
    0x080032e8   0x080032e8   0x00000020   Code   RO          564    i.USBD_LL_IsStallEP  usbd_conf.o
    0x08003308   0x08003308   0x00000004   Code   RO         4306    i.USBD_LL_IsoINIncomplete  usbd_core.o
    0x0800330c   0x0800330c   0x00000004   Code   RO         4307    i.USBD_LL_IsoOUTIncomplete  usbd_core.o
    0x08003310   0x08003310   0x00000018   Code   RO          565    i.USBD_LL_OpenEP    usbd_conf.o
    0x08003328   0x08003328   0x00000012   Code   RO          566    i.USBD_LL_PrepareReceive  usbd_conf.o
    0x0800333a   0x0800333a   0x00000052   Code   RO         4308    i.USBD_LL_Reset     usbd_core.o
    0x0800338c   0x0800338c   0x00000014   Code   RO         4309    i.USBD_LL_Resume    usbd_core.o
    0x080033a0   0x080033a0   0x00000018   Code   RO         4310    i.USBD_LL_SOF       usbd_core.o
    0x080033b8   0x080033b8   0x00000006   Code   RO         4311    i.USBD_LL_SetSpeed  usbd_core.o
    0x080033be   0x080033be   0x00000012   Code   RO          567    i.USBD_LL_SetUSBAddress  usbd_conf.o
    0x080033d0   0x080033d0   0x00000060   Code   RO         4312    i.USBD_LL_SetupStage  usbd_core.o
    0x08003430   0x08003430   0x00000012   Code   RO          568    i.USBD_LL_StallEP   usbd_conf.o
    0x08003442   0x08003442   0x00000012   Code   RO          569    i.USBD_LL_Start     usbd_conf.o
    0x08003454   0x08003454   0x00000012   Code   RO          570    i.USBD_LL_Stop      usbd_conf.o
    0x08003466   0x08003466   0x00000012   Code   RO         4313    i.USBD_LL_Suspend   usbd_core.o
    0x08003478   0x08003478   0x00000012   Code   RO          571    i.USBD_LL_Transmit  usbd_conf.o
    0x0800348a   0x0800348a   0x0000002c   Code   RO         4441    i.USBD_ParseSetupRequest  usbd_ctlreq.o
    0x080034b6   0x080034b6   0x00000022   Code   RO         4314    i.USBD_RegisterClass  usbd_core.o
    0x080034d8   0x080034d8   0x00000014   Code   RO         4316    i.USBD_SetClassConfig  usbd_core.o
    0x080034ec   0x080034ec   0x000000bc   Code   RO         4442    i.USBD_SetConfig    usbd_ctlreq.o
    0x080035a8   0x080035a8   0x00000004   Code   RO         4317    i.USBD_Start        usbd_core.o
    0x080035ac   0x080035ac   0x00000114   Code   RO         4443    i.USBD_StdDevReq    usbd_ctlreq.o
    0x080036c0   0x080036c0   0x0000014c   Code   RO         4444    i.USBD_StdEPReq     usbd_ctlreq.o
    0x0800380c   0x0800380c   0x00000052   Code   RO         4445    i.USBD_StdItfReq    usbd_ctlreq.o
    0x0800385e   0x0800385e   0x00000028   Code   RO         4318    i.USBD_Stop         usbd_core.o
    0x08003886   0x08003886   0x00000002   PAD
    0x08003888   0x08003888   0x00000080   Code   RO         1301    i.USB_ActivateEndpoint  stm32f4xx_ll_usb.o
    0x08003908   0x08003908   0x0000001c   Code   RO         1303    i.USB_ActivateSetup  stm32f4xx_ll_usb.o
    0x08003924   0x08003924   0x00000074   Code   RO         1305    i.USB_CoreInit      stm32f4xx_ll_usb.o
    0x08003998   0x08003998   0x00000038   Code   RO         1306    i.USB_CoreReset     stm32f4xx_ll_usb.o
    0x080039d0   0x080039d0   0x00000018   Code   RO         1310    i.USB_DevConnect    stm32f4xx_ll_usb.o
    0x080039e8   0x080039e8   0x00000018   Code   RO         1311    i.USB_DevDisconnect  stm32f4xx_ll_usb.o
    0x08003a00   0x08003a00   0x00000174   Code   RO         1312    i.USB_DevInit       stm32f4xx_ll_usb.o
    0x08003b74   0x08003b74   0x0000000c   Code   RO         1313    i.USB_DisableGlobalInt  stm32f4xx_ll_usb.o
    0x08003b80   0x08003b80   0x00000118   Code   RO         1316    i.USB_EP0StartXfer  stm32f4xx_ll_usb.o
    0x08003c98   0x08003c98   0x00000058   Code   RO         1317    i.USB_EP0_OutStart  stm32f4xx_ll_usb.o
    0x08003cf0   0x08003cf0   0x00000058   Code   RO         1318    i.USB_EPClearStall  stm32f4xx_ll_usb.o
    0x08003d48   0x08003d48   0x00000058   Code   RO         1319    i.USB_EPSetStall    stm32f4xx_ll_usb.o
    0x08003da0   0x08003da0   0x000001e8   Code   RO         1320    i.USB_EPStartXfer   stm32f4xx_ll_usb.o
    0x08003f88   0x08003f88   0x0000000c   Code   RO         1321    i.USB_EnableGlobalInt  stm32f4xx_ll_usb.o
    0x08003f94   0x08003f94   0x00000020   Code   RO         1322    i.USB_FlushRxFifo   stm32f4xx_ll_usb.o
    0x08003fb4   0x08003fb4   0x00000024   Code   RO         1323    i.USB_FlushTxFifo   stm32f4xx_ll_usb.o
    0x08003fd8   0x08003fd8   0x0000001a   Code   RO         1325    i.USB_GetDevSpeed   stm32f4xx_ll_usb.o
    0x08003ff2   0x08003ff2   0x00000008   Code   RO         1327    i.USB_GetMode       stm32f4xx_ll_usb.o
    0x08003ffa   0x08003ffa   0x0000000e   Code   RO         1334    i.USB_ReadDevAllInEpInterrupt  stm32f4xx_ll_usb.o
    0x08004008   0x08004008   0x0000000e   Code   RO         1335    i.USB_ReadDevAllOutEpInterrupt  stm32f4xx_ll_usb.o
    0x08004016   0x08004016   0x00000024   Code   RO         1336    i.USB_ReadDevInEPInterrupt  stm32f4xx_ll_usb.o
    0x0800403a   0x0800403a   0x00000010   Code   RO         1337    i.USB_ReadDevOutEPInterrupt  stm32f4xx_ll_usb.o
    0x0800404a   0x0800404a   0x00000008   Code   RO         1338    i.USB_ReadInterrupts  stm32f4xx_ll_usb.o
    0x08004052   0x08004052   0x0000001c   Code   RO         1339    i.USB_ReadPacket    stm32f4xx_ll_usb.o
    0x0800406e   0x0800406e   0x0000002e   Code   RO         1341    i.USB_SetCurrentMode  stm32f4xx_ll_usb.o
    0x0800409c   0x0800409c   0x00000022   Code   RO         1342    i.USB_SetDevAddress  stm32f4xx_ll_usb.o
    0x080040be   0x080040be   0x00000002   PAD
    0x080040c0   0x080040c0   0x000000e8   Code   RO         1344    i.USB_SetTurnaroundTime  stm32f4xx_ll_usb.o
    0x080041a8   0x080041a8   0x00000044   Code   RO         1345    i.USB_StopDevice    stm32f4xx_ll_usb.o
    0x080041ec   0x080041ec   0x00000024   Code   RO         1347    i.USB_WritePacket   stm32f4xx_ll_usb.o
    0x08004210   0x08004210   0x00000002   Code   RO          891    i.UsageFault_Handler  stm32f4xx_it.o
    0x08004212   0x08004212   0x00000020   Code   RO         2357    i.__NVIC_SetPriority  stm32f4xx_hal_cortex.o
    0x08004232   0x08004232   0x0000000e   Code   RO         4730    i.__scatterload_copy  mc_w.l(handlers.o)
    0x08004240   0x08004240   0x00000002   Code   RO         4731    i.__scatterload_null  mc_w.l(handlers.o)
    0x08004242   0x08004242   0x0000000e   Code   RO         4732    i.__scatterload_zeroinit  mc_w.l(handlers.o)
    0x08004250   0x08004250   0x0000008c   Code   RO          159    i.calc_Delays       stepmotor.o
    0x080042dc   0x080042dc   0x00000344   Code   RO          380    i.cmd_do            commands.o
    0x08004620   0x08004620   0x00000050   Code   RO         4678    i.free              mc_w.l(malloc.o)
    0x08004670   0x08004670   0x00000030   Code   RO           13    i.get_OBJ_MEAS_Data  sensore.o
    0x080046a0   0x080046a0   0x00000012   Code   RO          160    i.go_HOME           stepmotor.o
    0x080046b2   0x080046b2   0x00000002   PAD
    0x080046b4   0x080046b4   0x00000114   Code   RO          161    i.go_HOME_X         stepmotor.o
    0x080047c8   0x080047c8   0x00000114   Code   RO          162    i.go_HOME_Y         stepmotor.o
    0x080048dc   0x080048dc   0x00000114   Code   RO          163    i.go_HOME_Z         stepmotor.o
    0x080049f0   0x080049f0   0x00000168   Code   RO          432    i.main              main.o
    0x08004b58   0x08004b58   0x0000006c   Code   RO         4679    i.malloc            mc_w.l(malloc.o)
    0x08004bc4   0x08004bc4   0x00000030   Code   RO          166    i.move_HEAD_TO      stepmotor.o
    0x08004bf4   0x08004bf4   0x00000120   Code   RO          167    i.move_HEAD_X       stepmotor.o
    0x08004d14   0x08004d14   0x00000120   Code   RO          169    i.move_HEAD_Y       stepmotor.o
    0x08004e34   0x08004e34   0x00000024   Code   RO          170    i.move_HEAD_Y_TO    stepmotor.o
    0x08004e58   0x08004e58   0x00000120   Code   RO          171    i.move_HEAD_Z       stepmotor.o
    0x08004f78   0x08004f78   0x00000024   Code   RO          172    i.move_HEAD_Z_TO    stepmotor.o
    0x08004f9c   0x08004f9c   0x00000148   Code   RO          173    i.scan_PIPE         stepmotor.o
    0x080050e4   0x080050e4   0x00000274   Code   RO          174    i.search_PIPE       stepmotor.o
    0x08005358   0x08005358   0x00000020   Code   RO          175    i.set_DIR_X_front   stepmotor.o
    0x08005378   0x08005378   0x00000020   Code   RO          176    i.set_DIR_X_rear    stepmotor.o
    0x08005398   0x08005398   0x00000020   Code   RO          177    i.set_DIR_Y_front   stepmotor.o
    0x080053b8   0x080053b8   0x00000020   Code   RO          178    i.set_DIR_Y_rear    stepmotor.o
    0x080053d8   0x080053d8   0x00000020   Code   RO          179    i.set_DIR_Z_front   stepmotor.o
    0x080053f8   0x080053f8   0x00000020   Code   RO          180    i.set_DIR_Z_rear    stepmotor.o
    0x08005418   0x08005418   0x00000030   Code   RO          181    i.step_X            stepmotor.o
    0x08005448   0x08005448   0x00000034   Code   RO          182    i.step_Y            stepmotor.o
    0x0800547c   0x0800547c   0x00000030   Code   RO          183    i.step_Z            stepmotor.o
    0x080054ac   0x080054ac   0x000000c4   Data   RO          434    .constdata          main.o
    0x08005570   0x08005570   0x00000010   Data   RO         4263    .constdata          system_stm32f4xx.o
    0x08005580   0x08005580   0x00000008   Data   RO         4264    .constdata          system_stm32f4xx.o
    0x08005588   0x08005588   0x0000005d   Data   RO          830    .conststring        usbd_dfu_if.o
    0x080055e5   0x080055e5   0x00000003   PAD
    0x080055e8   0x080055e8   0x00000020   Data   RO         4728    Region$$Table       anon$$obj.o


    Execution Region RW_IRAM1 (Exec base: 0x20000000, Load base: 0x08005608, Size: 0x00007730, Max: 0x00020000, ABSOLUTE, COMPRESSED[0x000000a0])

    Exec Addr    Load Addr    Size         Type   Attr      Idx    E Section Name        Object

    0x20000000   COMPRESSED   0x00000054   Data   RW          185    .data               stepmotor.o
    0x20000054   COMPRESSED   0x00000001   Data   RW          345    .data               solenoids.o
    0x20000055   COMPRESSED   0x00000001   Data   RW          346    .data               solenoids.o
    0x20000056   COMPRESSED   0x00000017   Data   RW          382    .data               commands.o
    0x2000006d   COMPRESSED   0x00000001   Data   RW          384    .data               commands.o
    0x2000006e   COMPRESSED   0x00000001   Data   RW          385    .data               commands.o
    0x2000006f   COMPRESSED   0x00000001   Data   RW          386    .data               commands.o
    0x20000070   COMPRESSED   0x0000001c   Data   RW          747    .data               usbd_desc.o
    0x2000008c   COMPRESSED   0x00000032   Data   RW          748    .data               usbd_desc.o
    0x200000be   COMPRESSED   0x00000002   PAD
    0x200000c0   COMPRESSED   0x0000001c   Data   RW          831    .data               usbd_dfu_if.o
    0x200000dc   COMPRESSED   0x0000000c   Data   RW         2501    .data               stm32f4xx_hal.o
    0x200000e8   COMPRESSED   0x00000004   Data   RW         4265    .data               system_stm32f4xx.o
    0x200000ec   COMPRESSED   0x00000001   Data   RW         4446    .data               usbd_ctlreq.o
    0x200000ed   COMPRESSED   0x00000003   PAD
    0x200000f0   COMPRESSED   0x00000038   Data   RW         4584    .data               usbd_dfu.o
    0x20000128   COMPRESSED   0x00000026   Data   RW         4585    .data               usbd_dfu.o
    0x2000014e   COMPRESSED   0x00000002   PAD
    0x20000150   COMPRESSED   0x00000004   Data   RW         4724    .data               mc_w.l(mvars.o)
    0x20000154   COMPRESSED   0x00000004   Data   RW         4725    .data               mc_w.l(mvars.o)
    0x20000158        -       0x000007f8   Zero   RW          184    .bss                stepmotor.o
    0x20000950        -       0x000003fc   Zero   RW          381    .bss                commands.o
    0x20000d4c        -       0x00000108   Zero   RW          433    .bss                main.o
    0x20000e54        -       0x000002d0   Zero   RW          496    .bss                usb_device.o
    0x20001124        -       0x00000408   Zero   RW          572    .bss                usbd_conf.o
    0x2000152c        -       0x00000200   Zero   RW          746    .bss                usbd_desc.o
    0x2000172c   COMPRESSED   0x00000004   PAD
    0x20001730        -       0x00002000   Zero   RW            2    HEAP                startup_stm32f407xx.o
    0x20003730        -       0x00004000   Zero   RW            1    STACK               startup_stm32f407xx.o


==============================================================================

Image component sizes


      Code (inc. data)   RO Data    RW Data    ZI Data      Debug   Object Name

       836         72          0         26       1020       2446   commands.o
       842         92        196          0        264       9262   main.o
        48          6          0          0          0     706064   sensore.o
       344         12          0          2          0       2052   solenoids.o
        36          8        392          0      24576        848   startup_stm32f407xx.o
      3266        252          0         84       2040      18410   stepmotor.o
       180         28          0         12          0       9497   stm32f4xx_hal.o
      1176         54          0          0          0       6005   stm32f4xx_hal_adc.o
       198         14          0          0          0      34019   stm32f4xx_hal_cortex.o
        36          0          0          0          0       1235   stm32f4xx_hal_dma.o
       460         46          0          0          0       3103   stm32f4xx_hal_gpio.o
       380         46          0          0          0       3046   stm32f4xx_hal_msp.o
      2274         14          0          0          0      12201   stm32f4xx_hal_pcd.o
        78          0          0          0          0       2449   stm32f4xx_hal_pcd_ex.o
      1320         80          0          0          0       5736   stm32f4xx_hal_rcc.o
       574         44          0          0          0       6287   stm32f4xx_hal_tim.o
      1336         16          0          0          0      10493   stm32f4xx_hal_uart.o
       204         46          0          0          0       5777   stm32f4xx_it.o
      2438        122          0          0          0      23051   stm32f4xx_ll_usb.o
        28          6         24          4          0       1167   system_stm32f4xx.o
        84         18          0          0        720       3355   usb_device.o
       626         20          0          0       1032      14585   usbd_conf.o
       728          0          0          0          0      13305   usbd_core.o
      1256         30          0          1          0      14148   usbd_ctlreq.o
       296        112          0         78        512       6045   usbd_desc.o
      1458         42          0         94          0      15056   usbd_dfu.o
        24          0         93         28          0       3494   usbd_dfu_if.o
       132          0          0          0          0       4592   usbd_ioreq.o

    ----------------------------------------------------------------------
     20690       1180        740        336      30168     937728   Object Totals
         0          0         32          0          0          0   (incl. Generated)
        32          0          3          7          4          0   (incl. Padding)

    ----------------------------------------------------------------------

      Code (inc. data)   RO Data    RW Data    ZI Data      Debug   Library Member Name

        86          0          0          0          0          0   __dczerorl2.o
         0          0          0          0          0          0   entry.o
         0          0          0          0          0          0   entry10a.o
         0          0          0          0          0          0   entry11a.o
         8          4          0          0          0          0   entry2.o
         4          0          0          0          0          0   entry5.o
         0          0          0          0          0          0   entry7b.o
         0          0          0          0          0          0   entry8b.o
         8          4          0          0          0          0   entry9a.o
        30          0          0          0          0          0   handlers.o
        36          8          0          0          0         68   init.o
        30          0          0          0          0         68   llshl.o
        32          0          0          0          0         68   llushr.o
       188         20          0          0          0        160   malloc.o
        36          0          0          0          0         68   memcpya.o
        36          0          0          0          0        108   memseta.o
         0          0          0          8          0          0   mvars.o
        98          0          0          0          0         92   uldiv.o

    ----------------------------------------------------------------------
       594         36          0          8          0        632   Library Totals
         2          0          0          0          0          0   (incl. Padding)

    ----------------------------------------------------------------------

      Code (inc. data)   RO Data    RW Data    ZI Data      Debug   Library Name

       592         36          0          8          0        632   mc_w.l

    ----------------------------------------------------------------------
       594         36          0          8          0        632   Library Totals

    ----------------------------------------------------------------------

==============================================================================


      Code (inc. data)   RO Data    RW Data    ZI Data      Debug   

     21284       1216        740        344      30168     916784   Grand Totals
     21284       1216        740        160      30168     916784   ELF Image Totals (compressed)
     21284       1216        740        160          0          0   ROM Totals

==============================================================================

    Total RO  Size (Code + RO Data)                22024 (  21.51kB)
    Total RW  Size (RW Data + ZI Data)             30512 (  29.80kB)
    Total ROM Size (Code + RO Data + RW Data)      22184 (  21.66kB)

==============================================================================

