<html>
<body>
<pre>
<h1>µVision Build Log</h1>
<h2>Tool Versions:</h2>
IDE-Version: µVision V5.29.0.0
Copyright (C) 2019 ARM Ltd and ARM Germany GmbH. All rights reserved.
License Information: Omar O.Omarov, VKO-Simbol, LIC=----
 
Tool Versions:
Toolchain:       MDK-Lite  Version: 5.29.0.0
Toolchain Path:  C:\Keil_v5\ARM\ARMCC\Bin
C Compiler:      Armcc.exe V5.06 update 6 (build 750)
Assembler:       Armasm.exe V5.06 update 6 (build 750)
Linker/Locator:  ArmLink.exe V5.06 update 6 (build 750)
Library Manager: ArmAr.exe V5.06 update 6 (build 750)
Hex Converter:   FromElf.exe V5.06 update 6 (build 750)
CPU DLL:         SARMCM3.DLL V5.29.0.0
Dialog DLL:      DCM.DLL V1.17.3.0
Target DLL:      STLink\ST-LINKIII-KEIL_SWO.dll V3.0.7.0
Dialog DLL:      TCM.DLL V1.36.5.0
 
<h2>Project:</h2>
C:\Users\O.Omarov\OneDrive\Projects\STM\IKMA_NEW\MDK-ARM\IKMA_NEW.uvprojx
Project File Date:  03/16/2020

<h2>Output:</h2>
*** Using Compiler 'V5.06 update 6 (build 750)', folder: 'C:\Keil_v5\ARM\ARMCC\Bin'
Build target 'IKMA_NEW'
compiling commands.c...
../Inc/commands.h(77): warning:  #1-D: last line of file ends without a newline
  void cmd_do(void);
..\Src\commands.c(98): warning:  #188-D: enumerated type mixed with another type
  					SOL01_PW = cmd[3];
..\Src\commands.c(100): warning:  #188-D: enumerated type mixed with another type
  					SOL02_PW = cmd[3];
..\Src\commands.c(115): warning:  #188-D: enumerated type mixed with another type
  				if (cmd[2]	==	STRIKE_SOL02) Sol02_stike(cmd[3]);
..\Src\commands.c(118): warning:  #188-D: enumerated type mixed with another type
  				if (cmd[2]	==	STRIKE_SOL01) Sol01_stike(cmd[3]);
..\Src\commands.c: 5 warnings, 0 errors
linking...
Program Size: Code=21284 RO-data=740 RW-data=344 ZI-data=30168  
FromELF: creating hex file...
"IKMA_NEW\IKMA_NEW.axf" - 0 Error(s), 5 Warning(s).

<h2>Software Packages used:</h2>

Package Vendor: ARM
                http://www.keil.com/pack/ARM.CMSIS.5.6.0.pack
                ARM.CMSIS.5.6.0
                CMSIS (Cortex Microcontroller Software Interface Standard)
   * Component: CORE Version: 5.3.0

Package Vendor: Keil
                http://www.keil.com/pack/Keil.STM32F4xx_DFP.2.14.0.pack
                Keil.STM32F4xx_DFP.2.14.0
                STMicroelectronics STM32F4 Series Device Support, Drivers and Examples

<h2>Collection of Component include folders:</h2>
  .\RTE\_IKMA_NEW
  C:\Users\O.Omarov\AppData\Local\Arm\Packs\ARM\CMSIS\5.6.0\CMSIS\Core\Include
  C:\Users\O.Omarov\AppData\Local\Arm\Packs\Keil\STM32F4xx_DFP\2.14.0\Drivers\CMSIS\Device\ST\STM32F4xx\Include

<h2>Collection of Component Files used:</h2>

   * Component: ARM::CMSIS:CORE:5.3.0
Build Time Elapsed:  00:00:03
</pre>
</body>
</html>
