Component: ARM Compiler 5.06 update 4 (build 422) Tool: armlink [4d35d2]

==============================================================================

Section Cross References

    startup_stm32f407xx.o(RESET) refers to startup_stm32f407xx.o(STACK) for __initial_sp
    startup_stm32f407xx.o(RESET) refers to startup_stm32f407xx.o(.text) for Reset_Handler
    startup_stm32f407xx.o(RESET) refers to stm32f4xx_it.o(i.NMI_Handler) for NMI_Handler
    startup_stm32f407xx.o(RESET) refers to stm32f4xx_it.o(i.HardFault_Handler) for HardFault_Handler
    startup_stm32f407xx.o(RESET) refers to stm32f4xx_it.o(i.MemManage_Handler) for MemManage_Handler
    startup_stm32f407xx.o(RESET) refers to stm32f4xx_it.o(i.BusFault_Handler) for BusFault_Handler
    startup_stm32f407xx.o(RESET) refers to stm32f4xx_it.o(i.UsageFault_Handler) for UsageFault_Handler
    startup_stm32f407xx.o(RESET) refers to stm32f4xx_it.o(i.SVC_Handler) for SVC_Handler
    startup_stm32f407xx.o(RESET) refers to stm32f4xx_it.o(i.DebugMon_Handler) for DebugMon_Handler
    startup_stm32f407xx.o(RESET) refers to stm32f4xx_it.o(i.PendSV_Handler) for PendSV_Handler
    startup_stm32f407xx.o(RESET) refers to stm32f4xx_it.o(i.SysTick_Handler) for SysTick_Handler
    startup_stm32f407xx.o(RESET) refers to stm32f4xx_it.o(i.USART2_IRQHandler) for USART2_IRQHandler
    startup_stm32f407xx.o(RESET) refers to stm32f4xx_it.o(i.UART4_IRQHandler) for UART4_IRQHandler
    startup_stm32f407xx.o(RESET) refers to stm32f4xx_it.o(i.OTG_FS_IRQHandler) for OTG_FS_IRQHandler
    startup_stm32f407xx.o(.text) refers to system_stm32f4xx.o(i.SystemInit) for SystemInit
    startup_stm32f407xx.o(.text) refers to entry.o(.ARM.Collect$$$$00000000) for __main
    main.o(i.MX_ADC1_Init) refers to stm32f4xx_hal_adc.o(i.HAL_ADC_Init) for HAL_ADC_Init
    main.o(i.MX_ADC1_Init) refers to stm32f4xx_hal_adc.o(i.HAL_ADC_ConfigChannel) for HAL_ADC_ConfigChannel
    main.o(i.MX_ADC1_Init) refers to main.o(.bss) for .bss
    main.o(i.MX_GPIO_Init) refers to memseta.o(.text) for __aeabi_memclr4
    main.o(i.MX_GPIO_Init) refers to stm32f4xx_hal_gpio.o(i.HAL_GPIO_WritePin) for HAL_GPIO_WritePin
    main.o(i.MX_GPIO_Init) refers to stm32f4xx_hal_gpio.o(i.HAL_GPIO_Init) for HAL_GPIO_Init
    main.o(i.SystemClock_Config) refers to memseta.o(.text) for __aeabi_memclr4
    main.o(i.SystemClock_Config) refers to stm32f4xx_hal_rcc.o(i.HAL_RCC_OscConfig) for HAL_RCC_OscConfig
    main.o(i.SystemClock_Config) refers to stm32f4xx_hal_rcc.o(i.HAL_RCC_ClockConfig) for HAL_RCC_ClockConfig
    main.o(i.main) refers to memcpya.o(.text) for __aeabi_memcpy4
    main.o(i.main) refers to stm32f4xx_hal.o(i.HAL_Init) for HAL_Init
    main.o(i.main) refers to main.o(i.SystemClock_Config) for SystemClock_Config
    main.o(i.main) refers to main.o(i.MX_GPIO_Init) for MX_GPIO_Init
    main.o(i.main) refers to main.o(i.MX_ADC1_Init) for MX_ADC1_Init
    main.o(i.main) refers to stm32f4xx_hal_uart.o(i.HAL_UART_Init) for HAL_UART_Init
    main.o(i.main) refers to usb_device.o(i.MX_USB_DEVICE_Init) for MX_USB_DEVICE_Init
    main.o(i.main) refers to stm32f4xx_hal.o(i.HAL_Delay) for HAL_Delay
    main.o(i.main) refers to stm32f4xx_hal_cortex.o(i.HAL_SYSTICK_Config) for HAL_SYSTICK_Config
    main.o(i.main) refers to stepmotor.o(i.calc_Delays) for calc_Delays
    main.o(i.main) refers to stm32f4xx_hal_uart.o(i.HAL_UART_Transmit) for HAL_UART_Transmit
    main.o(i.main) refers to stepmotor.o(i.go_HOME_Z) for go_HOME_Z
    main.o(i.main) refers to stepmotor.o(i.go_HOME_X) for go_HOME_X
    main.o(i.main) refers to stepmotor.o(i.search_PIPE) for search_PIPE
    main.o(i.main) refers to stepmotor.o(i.move_HEAD_X) for move_HEAD_X
    main.o(i.main) refers to main.o(.constdata) for .constdata
    main.o(i.main) refers to main.o(.bss) for .bss
    main.o(i.main) refers to system_stm32f4xx.o(.data) for SystemCoreClock
    main.o(i.main) refers to stepmotor.o(.bss) for delays
    main.o(i.main) refers to stepmotor.o(.data) for N
    usb_device.o(i.MX_USB_DEVICE_Init) refers to usbd_core.o(i.USBD_Init) for USBD_Init
    usb_device.o(i.MX_USB_DEVICE_Init) refers to main.o(i.Error_Handler) for Error_Handler
    usb_device.o(i.MX_USB_DEVICE_Init) refers to usbd_core.o(i.USBD_RegisterClass) for USBD_RegisterClass
    usb_device.o(i.MX_USB_DEVICE_Init) refers to usbd_dfu.o(i.USBD_DFU_RegisterMedia) for USBD_DFU_RegisterMedia
    usb_device.o(i.MX_USB_DEVICE_Init) refers to usbd_core.o(i.USBD_Start) for USBD_Start
    usb_device.o(i.MX_USB_DEVICE_Init) refers to usbd_desc.o(.data) for FS_Desc
    usb_device.o(i.MX_USB_DEVICE_Init) refers to usb_device.o(.bss) for .bss
    usb_device.o(i.MX_USB_DEVICE_Init) refers to usbd_dfu.o(.data) for USBD_DFU
    usb_device.o(i.MX_USB_DEVICE_Init) refers to usbd_dfu_if.o(.data) for USBD_DFU_fops_FS
    usbd_conf.o(i.HAL_PCD_ConnectCallback) refers to usbd_core.o(i.USBD_LL_DevConnected) for USBD_LL_DevConnected
[...]
    i.ADC_Init                               0x080002cc   Section        0  stm32f4xx_hal_adc.o(i.ADC_Init)
    ADC_Init                                 0x080002cd   Thumb Code   284  stm32f4xx_hal_adc.o(i.ADC_Init)
    i.BusFault_Handler                       0x080003f4   Section        0  stm32f4xx_it.o(i.BusFault_Handler)
    i.DFU_Detach                             0x080003f8   Section        0  usbd_dfu.o(i.DFU_Detach)
    DFU_Detach                               0x080003f9   Thumb Code   106  usbd_dfu.o(i.DFU_Detach)
    i.DFU_Download                           0x08000468   Section        0  usbd_dfu.o(i.DFU_Download)
    DFU_Download                             0x08000469   Thumb Code   102  usbd_dfu.o(i.DFU_Download)
    i.DFU_GetStatus                          0x080004d0   Section        0  usbd_dfu.o(i.DFU_GetStatus)
    DFU_GetStatus                            0x080004d1   Thumb Code   178  usbd_dfu.o(i.DFU_GetStatus)
    i.DFU_Leave                              0x08000588   Section        0  usbd_dfu.o(i.DFU_Leave)
    DFU_Leave                                0x08000589   Thumb Code   108  usbd_dfu.o(i.DFU_Leave)
    i.DFU_Upload                             0x08000600   Section        0  usbd_dfu.o(i.DFU_Upload)
    DFU_Upload                               0x08000601   Thumb Code   224  usbd_dfu.o(i.DFU_Upload)
    i.DebugMon_Handler                       0x080006e0   Section        0  stm32f4xx_it.o(i.DebugMon_Handler)
    i.Error_Handler                          0x080006e2   Section        0  main.o(i.Error_Handler)
    i.HAL_ADC_ConfigChannel                  0x080006e4   Section        0  stm32f4xx_hal_adc.o(i.HAL_ADC_ConfigChannel)
    i.HAL_ADC_Init                           0x08000830   Section        0  stm32f4xx_hal_adc.o(i.HAL_ADC_Init)
    i.HAL_ADC_MspInit                        0x08000884   Section        0  stm32f4xx_hal_msp.o(i.HAL_ADC_MspInit)
    i.HAL_DMA_Abort_IT                       0x080008e4   Section        0  stm32f4xx_hal_dma.o(i.HAL_DMA_Abort_IT)
    i.HAL_Delay                              0x08000908   Section        0  stm32f4xx_hal.o(i.HAL_Delay)
    i.HAL_GPIO_Init                          0x0800092c   Section        0  stm32f4xx_hal_gpio.o(i.HAL_GPIO_Init)
    i.HAL_GPIO_ReadPin                       0x08000ae4   Section        0  stm32f4xx_hal_gpio.o(i.HAL_GPIO_ReadPin)
    i.HAL_GPIO_WritePin                      0x08000aee   Section        0  stm32f4xx_hal_gpio.o(i.HAL_GPIO_WritePin)
    i.HAL_GetTick                            0x08000af8   Section        0  stm32f4xx_hal.o(i.HAL_GetTick)
    i.HAL_IncTick                            0x08000b04   Section        0  stm32f4xx_hal.o(i.HAL_IncTick)
    i.HAL_Init                               0x08000b14   Section        0  stm32f4xx_hal.o(i.HAL_Init)
    i.HAL_InitTick                           0x08000b48   Section        0  stm32f4xx_hal.o(i.HAL_InitTick)
    i.HAL_MspInit                            0x08000b88   Section        0  stm32f4xx_hal_msp.o(i.HAL_MspInit)
    i.HAL_NVIC_EnableIRQ                     0x08000bb8   Section        0  stm32f4xx_hal_cortex.o(i.HAL_NVIC_EnableIRQ)
    i.HAL_NVIC_SetPriority                   0x08000bd4   Section        0  stm32f4xx_hal_cortex.o(i.HAL_NVIC_SetPriority)
    i.HAL_NVIC_SetPriorityGrouping           0x08000c14   Section        0  stm32f4xx_hal_cortex.o(i.HAL_NVIC_SetPriorityGrouping)
    i.HAL_PCDEx_LPM_Callback                 0x08000c38   Section        0  stm32f4xx_hal_pcd_ex.o(i.HAL_PCDEx_LPM_Callback)
    i.HAL_PCDEx_SetRxFiFo                    0x08000c3a   Section        0  stm32f4xx_hal_pcd_ex.o(i.HAL_PCDEx_SetRxFiFo)
    i.HAL_PCDEx_SetTxFiFo                    0x08000c42   Section        0  stm32f4xx_hal_pcd_ex.o(i.HAL_PCDEx_SetTxFiFo)
    i.HAL_PCD_ConnectCallback                0x08000c86   Section        0  usbd_conf.o(i.HAL_PCD_ConnectCallback)
    i.HAL_PCD_DataInStageCallback            0x08000c8e   Section        0  usbd_conf.o(i.HAL_PCD_DataInStageCallback)
    i.HAL_PCD_DataOutStageCallback           0x08000ca0   Section        0  usbd_conf.o(i.HAL_PCD_DataOutStageCallback)
    i.HAL_PCD_DisconnectCallback             0x08000cb4   Section        0  usbd_conf.o(i.HAL_PCD_DisconnectCallback)
    i.HAL_PCD_EP_ClrStall                    0x08000cbc   Section        0  stm32f4xx_hal_pcd.o(i.HAL_PCD_EP_ClrStall)
    i.HAL_PCD_EP_Open                        0x08000d18   Section        0  stm32f4xx_hal_pcd.o(i.HAL_PCD_EP_Open)
    i.HAL_PCD_EP_Receive                     0x08000d78   Section        0  stm32f4xx_hal_pcd.o(i.HAL_PCD_EP_Receive)
    i.HAL_PCD_EP_SetStall                    0x08000dc0   Section        0  stm32f4xx_hal_pcd.o(i.HAL_PCD_EP_SetStall)
    i.HAL_PCD_EP_Transmit                    0x08000e34   Section        0  stm32f4xx_hal_pcd.o(i.HAL_PCD_EP_Transmit)
    i.HAL_PCD_IRQHandler                     0x08000e74   Section        0  stm32f4xx_hal_pcd.o(i.HAL_PCD_IRQHandler)
    i.HAL_PCD_ISOINIncompleteCallback        0x080012d8   Section        0  usbd_conf.o(i.HAL_PCD_ISOINIncompleteCallback)
    i.HAL_PCD_ISOOUTIncompleteCallback       0x080012e0   Section        0  usbd_conf.o(i.HAL_PCD_ISOOUTIncompleteCallback)
    i.HAL_PCD_Init                           0x080012e8   Section        0  stm32f4xx_hal_pcd.o(i.HAL_PCD_Init)
    i.HAL_PCD_MspInit                        0x080013cc   Section        0  usbd_conf.o(i.HAL_PCD_MspInit)
    i.HAL_PCD_ResetCallback                  0x08001450   Section        0  usbd_conf.o(i.HAL_PCD_ResetCallback)
    i.HAL_PCD_ResumeCallback                 0x0800147c   Section        0  usbd_conf.o(i.HAL_PCD_ResumeCallback)
    i.HAL_PCD_SOFCallback                    0x08001484   Section        0  usbd_conf.o(i.HAL_PCD_SOFCallback)
    i.HAL_PCD_SetAddress                     0x0800148c   Section        0  stm32f4xx_hal_pcd.o(i.HAL_PCD_SetAddress)
    i.HAL_PCD_SetupStageCallback             0x080014b4   Section        0  usbd_conf.o(i.HAL_PCD_SetupStageCallback)
    i.HAL_PCD_Start                          0x080014c2   Section        0  stm32f4xx_hal_pcd.o(i.HAL_PCD_Start)
    i.HAL_PCD_Stop                           0x08001504   Section        0  stm32f4xx_hal_pcd.o(i.HAL_PCD_Stop)
    i.HAL_PCD_SuspendCallback                0x08001540   Section        0  usbd_conf.o(i.HAL_PCD_SuspendCallback)
    i.HAL_RCC_ClockConfig                    0x08001570   Section        0  stm32f4xx_hal_rcc.o(i.HAL_RCC_ClockConfig)
    i.HAL_RCC_GetHCLKFreq                    0x080016a4   Section        0  stm32f4xx_hal_rcc.o(i.HAL_RCC_GetHCLKFreq)
    i.HAL_RCC_GetPCLK1Freq                   0x080016b0   Section        0  stm32f4xx_hal_rcc.o(i.HAL_RCC_GetPCLK1Freq)
    i.HAL_RCC_GetPCLK2Freq                   0x080016d0   Section        0  stm32f4xx_hal_rcc.o(i.HAL_RCC_GetPCLK2Freq)
    i.HAL_RCC_GetSysClockFreq                0x080016f0   Section        0  stm32f4xx_hal_rcc.o(i.HAL_RCC_GetSysClockFreq)
    i.HAL_RCC_OscConfig                      0x0800173c   Section        0  stm32f4xx_hal_rcc.o(i.HAL_RCC_OscConfig)
    i.HAL_SYSTICK_Config                     0x08001a98   Section        0  stm32f4xx_hal_cortex.o(i.HAL_SYSTICK_Config)
    i.HAL_UART_ErrorCallback                 0x08001ac0   Section        0  stm32f4xx_hal_uart.o(i.HAL_UART_ErrorCallback)
    i.HAL_UART_IRQHandler                    0x08001ac4   Section        0  stm32f4xx_hal_uart.o(i.HAL_UART_IRQHandler)
    i.HAL_UART_Init                          0x08001bd8   Section        0  stm32f4xx_hal_uart.o(i.HAL_UART_Init)
    i.HAL_UART_MspInit                       0x08001c3c   Section        0  stm32f4xx_hal_msp.o(i.HAL_UART_MspInit)
    i.HAL_UART_RxCpltCallback                0x08001d00   Section        0  stm32f4xx_hal_uart.o(i.HAL_UART_RxCpltCallback)
    i.HAL_UART_Transmit                      0x08001d02   Section        0  stm32f4xx_hal_uart.o(i.HAL_UART_Transmit)
    i.HAL_UART_TxCpltCallback                0x08001dbc   Section        0  stm32f4xx_hal_uart.o(i.HAL_UART_TxCpltCallback)
    i.HardFault_Handler                      0x08001dbe   Section        0  stm32f4xx_it.o(i.HardFault_Handler)
    i.IntToUnicode                           0x08001dc0   Section        0  usbd_desc.o(i.IntToUnicode)
    IntToUnicode                             0x08001dc1   Thumb Code    56  usbd_desc.o(i.IntToUnicode)
    i.MEM_If_DeInit_FS                       0x08001df8   Section        0  usbd_dfu_if.o(i.MEM_If_DeInit_FS)
    MEM_If_DeInit_FS                         0x08001df9   Thumb Code     4  usbd_dfu_if.o(i.MEM_If_DeInit_FS)
    i.MEM_If_Erase_FS                        0x08001dfc   Section        0  usbd_dfu_if.o(i.MEM_If_Erase_FS)
    MEM_If_Erase_FS                          0x08001dfd   Thumb Code     4  usbd_dfu_if.o(i.MEM_If_Erase_FS)
    i.MEM_If_GetStatus_FS                    0x08001e00   Section        0  usbd_dfu_if.o(i.MEM_If_GetStatus_FS)
    MEM_If_GetStatus_FS                      0x08001e01   Thumb Code     4  usbd_dfu_if.o(i.MEM_If_GetStatus_FS)
    i.MEM_If_Init_FS                         0x08001e04   Section        0  usbd_dfu_if.o(i.MEM_If_Init_FS)
    MEM_If_Init_FS                           0x08001e05   Thumb Code     4  usbd_dfu_if.o(i.MEM_If_Init_FS)
    i.MEM_If_Read_FS                         0x08001e08   Section        0  usbd_dfu_if.o(i.MEM_If_Read_FS)
    MEM_If_Read_FS                           0x08001e09   Thumb Code     4  usbd_dfu_if.o(i.MEM_If_Read_FS)
    i.MEM_If_Write_FS                        0x08001e0c   Section        0  usbd_dfu_if.o(i.MEM_If_Write_FS)
    MEM_If_Write_FS                          0x08001e0d   Thumb Code     4  usbd_dfu_if.o(i.MEM_If_Write_FS)
    i.MX_ADC1_Init                           0x08001e10   Section        0  main.o(i.MX_ADC1_Init)
    MX_ADC1_Init                             0x08001e11   Thumb Code    74  main.o(i.MX_ADC1_Init)
    i.MX_GPIO_Init                           0x08001e68   Section        0  main.o(i.MX_GPIO_Init)
    MX_GPIO_Init                             0x08001e69   Thumb Code   240  main.o(i.MX_GPIO_Init)
    i.MX_USB_DEVICE_Init                     0x08001f6c   Section        0  usb_device.o(i.MX_USB_DEVICE_Init)
    i.MemManage_Handler                      0x08001fc0   Section        0  stm32f4xx_it.o(i.MemManage_Handler)
    i.NMI_Handler                            0x08001fc2   Section        0  stm32f4xx_it.o(i.NMI_Handler)
    i.OTG_FS_IRQHandler                      0x08001fc4   Section        0  stm32f4xx_it.o(i.OTG_FS_IRQHandler)
    i.PCD_EP_OutXfrComplete_int              0x08001fd0   Section        0  stm32f4xx_hal_pcd.o(i.PCD_EP_OutXfrComplete_int)
    PCD_EP_OutXfrComplete_int                0x08001fd1   Thumb Code   212  stm32f4xx_hal_pcd.o(i.PCD_EP_OutXfrComplete_int)
    i.PCD_WriteEmptyTxFifo                   0x080020ac   Section        0  stm32f4xx_hal_pcd.o(i.PCD_WriteEmptyTxFifo)
    PCD_WriteEmptyTxFifo                     0x080020ad   Thumb Code   162  stm32f4xx_hal_pcd.o(i.PCD_WriteEmptyTxFifo)
    i.PendSV_Handler                         0x0800214e   Section        0  stm32f4xx_it.o(i.PendSV_Handler)
    i.SVC_Handler                            0x08002150   Section        0  stm32f4xx_it.o(i.SVC_Handler)
    i.SysTick_Handler                        0x08002152   Section        0  stm32f4xx_it.o(i.SysTick_Handler)
    i.SystemClock_Config                     0x08002158   Section        0  main.o(i.SystemClock_Config)
    i.SystemInit                             0x080021dc   Section        0  system_stm32f4xx.o(i.SystemInit)
    i.UART4_IRQHandler                       0x080021f8   Section        0  stm32f4xx_it.o(i.UART4_IRQHandler)
    i.UART_DMAAbortOnError                   0x08002204   Section        0  stm32f4xx_hal_uart.o(i.UART_DMAAbortOnError)
    UART_DMAAbortOnError                     0x08002205   Thumb Code    16  stm32f4xx_hal_uart.o(i.UART_DMAAbortOnError)
    i.UART_EndRxTransfer                     0x08002214   Section        0  stm32f4xx_hal_uart.o(i.UART_EndRxTransfer)
    UART_EndRxTransfer                       0x08002215   Thumb Code    28  stm32f4xx_hal_uart.o(i.UART_EndRxTransfer)
    i.UART_Receive_IT                        0x08002230   Section        0  stm32f4xx_hal_uart.o(i.UART_Receive_IT)
    UART_Receive_IT                          0x08002231   Thumb Code   150  stm32f4xx_hal_uart.o(i.UART_Receive_IT)
    i.UART_SetConfig                         0x080022c8   Section        0  stm32f4xx_hal_uart.o(i.UART_SetConfig)
    UART_SetConfig                           0x080022c9   Thumb Code   286  stm32f4xx_hal_uart.o(i.UART_SetConfig)
    i.UART_Transmit_IT                       0x080023f0   Section        0  stm32f4xx_hal_uart.o(i.UART_Transmit_IT)
    UART_Transmit_IT                         0x080023f1   Thumb Code    98  stm32f4xx_hal_uart.o(i.UART_Transmit_IT)
    i.UART_WaitOnFlagUntilTimeout            0x08002452   Section        0  stm32f4xx_hal_uart.o(i.UART_WaitOnFlagUntilTimeout)
    UART_WaitOnFlagUntilTimeout              0x08002453   Thumb Code   100  stm32f4xx_hal_uart.o(i.UART_WaitOnFlagUntilTimeout)
    i.USART2_IRQHandler                      0x080024b8   Section        0  stm32f4xx_it.o(i.USART2_IRQHandler)
    i.USBD_ClrClassConfig                    0x080024c4   Section        0  usbd_core.o(i.USBD_ClrClassConfig)
    i.USBD_CtlContinueRx                     0x080024d2   Section        0  usbd_ioreq.o(i.USBD_CtlContinueRx)
    i.USBD_CtlContinueSendData               0x080024e2   Section        0  usbd_ioreq.o(i.USBD_CtlContinueSendData)
    i.USBD_CtlError                          0x080024f2   Section        0  usbd_ctlreq.o(i.USBD_CtlError)
    i.USBD_CtlPrepareRx                      0x08002508   Section        0  usbd_ioreq.o(i.USBD_CtlPrepareRx)
    i.USBD_CtlReceiveStatus                  0x08002526   Section        0  usbd_ioreq.o(i.USBD_CtlReceiveStatus)
    i.USBD_CtlSendData                       0x0800253c   Section        0  usbd_ioreq.o(i.USBD_CtlSendData)
    i.USBD_CtlSendStatus                     0x08002556   Section        0  usbd_ioreq.o(i.USBD_CtlSendStatus)
    i.USBD_DFU_DataIn                        0x0800256c   Section        0  usbd_dfu.o(i.USBD_DFU_DataIn)
    USBD_DFU_DataIn                          0x0800256d   Thumb Code     4  usbd_dfu.o(i.USBD_DFU_DataIn)
    i.USBD_DFU_DataOut                       0x08002570   Section        0  usbd_dfu.o(i.USBD_DFU_DataOut)
    USBD_DFU_DataOut                         0x08002571   Thumb Code     4  usbd_dfu.o(i.USBD_DFU_DataOut)
    i.USBD_DFU_DeInit                        0x08002574   Section        0  usbd_dfu.o(i.USBD_DFU_DeInit)
    USBD_DFU_DeInit                          0x08002575   Thumb Code    62  usbd_dfu.o(i.USBD_DFU_DeInit)
    i.USBD_DFU_EP0_RxReady                   0x080025b2   Section        0  usbd_dfu.o(i.USBD_DFU_EP0_RxReady)
    USBD_DFU_EP0_RxReady                     0x080025b3   Thumb Code     4  usbd_dfu.o(i.USBD_DFU_EP0_RxReady)
    i.USBD_DFU_EP0_TxReady                   0x080025b6   Section        0  usbd_dfu.o(i.USBD_DFU_EP0_TxReady)
    USBD_DFU_EP0_TxReady                     0x080025b7   Thumb Code   226  usbd_dfu.o(i.USBD_DFU_EP0_TxReady)
    i.USBD_DFU_GetCfgDesc                    0x08002698   Section        0  usbd_dfu.o(i.USBD_DFU_GetCfgDesc)
    USBD_DFU_GetCfgDesc                      0x08002699   Thumb Code     8  usbd_dfu.o(i.USBD_DFU_GetCfgDesc)
    i.USBD_DFU_GetDeviceQualifierDesc        0x080026a4   Section        0  usbd_dfu.o(i.USBD_DFU_GetDeviceQualifierDesc)
    USBD_DFU_GetDeviceQualifierDesc          0x080026a5   Thumb Code     8  usbd_dfu.o(i.USBD_DFU_GetDeviceQualifierDesc)
    i.USBD_DFU_GetUsrStringDesc              0x080026b0   Section        0  usbd_dfu.o(i.USBD_DFU_GetUsrStringDesc)
    USBD_DFU_GetUsrStringDesc                0x080026b1   Thumb Code    26  usbd_dfu.o(i.USBD_DFU_GetUsrStringDesc)
    i.USBD_DFU_Init                          0x080026d0   Section        0  usbd_dfu.o(i.USBD_DFU_Init)
    USBD_DFU_Init                            0x080026d1   Thumb Code    70  usbd_dfu.o(i.USBD_DFU_Init)
    i.USBD_DFU_IsoINIncomplete               0x08002716   Section        0  usbd_dfu.o(i.USBD_DFU_IsoINIncomplete)
    USBD_DFU_IsoINIncomplete                 0x08002717   Thumb Code     4  usbd_dfu.o(i.USBD_DFU_IsoINIncomplete)
    i.USBD_DFU_IsoOutIncomplete              0x0800271a   Section        0  usbd_dfu.o(i.USBD_DFU_IsoOutIncomplete)
    USBD_DFU_IsoOutIncomplete                0x0800271b   Thumb Code     4  usbd_dfu.o(i.USBD_DFU_IsoOutIncomplete)
    i.USBD_DFU_RegisterMedia                 0x0800271e   Section        0  usbd_dfu.o(i.USBD_DFU_RegisterMedia)
    i.USBD_DFU_SOF                           0x08002728   Section        0  usbd_dfu.o(i.USBD_DFU_SOF)
    USBD_DFU_SOF                             0x08002729   Thumb Code     4  usbd_dfu.o(i.USBD_DFU_SOF)
    i.USBD_DFU_Setup                         0x0800272c   Section        0  usbd_dfu.o(i.USBD_DFU_Setup)
    USBD_DFU_Setup                           0x0800272d   Thumb Code   336  usbd_dfu.o(i.USBD_DFU_Setup)
    i.USBD_FS_ConfigStrDescriptor            0x08002880   Section        0  usbd_desc.o(i.USBD_FS_ConfigStrDescriptor)
    i.USBD_FS_DeviceDescriptor               0x080028a0   Section        0  usbd_desc.o(i.USBD_FS_DeviceDescriptor)
    i.USBD_FS_InterfaceStrDescriptor         0x080028ac   Section        0  usbd_desc.o(i.USBD_FS_InterfaceStrDescriptor)
    i.USBD_FS_LangIDStrDescriptor            0x080028d0   Section        0  usbd_desc.o(i.USBD_FS_LangIDStrDescriptor)
    i.USBD_FS_ManufacturerStrDescriptor      0x080028dc   Section        0  usbd_desc.o(i.USBD_FS_ManufacturerStrDescriptor)
    i.USBD_FS_ProductStrDescriptor           0x08002904   Section        0  usbd_desc.o(i.USBD_FS_ProductStrDescriptor)
    i.USBD_FS_SerialStrDescriptor            0x08002938   Section        0  usbd_desc.o(i.USBD_FS_SerialStrDescriptor)
    i.USBD_GetDescriptor                     0x08002970   Section        0  usbd_ctlreq.o(i.USBD_GetDescriptor)
    USBD_GetDescriptor                       0x08002971   Thumb Code   250  usbd_ctlreq.o(i.USBD_GetDescriptor)
    i.USBD_GetString                         0x08002a6a   Section        0  usbd_ctlreq.o(i.USBD_GetString)
    i.USBD_Get_USB_Status                    0x08002ab2   Section        0  usbd_conf.o(i.USBD_Get_USB_Status)
    i.USBD_Init                              0x08002aca   Section        0  usbd_core.o(i.USBD_Init)
    i.USBD_LL_ClearStallEP                   0x08002af4   Section        0  usbd_conf.o(i.USBD_LL_ClearStallEP)
    i.USBD_LL_DataInStage                    0x08002b06   Section        0  usbd_core.o(i.USBD_LL_DataInStage)
    i.USBD_LL_DataOutStage                   0x08002bcc   Section        0  usbd_core.o(i.USBD_LL_DataOutStage)
    i.USBD_LL_DevConnected                   0x08002c4e   Section        0  usbd_core.o(i.USBD_LL_DevConnected)
    i.USBD_LL_DevDisconnected                0x08002c52   Section        0  usbd_core.o(i.USBD_LL_DevDisconnected)
    i.USBD_LL_Init                           0x08002c68   Section        0  usbd_conf.o(i.USBD_LL_Init)
    i.USBD_LL_IsStallEP                      0x08002cc8   Section        0  usbd_conf.o(i.USBD_LL_IsStallEP)
    i.USBD_LL_IsoINIncomplete                0x08002ce8   Section        0  usbd_core.o(i.USBD_LL_IsoINIncomplete)
    i.USBD_LL_IsoOUTIncomplete               0x08002cec   Section        0  usbd_core.o(i.USBD_LL_IsoOUTIncomplete)
    i.USBD_LL_OpenEP                         0x08002cf0   Section        0  usbd_conf.o(i.USBD_LL_OpenEP)
    i.USBD_LL_PrepareReceive                 0x08002d08   Section        0  usbd_conf.o(i.USBD_LL_PrepareReceive)
    i.USBD_LL_Reset                          0x08002d1a   Section        0  usbd_core.o(i.USBD_LL_Reset)
    i.USBD_LL_Resume                         0x08002d6a   Section        0  usbd_core.o(i.USBD_LL_Resume)
    i.USBD_LL_SOF                            0x08002d76   Section        0  usbd_core.o(i.USBD_LL_SOF)
    i.USBD_LL_SetSpeed                       0x08002d8e   Section        0  usbd_core.o(i.USBD_LL_SetSpeed)
    i.USBD_LL_SetUSBAddress                  0x08002d94   Section        0  usbd_conf.o(i.USBD_LL_SetUSBAddress)
    i.USBD_LL_SetupStage                     0x08002da6   Section        0  usbd_core.o(i.USBD_LL_SetupStage)
    i.USBD_LL_StallEP                        0x08002e00   Section        0  usbd_conf.o(i.USBD_LL_StallEP)
    i.USBD_LL_Start                          0x08002e12   Section        0  usbd_conf.o(i.USBD_LL_Start)
    i.USBD_LL_Stop                           0x08002e24   Section        0  usbd_conf.o(i.USBD_LL_Stop)
    i.USBD_LL_Suspend                        0x08002e36   Section        0  usbd_core.o(i.USBD_LL_Suspend)
    i.USBD_LL_Transmit                       0x08002e48   Section        0  usbd_conf.o(i.USBD_LL_Transmit)
    i.USBD_ParseSetupRequest                 0x08002e5a   Section        0  usbd_ctlreq.o(i.USBD_ParseSetupRequest)
    i.USBD_RegisterClass                     0x08002e82   Section        0  usbd_core.o(i.USBD_RegisterClass)
    i.USBD_SetClassConfig                    0x08002e92   Section        0  usbd_core.o(i.USBD_SetClassConfig)
    i.USBD_SetConfig                         0x08002ea8   Section        0  usbd_ctlreq.o(i.USBD_SetConfig)
    USBD_SetConfig                           0x08002ea9   Thumb Code   128  usbd_ctlreq.o(i.USBD_SetConfig)
    i.USBD_Start                             0x08002f2c   Section        0  usbd_core.o(i.USBD_Start)
    i.USBD_StdDevReq                         0x08002f36   Section        0  usbd_ctlreq.o(i.USBD_StdDevReq)
    i.USBD_StdEPReq                          0x08003048   Section        0  usbd_ctlreq.o(i.USBD_StdEPReq)
    i.USBD_StdItfReq                         0x08003198   Section        0  usbd_ctlreq.o(i.USBD_StdItfReq)
    i.USBD_Stop                              0x080031e6   Section        0  usbd_core.o(i.USBD_Stop)
    i.USB_ActivateEndpoint                   0x08003200   Section        0  stm32f4xx_ll_usb.o(i.USB_ActivateEndpoint)
    i.USB_ActivateSetup                      0x08003280   Section        0  stm32f4xx_ll_usb.o(i.USB_ActivateSetup)
    i.USB_CoreInit                           0x080032b4   Section        0  stm32f4xx_ll_usb.o(i.USB_CoreInit)
    i.USB_CoreReset                          0x08003328   Section        0  stm32f4xx_ll_usb.o(i.USB_CoreReset)
    USB_CoreReset                            0x08003329   Thumb Code    50  stm32f4xx_ll_usb.o(i.USB_CoreReset)
    i.USB_DevConnect                         0x08003360   Section        0  stm32f4xx_ll_usb.o(i.USB_DevConnect)
    i.USB_DevDisconnect                      0x08003378   Section        0  stm32f4xx_ll_usb.o(i.USB_DevDisconnect)
    i.USB_DevInit                            0x08003390   Section        0  stm32f4xx_ll_usb.o(i.USB_DevInit)
    i.USB_DisableGlobalInt                   0x0800351c   Section        0  stm32f4xx_ll_usb.o(i.USB_DisableGlobalInt)
    i.USB_EP0StartXfer                       0x08003528   Section        0  stm32f4xx_ll_usb.o(i.USB_EP0StartXfer)
    i.USB_EP0_OutStart                       0x08003640   Section        0  stm32f4xx_ll_usb.o(i.USB_EP0_OutStart)
    i.USB_EPClearStall                       0x08003698   Section        0  stm32f4xx_ll_usb.o(i.USB_EPClearStall)
    i.USB_EPSetStall                         0x080036f0   Section        0  stm32f4xx_ll_usb.o(i.USB_EPSetStall)
    i.USB_EPStartXfer                        0x08003748   Section        0  stm32f4xx_ll_usb.o(i.USB_EPStartXfer)
    i.USB_EnableGlobalInt                    0x08003930   Section        0  stm32f4xx_ll_usb.o(i.USB_EnableGlobalInt)
    i.USB_FlushRxFifo                        0x0800393c   Section        0  stm32f4xx_ll_usb.o(i.USB_FlushRxFifo)
    i.USB_FlushTxFifo                        0x0800395c   Section        0  stm32f4xx_ll_usb.o(i.USB_FlushTxFifo)
    i.USB_GetDevSpeed                        0x08003980   Section        0  stm32f4xx_ll_usb.o(i.USB_GetDevSpeed)
    i.USB_GetMode                            0x0800399a   Section        0  stm32f4xx_ll_usb.o(i.USB_GetMode)
    i.USB_ReadDevAllInEpInterrupt            0x080039a2   Section        0  stm32f4xx_ll_usb.o(i.USB_ReadDevAllInEpInterrupt)
    i.USB_ReadDevAllOutEpInterrupt           0x080039b0   Section        0  stm32f4xx_ll_usb.o(i.USB_ReadDevAllOutEpInterrupt)
    i.USB_ReadDevInEPInterrupt               0x080039be   Section        0  stm32f4xx_ll_usb.o(i.USB_ReadDevInEPInterrupt)
    i.USB_ReadDevOutEPInterrupt              0x080039e2   Section        0  stm32f4xx_ll_usb.o(i.USB_ReadDevOutEPInterrupt)
    i.USB_ReadInterrupts                     0x080039f2   Section        0  stm32f4xx_ll_usb.o(i.USB_ReadInterrupts)
    i.USB_ReadPacket                         0x080039fa   Section        0  stm32f4xx_ll_usb.o(i.USB_ReadPacket)
    i.USB_SetCurrentMode                     0x08003a16   Section        0  stm32f4xx_ll_usb.o(i.USB_SetCurrentMode)
    i.USB_SetDevAddress                      0x08003a44   Section        0  stm32f4xx_ll_usb.o(i.USB_SetDevAddress)
    i.USB_SetTurnaroundTime                  0x08003a68   Section        0  stm32f4xx_ll_usb.o(i.USB_SetTurnaroundTime)
    i.USB_StopDevice                         0x08003b50   Section        0  stm32f4xx_ll_usb.o(i.USB_StopDevice)
    i.USB_WritePacket                        0x08003b94   Section        0  stm32f4xx_ll_usb.o(i.USB_WritePacket)
    i.UsageFault_Handler                     0x08003bb8   Section        0  stm32f4xx_it.o(i.UsageFault_Handler)
    i.__NVIC_SetPriority                     0x08003bba   Section        0  stm32f4xx_hal_cortex.o(i.__NVIC_SetPriority)
    __NVIC_SetPriority                       0x08003bbb   Thumb Code    32  stm32f4xx_hal_cortex.o(i.__NVIC_SetPriority)
    i.__scatterload_copy                     0x08003bda   Section       14  handlers.o(i.__scatterload_copy)
    i.__scatterload_null                     0x08003be8   Section        2  handlers.o(i.__scatterload_null)
    i.__scatterload_zeroinit                 0x08003bea   Section       14  handlers.o(i.__scatterload_zeroinit)
    i.calc_Delays                            0x08003bf8   Section        0  stepmotor.o(i.calc_Delays)
    i.free                                   0x08003c84   Section        0  malloc.o(i.free)
    i.go_HOME_X                              0x08003cd4   Section        0  stepmotor.o(i.go_HOME_X)
    i.go_HOME_Z                              0x08003dd4   Section        0  stepmotor.o(i.go_HOME_Z)
    i.main                                   0x08003ed4   Section        0  main.o(i.main)
    i.malloc                                 0x08004010   Section        0  malloc.o(i.malloc)
    i.move_HEAD_X                            0x0800407c   Section        0  stepmotor.o(i.move_HEAD_X)
    i.search_PIPE                            0x080041ac   Section        0  stepmotor.o(i.search_PIPE)
    i.set_DIR_X_front                        0x080042a4   Section        0  stepmotor.o(i.set_DIR_X_front)
    i.set_DIR_X_rear                         0x080042c4   Section        0  stepmotor.o(i.set_DIR_X_rear)
    i.set_DIR_Z_front                        0x080042e4   Section        0  stepmotor.o(i.set_DIR_Z_front)
    i.set_DIR_Z_rear                         0x08004304   Section        0  stepmotor.o(i.set_DIR_Z_rear)
    i.step_X                                 0x08004324   Section        0  stepmotor.o(i.step_X)
    i.step_Z                                 0x08004344   Section        0  stepmotor.o(i.step_Z)
    .constdata                               0x08004364   Section       18  main.o(.constdata)
    .constdata                               0x08004376   Section       16  system_stm32f4xx.o(.constdata)
    .constdata                               0x08004386   Section        8  system_stm32f4xx.o(.constdata)
    .conststring                             0x08004390   Section       93  usbd_dfu_if.o(.conststring)
    .data                                    0x20000000   Section       28  usbd_desc.o(.data)
    .data                                    0x2000001c   Section       50  usbd_desc.o(.data)
    .data                                    0x20000050   Section       28  usbd_dfu_if.o(.data)
    .data                                    0x2000006c   Section       60  stepmotor.o(.data)
    .data                                    0x200000a8   Section       12  stm32f4xx_hal.o(.data)
    .data                                    0x200000b4   Section        4  system_stm32f4xx.o(.data)
    .data                                    0x200000b8   Section        1  usbd_ctlreq.o(.data)
    cfgidx                                   0x200000b8   Data           1  usbd_ctlreq.o(.data)
    .data                                    0x200000bc   Section       60  usbd_dfu.o(.data)
    .data                                    0x200000f8   Section       38  usbd_dfu.o(.data)
    USBD_DFU_CfgDesc                         0x200000f8   Data          27  usbd_dfu.o(.data)
    USBD_DFU_DeviceQualifierDesc             0x20000114   Data          10  usbd_dfu.o(.data)
    .data                                    0x20000120   Section        4  mvars.o(.data)
    .data                                    0x20000124   Section        4  mvars.o(.data)
    .bss                                     0x20000128   Section      200  main.o(.bss)
    .bss                                     0x200001f0   Section      668  usb_device.o(.bss)
    .bss                                     0x2000048c   Section     1032  usbd_conf.o(.bss)
    .bss                                     0x20000894   Section      512  usbd_desc.o(.bss)
    .bss                                     0x20000a94   Section     2040  stepmotor.o(.bss)
    .bss                                     0x2000128c   Section      255  usbd_dfu.o(.bss)
    USBD_StrDesc                             0x2000128c   Data         255  usbd_dfu.o(.bss)
    HEAP                                     0x20001390   Section     8192  startup_stm32f407xx.o(HEAP)
    STACK                                    0x20003390   Section    16384  startup_stm32f407xx.o(STACK)

    Global Symbols

    Symbol Name                              Value     Ov Type        Size  Object(Section)

    BuildAttributes$$THM_ISAv4$E$P$D$K$B$S$7EM$VFPi3$EXTD16$VFPS$VFMA$PE$A:L22UL41UL21$X:L11$S22US41US21$IEEE1$IW$USESV6$~STKCKD$USESV7$~SHL$OSPACE$EBA8$MICROLIB$REQ8$PRES8$EABIv2 0x00000000   Number         0  anon$$obj.o ABSOLUTE
    __ARM_use_no_argv                        0x00000000   Number         0  main.o ABSOLUTE
    __cpp_initialize__aeabi_                  - Undefined Weak Reference
    __cxa_finalize                            - Undefined Weak Reference
    __decompress                              - Undefined Weak Reference
    _clock_init                               - Undefined Weak Reference
    _microlib_exit                            - Undefined Weak Reference
    __Vectors_Size                           0x00000188   Number         0  startup_stm32f407xx.o ABSOLUTE
    __Vectors                                0x08000000   Data           4  startup_stm32f407xx.o(RESET)
    __Vectors_End                            0x08000188   Data           0  startup_stm32f407xx.o(RESET)
    __main                                   0x08000189   Thumb Code     0  entry.o(.ARM.Collect$$$$00000000)
    _main_stk                                0x08000189   Thumb Code     0  entry2.o(.ARM.Collect$$$$00000001)
    _main_scatterload                        0x0800018d   Thumb Code     0  entry5.o(.ARM.Collect$$$$00000004)
    __main_after_scatterload                 0x08000191   Thumb Code     0  entry5.o(.ARM.Collect$$$$00000004)
    _main_clock                              0x08000191   Thumb Code     0  entry7b.o(.ARM.Collect$$$$00000008)
    _main_cpp_init                           0x08000191   Thumb Code     0  entry8b.o(.ARM.Collect$$$$0000000A)
    _main_init                               0x08000191   Thumb Code     0  entry9a.o(.ARM.Collect$$$$0000000B)
    __rt_final_cpp                           0x08000199   Thumb Code     0  entry10a.o(.ARM.Collect$$$$0000000D)
    __rt_final_exit                          0x08000199   Thumb Code     0  entry11a.o(.ARM.Collect$$$$0000000F)
    Reset_Handler                            0x0800019d   Thumb Code     8  startup_stm32f407xx.o(.text)
    ADC_IRQHandler                           0x080001b7   Thumb Code     0  startup_stm32f407xx.o(.text)
    CAN1_RX0_IRQHandler                      0x080001b7   Thumb Code     0  startup_stm32f407xx.o(.text)
    CAN1_RX1_IRQHandler                      0x080001b7   Thumb Code     0  startup_stm32f407xx.o(.text)
    CAN1_SCE_IRQHandler                      0x080001b7   Thumb Code     0  startup_stm32f407xx.o(.text)
    CAN1_TX_IRQHandler                       0x080001b7   Thumb Code     0  startup_stm32f407xx.o(.text)
    CAN2_RX0_IRQHandler                      0x080001b7   Thumb Code     0  startup_stm32f407xx.o(.text)
    CAN2_RX1_IRQHandler                      0x080001b7   Thumb Code     0  startup_stm32f407xx.o(.text)
    CAN2_SCE_IRQHandler                      0x080001b7   Thumb Code     0  startup_stm32f407xx.o(.text)
    CAN2_TX_IRQHandler                       0x080001b7   Thumb Code     0  startup_stm32f407xx.o(.text)
    DCMI_IRQHandler                          0x080001b7   Thumb Code     0  startup_stm32f407xx.o(.text)
    DMA1_Stream0_IRQHandler                  0x080001b7   Thumb Code     0  startup_stm32f407xx.o(.text)
    DMA1_Stream1_IRQHandler                  0x080001b7   Thumb Code     0  startup_stm32f407xx.o(.text)
    DMA1_Stream2_IRQHandler                  0x080001b7   Thumb Code     0  startup_stm32f407xx.o(.text)
    DMA1_Stream3_IRQHandler                  0x080001b7   Thumb Code     0  startup_stm32f407xx.o(.text)
    DMA1_Stream4_IRQHandler                  0x080001b7   Thumb Code     0  startup_stm32f407xx.o(.text)
    DMA1_Stream5_IRQHandler                  0x080001b7   Thumb Code     0  startup_stm32f407xx.o(.text)
    DMA1_Stream6_IRQHandler                  0x080001b7   Thumb Code     0  startup_stm32f407xx.o(.text)
    DMA1_Stream7_IRQHandler                  0x080001b7   Thumb Code     0  startup_stm32f407xx.o(.text)
    DMA2_Stream0_IRQHandler                  0x080001b7   Thumb Code     0  startup_stm32f407xx.o(.text)
    DMA2_Stream1_IRQHandler                  0x080001b7   Thumb Code     0  startup_stm32f407xx.o(.text)
    DMA2_Stream2_IRQHandler                  0x080001b7   Thumb Code     0  startup_stm32f407xx.o(.text)
    DMA2_Stream3_IRQHandler                  0x080001b7   Thumb Code     0  startup_stm32f407xx.o(.text)
    DMA2_Stream4_IRQHandler                  0x080001b7   Thumb Code     0  startup_stm32f407xx.o(.text)
    DMA2_Stream5_IRQHandler                  0x080001b7   Thumb Code     0  startup_stm32f407xx.o(.text)
    DMA2_Stream6_IRQHandler                  0x080001b7   Thumb Code     0  startup_stm32f407xx.o(.text)
    DMA2_Stream7_IRQHandler                  0x080001b7   Thumb Code     0  startup_stm32f407xx.o(.text)
    ETH_IRQHandler                           0x080001b7   Thumb Code     0  startup_stm32f407xx.o(.text)
    ETH_WKUP_IRQHandler                      0x080001b7   Thumb Code     0  startup_stm32f407xx.o(.text)
    EXTI0_IRQHandler                         0x080001b7   Thumb Code     0  startup_stm32f407xx.o(.text)
    EXTI15_10_IRQHandler                     0x080001b7   Thumb Code     0  startup_stm32f407xx.o(.text)
    EXTI1_IRQHandler                         0x080001b7   Thumb Code     0  startup_stm32f407xx.o(.text)
    EXTI2_IRQHandler                         0x080001b7   Thumb Code     0  startup_stm32f407xx.o(.text)
    EXTI3_IRQHandler                         0x080001b7   Thumb Code     0  startup_stm32f407xx.o(.text)
    EXTI4_IRQHandler                         0x080001b7   Thumb Code     0  startup_stm32f407xx.o(.text)
    EXTI9_5_IRQHandler                       0x080001b7   Thumb Code     0  startup_stm32f407xx.o(.text)
    FLASH_IRQHandler                         0x080001b7   Thumb Code     0  startup_stm32f407xx.o(.text)
    FMC_IRQHandler                           0x080001b7   Thumb Code     0  startup_stm32f407xx.o(.text)
    FPU_IRQHandler                           0x080001b7   Thumb Code     0  startup_stm32f407xx.o(.text)
    HASH_RNG_IRQHandler                      0x080001b7   Thumb Code     0  startup_stm32f407xx.o(.text)
    I2C1_ER_IRQHandler                       0x080001b7   Thumb Code     0  startup_stm32f407xx.o(.text)
    I2C1_EV_IRQHandler                       0x080001b7   Thumb Code     0  startup_stm32f407xx.o(.text)
    I2C2_ER_IRQHandler                       0x080001b7   Thumb Code     0  startup_stm32f407xx.o(.text)
    I2C2_EV_IRQHandler                       0x080001b7   Thumb Code     0  startup_stm32f407xx.o(.text)
    I2C3_ER_IRQHandler                       0x080001b7   Thumb Code     0  startup_stm32f407xx.o(.text)
    I2C3_EV_IRQHandler                       0x080001b7   Thumb Code     0  startup_stm32f407xx.o(.text)
    OTG_FS_WKUP_IRQHandler                   0x080001b7   Thumb Code     0  startup_stm32f407xx.o(.text)
    OTG_HS_EP1_IN_IRQHandler                 0x080001b7   Thumb Code     0  startup_stm32f407xx.o(.text)
    OTG_HS_EP1_OUT_IRQHandler                0x080001b7   Thumb Code     0  startup_stm32f407xx.o(.text)
    OTG_HS_IRQHandler                        0x080001b7   Thumb Code     0  startup_stm32f407xx.o(.text)
    OTG_HS_WKUP_IRQHandler                   0x080001b7   Thumb Code     0  startup_stm32f407xx.o(.text)
    PVD_IRQHandler                           0x080001b7   Thumb Code     0  startup_stm32f407xx.o(.text)
    RCC_IRQHandler                           0x080001b7   Thumb Code     0  startup_stm32f407xx.o(.text)
    RTC_Alarm_IRQHandler                     0x080001b7   Thumb Code     0  startup_stm32f407xx.o(.text)
    RTC_WKUP_IRQHandler                      0x080001b7   Thumb Code     0  startup_stm32f407xx.o(.text)
    SDIO_IRQHandler                          0x080001b7   Thumb Code     0  startup_stm32f407xx.o(.text)
    SPI1_IRQHandler                          0x080001b7   Thumb Code     0  startup_stm32f407xx.o(.text)
    SPI2_IRQHandler                          0x080001b7   Thumb Code     0  startup_stm32f407xx.o(.text)
    SPI3_IRQHandler                          0x080001b7   Thumb Code     0  startup_stm32f407xx.o(.text)
    TAMP_STAMP_IRQHandler                    0x080001b7   Thumb Code     0  startup_stm32f407xx.o(.text)
    TIM1_BRK_TIM9_IRQHandler                 0x080001b7   Thumb Code     0  startup_stm32f407xx.o(.text)
    TIM1_CC_IRQHandler                       0x080001b7   Thumb Code     0  startup_stm32f407xx.o(.text)
    TIM1_TRG_COM_TIM11_IRQHandler            0x080001b7   Thumb Code     0  startup_stm32f407xx.o(.text)
    TIM1_UP_TIM10_IRQHandler                 0x080001b7   Thumb Code     0  startup_stm32f407xx.o(.text)
    TIM2_IRQHandler                          0x080001b7   Thumb Code     0  startup_stm32f407xx.o(.text)
    TIM3_IRQHandler                          0x080001b7   Thumb Code     0  startup_stm32f407xx.o(.text)
    TIM4_IRQHandler                          0x080001b7   Thumb Code     0  startup_stm32f407xx.o(.text)
    TIM5_IRQHandler                          0x080001b7   Thumb Code     0  startup_stm32f407xx.o(.text)
    TIM6_DAC_IRQHandler                      0x080001b7   Thumb Code     0  startup_stm32f407xx.o(.text)
    TIM7_IRQHandler                          0x080001b7   Thumb Code     0  startup_stm32f407xx.o(.text)
    TIM8_BRK_TIM12_IRQHandler                0x080001b7   Thumb Code     0  startup_stm32f407xx.o(.text)
    TIM8_CC_IRQHandler                       0x080001b7   Thumb Code     0  startup_stm32f407xx.o(.text)
    TIM8_TRG_COM_TIM14_IRQHandler            0x080001b7   Thumb Code     0  startup_stm32f407xx.o(.text)
    TIM8_UP_TIM13_IRQHandler                 0x080001b7   Thumb Code     0  startup_stm32f407xx.o(.text)
    UART5_IRQHandler                         0x080001b7   Thumb Code     0  startup_stm32f407xx.o(.text)
    USART1_IRQHandler                        0x080001b7   Thumb Code     0  startup_stm32f407xx.o(.text)
    USART3_IRQHandler                        0x080001b7   Thumb Code     0  startup_stm32f407xx.o(.text)
    USART6_IRQHandler                        0x080001b7   Thumb Code     0  startup_stm32f407xx.o(.text)
    WWDG_IRQHandler                          0x080001b7   Thumb Code     0  startup_stm32f407xx.o(.text)
    __aeabi_uldivmod                         0x080001c1   Thumb Code    98  uldiv.o(.text)
    __aeabi_memcpy                           0x08000223   Thumb Code    36  memcpya.o(.text)
    __aeabi_memcpy4                          0x08000223   Thumb Code     0  memcpya.o(.text)
    __aeabi_memcpy8                          0x08000223   Thumb Code     0  memcpya.o(.text)
    __aeabi_memset                           0x08000247   Thumb Code    14  memseta.o(.text)
    __aeabi_memset4                          0x08000247   Thumb Code     0  memseta.o(.text)
    __aeabi_memset8                          0x08000247   Thumb Code     0  memseta.o(.text)
    __aeabi_memclr                           0x08000255   Thumb Code     4  memseta.o(.text)
    __aeabi_memclr4                          0x08000255   Thumb Code     0  memseta.o(.text)
    __aeabi_memclr8                          0x08000255   Thumb Code     0  memseta.o(.text)
    _memset$wrapper                          0x08000259   Thumb Code    18  memseta.o(.text)
    __aeabi_llsl                             0x0800026b   Thumb Code    30  llshl.o(.text)
    _ll_shift_l                              0x0800026b   Thumb Code     0  llshl.o(.text)
    __aeabi_llsr                             0x08000289   Thumb Code    32  llushr.o(.text)
    _ll_ushift_r                             0x08000289   Thumb Code     0  llushr.o(.text)
    __scatterload                            0x080002a9   Thumb Code    28  init.o(.text)
    __scatterload_rt2                        0x080002a9   Thumb Code     0  init.o(.text)
    BusFault_Handler                         0x080003f5   Thumb Code     2  stm32f4xx_it.o(i.BusFault_Handler)
    DebugMon_Handler                         0x080006e1   Thumb Code     2  stm32f4xx_it.o(i.DebugMon_Handler)
    Error_Handler                            0x080006e3   Thumb Code     2  main.o(i.Error_Handler)
    HAL_ADC_ConfigChannel                    0x080006e5   Thumb Code   316  stm32f4xx_hal_adc.o(i.HAL_ADC_ConfigChannel)
    HAL_ADC_Init                             0x08000831   Thumb Code    84  stm32f4xx_hal_adc.o(i.HAL_ADC_Init)
    HAL_ADC_MspInit                          0x08000885   Thumb Code    84  stm32f4xx_hal_msp.o(i.HAL_ADC_MspInit)
    HAL_DMA_Abort_IT                         0x080008e5   Thumb Code    36  stm32f4xx_hal_dma.o(i.HAL_DMA_Abort_IT)
    HAL_Delay                                0x08000909   Thumb Code    32  stm32f4xx_hal.o(i.HAL_Delay)
    HAL_GPIO_Init                            0x0800092d   Thumb Code   394  stm32f4xx_hal_gpio.o(i.HAL_GPIO_Init)
    HAL_GPIO_ReadPin                         0x08000ae5   Thumb Code    10  stm32f4xx_hal_gpio.o(i.HAL_GPIO_ReadPin)
    HAL_GPIO_WritePin                        0x08000aef   Thumb Code    10  stm32f4xx_hal_gpio.o(i.HAL_GPIO_WritePin)
    HAL_GetTick                              0x08000af9   Thumb Code     6  stm32f4xx_hal.o(i.HAL_GetTick)
    HAL_IncTick                              0x08000b05   Thumb Code    12  stm32f4xx_hal.o(i.HAL_IncTick)
    HAL_Init                                 0x08000b15   Thumb Code    48  stm32f4xx_hal.o(i.HAL_Init)
    HAL_InitTick                             0x08000b49   Thumb Code    54  stm32f4xx_hal.o(i.HAL_InitTick)
    HAL_MspInit                              0x08000b89   Thumb Code    42  stm32f4xx_hal_msp.o(i.HAL_MspInit)
    HAL_NVIC_EnableIRQ                       0x08000bb9   Thumb Code    26  stm32f4xx_hal_cortex.o(i.HAL_NVIC_EnableIRQ)
    HAL_NVIC_SetPriority                     0x08000bd5   Thumb Code    60  stm32f4xx_hal_cortex.o(i.HAL_NVIC_SetPriority)
    HAL_NVIC_SetPriorityGrouping             0x08000c15   Thumb Code    26  stm32f4xx_hal_cortex.o(i.HAL_NVIC_SetPriorityGrouping)
    HAL_PCDEx_LPM_Callback                   0x08000c39   Thumb Code     2  stm32f4xx_hal_pcd_ex.o(i.HAL_PCDEx_LPM_Callback)
    HAL_PCDEx_SetRxFiFo                      0x08000c3b   Thumb Code     8  stm32f4xx_hal_pcd_ex.o(i.HAL_PCDEx_SetRxFiFo)
    HAL_PCDEx_SetTxFiFo                      0x08000c43   Thumb Code    68  stm32f4xx_hal_pcd_ex.o(i.HAL_PCDEx_SetTxFiFo)
    HAL_PCD_ConnectCallback                  0x08000c87   Thumb Code     8  usbd_conf.o(i.HAL_PCD_ConnectCallback)
    HAL_PCD_DataInStageCallback              0x08000c8f   Thumb Code    18  usbd_conf.o(i.HAL_PCD_DataInStageCallback)
    HAL_PCD_DataOutStageCallback             0x08000ca1   Thumb Code    20  usbd_conf.o(i.HAL_PCD_DataOutStageCallback)
    HAL_PCD_DisconnectCallback               0x08000cb5   Thumb Code     8  usbd_conf.o(i.HAL_PCD_DisconnectCallback)
    HAL_PCD_EP_ClrStall                      0x08000cbd   Thumb Code    92  stm32f4xx_hal_pcd.o(i.HAL_PCD_EP_ClrStall)
    HAL_PCD_EP_Open                          0x08000d19   Thumb Code    96  stm32f4xx_hal_pcd.o(i.HAL_PCD_EP_Open)
    HAL_PCD_EP_Receive                       0x08000d79   Thumb Code    72  stm32f4xx_hal_pcd.o(i.HAL_PCD_EP_Receive)
    HAL_PCD_EP_SetStall                      0x08000dc1   Thumb Code   116  stm32f4xx_hal_pcd.o(i.HAL_PCD_EP_SetStall)
    HAL_PCD_EP_Transmit                      0x08000e35   Thumb Code    64  stm32f4xx_hal_pcd.o(i.HAL_PCD_EP_Transmit)
    HAL_PCD_IRQHandler                       0x08000e75   Thumb Code  1114  stm32f4xx_hal_pcd.o(i.HAL_PCD_IRQHandler)
    HAL_PCD_ISOINIncompleteCallback          0x080012d9   Thumb Code     8  usbd_conf.o(i.HAL_PCD_ISOINIncompleteCallback)
    HAL_PCD_ISOOUTIncompleteCallback         0x080012e1   Thumb Code     8  usbd_conf.o(i.HAL_PCD_ISOOUTIncompleteCallback)
    HAL_PCD_Init                             0x080012e9   Thumb Code   226  stm32f4xx_hal_pcd.o(i.HAL_PCD_Init)
    HAL_PCD_MspInit                          0x080013cd   Thumb Code   122  usbd_conf.o(i.HAL_PCD_MspInit)
    HAL_PCD_ResetCallback                    0x08001451   Thumb Code    44  usbd_conf.o(i.HAL_PCD_ResetCallback)
    HAL_PCD_ResumeCallback                   0x0800147d   Thumb Code     8  usbd_conf.o(i.HAL_PCD_ResumeCallback)
    HAL_PCD_SOFCallback                      0x08001485   Thumb Code     8  usbd_conf.o(i.HAL_PCD_SOFCallback)
    HAL_PCD_SetAddress                       0x0800148d   Thumb Code    40  stm32f4xx_hal_pcd.o(i.HAL_PCD_SetAddress)
    HAL_PCD_SetupStageCallback               0x080014b5   Thumb Code    14  usbd_conf.o(i.HAL_PCD_SetupStageCallback)
    HAL_PCD_Start                            0x080014c3   Thumb Code    66  stm32f4xx_hal_pcd.o(i.HAL_PCD_Start)
    HAL_PCD_Stop                             0x08001505   Thumb Code    60  stm32f4xx_hal_pcd.o(i.HAL_PCD_Stop)
    HAL_PCD_SuspendCallback                  0x08001541   Thumb Code    44  usbd_conf.o(i.HAL_PCD_SuspendCallback)
    HAL_RCC_ClockConfig                      0x08001571   Thumb Code   288  stm32f4xx_hal_rcc.o(i.HAL_RCC_ClockConfig)
    HAL_RCC_GetHCLKFreq                      0x080016a5   Thumb Code     6  stm32f4xx_hal_rcc.o(i.HAL_RCC_GetHCLKFreq)
    HAL_RCC_GetPCLK1Freq                     0x080016b1   Thumb Code    20  stm32f4xx_hal_rcc.o(i.HAL_RCC_GetPCLK1Freq)
    HAL_RCC_GetPCLK2Freq                     0x080016d1   Thumb Code    20  stm32f4xx_hal_rcc.o(i.HAL_RCC_GetPCLK2Freq)
    HAL_RCC_GetSysClockFreq                  0x080016f1   Thumb Code    66  stm32f4xx_hal_rcc.o(i.HAL_RCC_GetSysClockFreq)
    HAL_RCC_OscConfig                        0x0800173d   Thumb Code   834  stm32f4xx_hal_rcc.o(i.HAL_RCC_OscConfig)
    HAL_SYSTICK_Config                       0x08001a99   Thumb Code    40  stm32f4xx_hal_cortex.o(i.HAL_SYSTICK_Config)
    HAL_UART_ErrorCallback                   0x08001ac1   Thumb Code     2  stm32f4xx_hal_uart.o(i.HAL_UART_ErrorCallback)
    HAL_UART_IRQHandler                      0x08001ac5   Thumb Code   270  stm32f4xx_hal_uart.o(i.HAL_UART_IRQHandler)
    HAL_UART_Init                            0x08001bd9   Thumb Code    98  stm32f4xx_hal_uart.o(i.HAL_UART_Init)
    HAL_UART_MspInit                         0x08001c3d   Thumb Code   178  stm32f4xx_hal_msp.o(i.HAL_UART_MspInit)
    HAL_UART_RxCpltCallback                  0x08001d01   Thumb Code     2  stm32f4xx_hal_uart.o(i.HAL_UART_RxCpltCallback)
    HAL_UART_Transmit                        0x08001d03   Thumb Code   186  stm32f4xx_hal_uart.o(i.HAL_UART_Transmit)
    HAL_UART_TxCpltCallback                  0x08001dbd   Thumb Code     2  stm32f4xx_hal_uart.o(i.HAL_UART_TxCpltCallback)
    HardFault_Handler                        0x08001dbf   Thumb Code     2  stm32f4xx_it.o(i.HardFault_Handler)
    MX_USB_DEVICE_Init                       0x08001f6d   Thumb Code    66  usb_device.o(i.MX_USB_DEVICE_Init)
    MemManage_Handler                        0x08001fc1   Thumb Code     2  stm32f4xx_it.o(i.MemManage_Handler)
    NMI_Handler                              0x08001fc3   Thumb Code     2  stm32f4xx_it.o(i.NMI_Handler)
    OTG_FS_IRQHandler                        0x08001fc5   Thumb Code     6  stm32f4xx_it.o(i.OTG_FS_IRQHandler)
    PendSV_Handler                           0x0800214f   Thumb Code     2  stm32f4xx_it.o(i.PendSV_Handler)
    SVC_Handler                              0x08002151   Thumb Code     2  stm32f4xx_it.o(i.SVC_Handler)
    SysTick_Handler                          0x08002153   Thumb Code     4  stm32f4xx_it.o(i.SysTick_Handler)
    SystemClock_Config                       0x08002159   Thumb Code   124  main.o(i.SystemClock_Config)
    SystemInit                               0x080021dd   Thumb Code    22  system_stm32f4xx.o(i.SystemInit)
    UART4_IRQHandler                         0x080021f9   Thumb Code     6  stm32f4xx_it.o(i.UART4_IRQHandler)
    USART2_IRQHandler                        0x080024b9   Thumb Code     6  stm32f4xx_it.o(i.USART2_IRQHandler)
    USBD_ClrClassConfig                      0x080024c5   Thumb Code    14  usbd_core.o(i.USBD_ClrClassConfig)
    USBD_CtlContinueRx                       0x080024d3   Thumb Code    16  usbd_ioreq.o(i.USBD_CtlContinueRx)
    USBD_CtlContinueSendData                 0x080024e3   Thumb Code    16  usbd_ioreq.o(i.USBD_CtlContinueSendData)
    USBD_CtlError                            0x080024f3   Thumb Code    22  usbd_ctlreq.o(i.USBD_CtlError)
    USBD_CtlPrepareRx                        0x08002509   Thumb Code    30  usbd_ioreq.o(i.USBD_CtlPrepareRx)
    USBD_CtlReceiveStatus                    0x08002527   Thumb Code    22  usbd_ioreq.o(i.USBD_CtlReceiveStatus)
    USBD_CtlSendData                         0x0800253d   Thumb Code    26  usbd_ioreq.o(i.USBD_CtlSendData)
    USBD_CtlSendStatus                       0x08002557   Thumb Code    22  usbd_ioreq.o(i.USBD_CtlSendStatus)
    USBD_DFU_RegisterMedia                   0x0800271f   Thumb Code    10  usbd_dfu.o(i.USBD_DFU_RegisterMedia)
    USBD_FS_ConfigStrDescriptor              0x08002881   Thumb Code    16  usbd_desc.o(i.USBD_FS_ConfigStrDescriptor)
    USBD_FS_DeviceDescriptor                 0x080028a1   Thumb Code     8  usbd_desc.o(i.USBD_FS_DeviceDescriptor)
    USBD_FS_InterfaceStrDescriptor           0x080028ad   Thumb Code    16  usbd_desc.o(i.USBD_FS_InterfaceStrDescriptor)
    USBD_FS_LangIDStrDescriptor              0x080028d1   Thumb Code     8  usbd_desc.o(i.USBD_FS_LangIDStrDescriptor)
    USBD_FS_ManufacturerStrDescriptor        0x080028dd   Thumb Code    16  usbd_desc.o(i.USBD_FS_ManufacturerStrDescriptor)
    USBD_FS_ProductStrDescriptor             0x08002905   Thumb Code    16  usbd_desc.o(i.USBD_FS_ProductStrDescriptor)
    USBD_FS_SerialStrDescriptor              0x08002939   Thumb Code    48  usbd_desc.o(i.USBD_FS_SerialStrDescriptor)
    USBD_GetString                           0x08002a6b   Thumb Code    72  usbd_ctlreq.o(i.USBD_GetString)
    USBD_Get_USB_Status                      0x08002ab3   Thumb Code    24  usbd_conf.o(i.USBD_Get_USB_Status)
    USBD_Init                                0x08002acb   Thumb Code    42  usbd_core.o(i.USBD_Init)
    USBD_LL_ClearStallEP                     0x08002af5   Thumb Code    18  usbd_conf.o(i.USBD_LL_ClearStallEP)
    USBD_LL_DataInStage                      0x08002b07   Thumb Code   198  usbd_core.o(i.USBD_LL_DataInStage)
    USBD_LL_DataOutStage                     0x08002bcd   Thumb Code   130  usbd_core.o(i.USBD_LL_DataOutStage)
    USBD_LL_DevConnected                     0x08002c4f   Thumb Code     4  usbd_core.o(i.USBD_LL_DevConnected)
    USBD_LL_DevDisconnected                  0x08002c53   Thumb Code    22  usbd_core.o(i.USBD_LL_DevDisconnected)
    USBD_LL_Init                             0x08002c69   Thumb Code    90  usbd_conf.o(i.USBD_LL_Init)
    USBD_LL_IsStallEP                        0x08002cc9   Thumb Code    32  usbd_conf.o(i.USBD_LL_IsStallEP)
    USBD_LL_IsoINIncomplete                  0x08002ce9   Thumb Code     4  usbd_core.o(i.USBD_LL_IsoINIncomplete)
    USBD_LL_IsoOUTIncomplete                 0x08002ced   Thumb Code     4  usbd_core.o(i.USBD_LL_IsoOUTIncomplete)
    USBD_LL_OpenEP                           0x08002cf1   Thumb Code    24  usbd_conf.o(i.USBD_LL_OpenEP)
    USBD_LL_PrepareReceive                   0x08002d09   Thumb Code    18  usbd_conf.o(i.USBD_LL_PrepareReceive)
    USBD_LL_Reset                            0x08002d1b   Thumb Code    80  usbd_core.o(i.USBD_LL_Reset)
    USBD_LL_Resume                           0x08002d6b   Thumb Code    12  usbd_core.o(i.USBD_LL_Resume)
    USBD_LL_SOF                              0x08002d77   Thumb Code    24  usbd_core.o(i.USBD_LL_SOF)
    USBD_LL_SetSpeed                         0x08002d8f   Thumb Code     6  usbd_core.o(i.USBD_LL_SetSpeed)
    USBD_LL_SetUSBAddress                    0x08002d95   Thumb Code    18  usbd_conf.o(i.USBD_LL_SetUSBAddress)
    USBD_LL_SetupStage                       0x08002da7   Thumb Code    90  usbd_core.o(i.USBD_LL_SetupStage)
    USBD_LL_StallEP                          0x08002e01   Thumb Code    18  usbd_conf.o(i.USBD_LL_StallEP)
    USBD_LL_Start                            0x08002e13   Thumb Code    18  usbd_conf.o(i.USBD_LL_Start)
    USBD_LL_Stop                             0x08002e25   Thumb Code    18  usbd_conf.o(i.USBD_LL_Stop)
    USBD_LL_Suspend                          0x08002e37   Thumb Code    18  usbd_core.o(i.USBD_LL_Suspend)
    USBD_LL_Transmit                         0x08002e49   Thumb Code    18  usbd_conf.o(i.USBD_LL_Transmit)
    USBD_ParseSetupRequest                   0x08002e5b   Thumb Code    40  usbd_ctlreq.o(i.USBD_ParseSetupRequest)
    USBD_RegisterClass                       0x08002e83   Thumb Code    16  usbd_core.o(i.USBD_RegisterClass)
    USBD_SetClassConfig                      0x08002e93   Thumb Code    22  usbd_core.o(i.USBD_SetClassConfig)
    USBD_Start                               0x08002f2d   Thumb Code    10  usbd_core.o(i.USBD_Start)
    USBD_StdDevReq                           0x08002f37   Thumb Code   274  usbd_ctlreq.o(i.USBD_StdDevReq)
    USBD_StdEPReq                            0x08003049   Thumb Code   336  usbd_ctlreq.o(i.USBD_StdEPReq)
    USBD_StdItfReq                           0x08003199   Thumb Code    78  usbd_ctlreq.o(i.USBD_StdItfReq)
    USBD_Stop                                0x080031e7   Thumb Code    26  usbd_core.o(i.USBD_Stop)
    USB_ActivateEndpoint                     0x08003201   Thumb Code   122  stm32f4xx_ll_usb.o(i.USB_ActivateEndpoint)
    USB_ActivateSetup                        0x08003281   Thumb Code    52  stm32f4xx_ll_usb.o(i.USB_ActivateSetup)
    USB_CoreInit                             0x080032b5   Thumb Code   112  stm32f4xx_ll_usb.o(i.USB_CoreInit)
    USB_DevConnect                           0x08003361   Thumb Code    24  stm32f4xx_ll_usb.o(i.USB_DevConnect)
    USB_DevDisconnect                        0x08003379   Thumb Code    24  stm32f4xx_ll_usb.o(i.USB_DevDisconnect)
    USB_DevInit                              0x08003391   Thumb Code   378  stm32f4xx_ll_usb.o(i.USB_DevInit)
    USB_DisableGlobalInt                     0x0800351d   Thumb Code    12  stm32f4xx_ll_usb.o(i.USB_DisableGlobalInt)
    USB_EP0StartXfer                         0x08003529   Thumb Code   276  stm32f4xx_ll_usb.o(i.USB_EP0StartXfer)
    USB_EP0_OutStart                         0x08003641   Thumb Code    84  stm32f4xx_ll_usb.o(i.USB_EP0_OutStart)
    USB_EPClearStall                         0x08003699   Thumb Code    88  stm32f4xx_ll_usb.o(i.USB_EPClearStall)
    USB_EPSetStall                           0x080036f1   Thumb Code    88  stm32f4xx_ll_usb.o(i.USB_EPSetStall)
    USB_EPStartXfer                          0x08003749   Thumb Code   482  stm32f4xx_ll_usb.o(i.USB_EPStartXfer)
    USB_EnableGlobalInt                      0x08003931   Thumb Code    12  stm32f4xx_ll_usb.o(i.USB_EnableGlobalInt)
    USB_FlushRxFifo                          0x0800393d   Thumb Code    28  stm32f4xx_ll_usb.o(i.USB_FlushRxFifo)
    USB_FlushTxFifo                          0x0800395d   Thumb Code    32  stm32f4xx_ll_usb.o(i.USB_FlushTxFifo)
    USB_GetDevSpeed                          0x08003981   Thumb Code    26  stm32f4xx_ll_usb.o(i.USB_GetDevSpeed)
    USB_GetMode                              0x0800399b   Thumb Code     8  stm32f4xx_ll_usb.o(i.USB_GetMode)
    USB_ReadDevAllInEpInterrupt              0x080039a3   Thumb Code    14  stm32f4xx_ll_usb.o(i.USB_ReadDevAllInEpInterrupt)
    USB_ReadDevAllOutEpInterrupt             0x080039b1   Thumb Code    14  stm32f4xx_ll_usb.o(i.USB_ReadDevAllOutEpInterrupt)
    USB_ReadDevInEPInterrupt                 0x080039bf   Thumb Code    36  stm32f4xx_ll_usb.o(i.USB_ReadDevInEPInterrupt)
    USB_ReadDevOutEPInterrupt                0x080039e3   Thumb Code    16  stm32f4xx_ll_usb.o(i.USB_ReadDevOutEPInterrupt)
    USB_ReadInterrupts                       0x080039f3   Thumb Code     8  stm32f4xx_ll_usb.o(i.USB_ReadInterrupts)
    USB_ReadPacket                           0x080039fb   Thumb Code    28  stm32f4xx_ll_usb.o(i.USB_ReadPacket)
    USB_SetCurrentMode                       0x08003a17   Thumb Code    46  stm32f4xx_ll_usb.o(i.USB_SetCurrentMode)
    USB_SetDevAddress                        0x08003a45   Thumb Code    34  stm32f4xx_ll_usb.o(i.USB_SetDevAddress)
    USB_SetTurnaroundTime                    0x08003a69   Thumb Code   158  stm32f4xx_ll_usb.o(i.USB_SetTurnaroundTime)
    USB_StopDevice                           0x08003b51   Thumb Code    68  stm32f4xx_ll_usb.o(i.USB_StopDevice)
    USB_WritePacket                          0x08003b95   Thumb Code    36  stm32f4xx_ll_usb.o(i.USB_WritePacket)
    UsageFault_Handler                       0x08003bb9   Thumb Code     2  stm32f4xx_it.o(i.UsageFault_Handler)
    __scatterload_copy                       0x08003bdb   Thumb Code    14  handlers.o(i.__scatterload_copy)
    __scatterload_null                       0x08003be9   Thumb Code     2  handlers.o(i.__scatterload_null)
    __scatterload_zeroinit                   0x08003beb   Thumb Code    14  handlers.o(i.__scatterload_zeroinit)
    calc_Delays                              0x08003bf9   Thumb Code   122  stepmotor.o(i.calc_Delays)
    free                                     0x08003c85   Thumb Code    76  malloc.o(i.free)
    go_HOME_X                                0x08003cd5   Thumb Code   242  stepmotor.o(i.go_HOME_X)
    go_HOME_Z                                0x08003dd5   Thumb Code   242  stepmotor.o(i.go_HOME_Z)
    main                                     0x08003ed5   Thumb Code   274  main.o(i.main)
    malloc                                   0x08004011   Thumb Code    92  malloc.o(i.malloc)
    move_HEAD_X                              0x0800407d   Thumb Code   288  stepmotor.o(i.move_HEAD_X)
    search_PIPE                              0x080041ad   Thumb Code   236  stepmotor.o(i.search_PIPE)
    set_DIR_X_front                          0x080042a5   Thumb Code    24  stepmotor.o(i.set_DIR_X_front)
    set_DIR_X_rear                           0x080042c5   Thumb Code    22  stepmotor.o(i.set_DIR_X_rear)
    set_DIR_Z_front                          0x080042e5   Thumb Code    24  stepmotor.o(i.set_DIR_Z_front)
    set_DIR_Z_rear                           0x08004305   Thumb Code    22  stepmotor.o(i.set_DIR_Z_rear)
    step_X                                   0x08004325   Thumb Code    22  stepmotor.o(i.step_X)
    step_Z                                   0x08004345   Thumb Code    22  stepmotor.o(i.step_Z)
    AHBPrescTable                            0x08004376   Data          16  system_stm32f4xx.o(.constdata)
    APBPrescTable                            0x08004386   Data           8  system_stm32f4xx.o(.constdata)
    Region$$Table$$Base                      0x080043f0   Number         0  anon$$obj.o(Region$$Table)
    Region$$Table$$Limit                     0x08004410   Number         0  anon$$obj.o(Region$$Table)
    FS_Desc                                  0x20000000   Data          28  usbd_desc.o(.data)
    USBD_LangIDDesc                          0x2000001c   Data           4  usbd_desc.o(.data)
    USBD_FS_DeviceDesc                       0x20000020   Data          18  usbd_desc.o(.data)
    USBD_StringSerial                        0x20000034   Data          26  usbd_desc.o(.data)
    USBD_DFU_fops_FS                         0x20000050   Data          28  usbd_dfu_if.o(.data)
    N                                        0x2000006c   Data           1  stepmotor.o(.data)
    N_Z                                      0x2000006d   Data           1  stepmotor.o(.data)
    dir_X                                    0x2000006e   Data           1  stepmotor.o(.data)
    dir_Y                                    0x2000006f   Data           1  stepmotor.o(.data)
    dir_Z                                    0x20000070   Data           1  stepmotor.o(.data)
    cnt                                      0x20000072   Data           2  stepmotor.o(.data)
    step_Delay                               0x20000074   Data           2  stepmotor.o(.data)
    dF                                       0x20000076   Data           2  stepmotor.o(.data)
    dF_Z                                     0x20000078   Data           2  stepmotor.o(.data)
    Sol01_dX                                 0x2000007c   Data           4  stepmotor.o(.data)
    Sol01_dY                                 0x20000080   Data           4  stepmotor.o(.data)
    Sol02_dX                                 0x20000084   Data           4  stepmotor.o(.data)
    Sol02_dY                                 0x20000088   Data           4  stepmotor.o(.data)
    step_Pulse_Width                         0x2000008c   Data           4  stepmotor.o(.data)
    dir_Change_Time                          0x20000090   Data           4  stepmotor.o(.data)
    X                                        0x20000094   Data           4  stepmotor.o(.data)
    Y                                        0x20000098   Data           4  stepmotor.o(.data)
    Z                                        0x2000009c   Data           4  stepmotor.o(.data)
    X0                                       0x200000a0   Data           4  stepmotor.o(.data)
    Y0                                       0x200000a4   Data           4  stepmotor.o(.data)
    uwTickFreq                               0x200000a8   Data           1  stm32f4xx_hal.o(.data)
    uwTickPrio                               0x200000ac   Data           4  stm32f4xx_hal.o(.data)
    uwTick                                   0x200000b0   Data           4  stm32f4xx_hal.o(.data)
    SystemCoreClock                          0x200000b4   Data           4  system_stm32f4xx.o(.data)
    USBD_DFU                                 0x200000bc   Data          60  usbd_dfu.o(.data)
    __microlib_freelist                      0x20000120   Data           4  mvars.o(.data)
    __microlib_freelist_initialised          0x20000124   Data           4  mvars.o(.data)
    hadc1                                    0x20000128   Data          72  main.o(.bss)
    huart4                                   0x20000170   Data          64  main.o(.bss)
    huart2                                   0x200001b0   Data          64  main.o(.bss)
    hUsbDeviceFS                             0x200001f0   Data         668  usb_device.o(.bss)
    hpcd_USB_OTG_FS                          0x2000048c   Data        1032  usbd_conf.o(.bss)
    USBD_StrDesc                             0x20000894   Data         512  usbd_desc.o(.bss)
    delays                                   0x20000a94   Data        1020  stepmotor.o(.bss)
    delays_Z                                 0x20000e90   Data        1020  stepmotor.o(.bss)
    __heap_base                              0x20001390   Data           0  startup_stm32f407xx.o(HEAP)
    __heap_limit                             0x20003390   Data           0  startup_stm32f407xx.o(HEAP)
    __initial_sp                             0x20007390   Data           0  startup_stm32f407xx.o(STACK)



==============================================================================

Memory Map of the image

  Image Entry point : 0x08000189

  Load Region LR_IROM1 (Base: 0x08000000, Size: 0x00004538, Max: 0x00080000, ABSOLUTE)

    Execution Region ER_IROM1 (Base: 0x08000000, Size: 0x00004410, Max: 0x00080000, ABSOLUTE)

    Base Addr    Size         Type   Attr      Idx    E Section Name        Object

    0x08000000   0x00000188   Data   RO            3    RESET               startup_stm32f407xx.o
    0x08000188   0x00000000   Code   RO         3652  * .ARM.Collect$$$$00000000  mc_w.l(entry.o)
    0x08000188   0x00000004   Code   RO         3691    .ARM.Collect$$$$00000001  mc_w.l(entry2.o)
    0x0800018c   0x00000004   Code   RO         3694    .ARM.Collect$$$$00000004  mc_w.l(entry5.o)
    0x08000190   0x00000000   Code   RO         3696    .ARM.Collect$$$$00000008  mc_w.l(entry7b.o)
    0x08000190   0x00000000   Code   RO         3698    .ARM.Collect$$$$0000000A  mc_w.l(entry8b.o)
    0x08000190   0x00000008   Code   RO         3699    .ARM.Collect$$$$0000000B  mc_w.l(entry9a.o)
    0x08000198   0x00000000   Code   RO         3701    .ARM.Collect$$$$0000000D  mc_w.l(entry10a.o)
    0x08000198   0x00000000   Code   RO         3703    .ARM.Collect$$$$0000000F  mc_w.l(entry11a.o)
    0x08000198   0x00000004   Code   RO         3692    .ARM.Collect$$$$00002712  mc_w.l(entry2.o)
    0x0800019c   0x00000024   Code   RO            4    .text               startup_stm32f407xx.o
    0x080001c0   0x00000062   Code   RO         3655    .text               mc_w.l(uldiv.o)
    0x08000222   0x00000024   Code   RO         3657    .text               mc_w.l(memcpya.o)
    0x08000246   0x00000024   Code   RO         3659    .text               mc_w.l(memseta.o)
    0x0800026a   0x0000001e   Code   RO         3705    .text               mc_w.l(llshl.o)
    0x08000288   0x00000020   Code   RO         3707    .text               mc_w.l(llushr.o)
    0x080002a8   0x00000024   Code   RO         3711    .text               mc_w.l(init.o)
    0x080002cc   0x00000128   Code   RO         2594    i.ADC_Init          stm32f4xx_hal_adc.o
    0x080003f4   0x00000002   Code   RO          584    i.BusFault_Handler  stm32f4xx_it.o
    0x080003f6   0x00000002   PAD
    0x080003f8   0x00000070   Code   RO         3529    i.DFU_Detach        usbd_dfu.o
    0x08000468   0x00000066   Code   RO         3530    i.DFU_Download      usbd_dfu.o
    0x080004ce   0x00000002   PAD
    0x080004d0   0x000000b8   Code   RO         3531    i.DFU_GetStatus     usbd_dfu.o
    0x08000588   0x00000078   Code   RO         3532    i.DFU_Leave         usbd_dfu.o
    0x08000600   0x000000e0   Code   RO         3533    i.DFU_Upload        usbd_dfu.o
    0x080006e0   0x00000002   Code   RO          585    i.DebugMon_Handler  stm32f4xx_it.o
    0x080006e2   0x00000002   Code   RO           13    i.Error_Handler     main.o
    0x080006e4   0x0000014c   Code   RO         2596    i.HAL_ADC_ConfigChannel  stm32f4xx_hal_adc.o
    0x08000830   0x00000054   Code   RO         2605    i.HAL_ADC_Init      stm32f4xx_hal_adc.o
    0x08000884   0x00000060   Code   RO          679    i.HAL_ADC_MspInit   stm32f4xx_hal_msp.o
    0x080008e4   0x00000024   Code   RO         1922    i.HAL_DMA_Abort_IT  stm32f4xx_hal_dma.o
    0x08000908   0x00000024   Code   RO         2340    i.HAL_Delay         stm32f4xx_hal.o
    0x0800092c   0x000001b8   Code   RO         1814    i.HAL_GPIO_Init     stm32f4xx_hal_gpio.o
    0x08000ae4   0x0000000a   Code   RO         1816    i.HAL_GPIO_ReadPin  stm32f4xx_hal_gpio.o
    0x08000aee   0x0000000a   Code   RO         1818    i.HAL_GPIO_WritePin  stm32f4xx_hal_gpio.o
    0x08000af8   0x0000000c   Code   RO         2346    i.HAL_GetTick       stm32f4xx_hal.o
    0x08000b04   0x00000010   Code   RO         2352    i.HAL_IncTick       stm32f4xx_hal.o
    0x08000b14   0x00000034   Code   RO         2353    i.HAL_Init          stm32f4xx_hal.o
    0x08000b48   0x00000040   Code   RO         2354    i.HAL_InitTick      stm32f4xx_hal.o
    0x08000b88   0x00000030   Code   RO          680    i.HAL_MspInit       stm32f4xx_hal_msp.o
    0x08000bb8   0x0000001a   Code   RO         2203    i.HAL_NVIC_EnableIRQ  stm32f4xx_hal_cortex.o
    0x08000bd2   0x00000002   PAD
    0x08000bd4   0x00000040   Code   RO         2209    i.HAL_NVIC_SetPriority  stm32f4xx_hal_cortex.o
    0x08000c14   0x00000024   Code   RO         2210    i.HAL_NVIC_SetPriorityGrouping  stm32f4xx_hal_cortex.o
    0x08000c38   0x00000002   Code   RO         1118    i.HAL_PCDEx_LPM_Callback  stm32f4xx_hal_pcd_ex.o
    0x08000c3a   0x00000008   Code   RO         1119    i.HAL_PCDEx_SetRxFiFo  stm32f4xx_hal_pcd_ex.o
    0x08000c42   0x00000044   Code   RO         1120    i.HAL_PCDEx_SetTxFiFo  stm32f4xx_hal_pcd_ex.o
    0x08000c86   0x00000008   Code   RO          247    i.HAL_PCD_ConnectCallback  usbd_conf.o
    0x08000c8e   0x00000012   Code   RO          248    i.HAL_PCD_DataInStageCallback  usbd_conf.o
    0x08000ca0   0x00000014   Code   RO          249    i.HAL_PCD_DataOutStageCallback  usbd_conf.o
    0x08000cb4   0x00000008   Code   RO          250    i.HAL_PCD_DisconnectCallback  usbd_conf.o
    0x08000cbc   0x0000005c   Code   RO          907    i.HAL_PCD_EP_ClrStall  stm32f4xx_hal_pcd.o
    0x08000d18   0x00000060   Code   RO          910    i.HAL_PCD_EP_Open   stm32f4xx_hal_pcd.o
    0x08000d78   0x00000048   Code   RO          911    i.HAL_PCD_EP_Receive  stm32f4xx_hal_pcd.o
    0x08000dc0   0x00000074   Code   RO          912    i.HAL_PCD_EP_SetStall  stm32f4xx_hal_pcd.o
    0x08000e34   0x00000040   Code   RO          913    i.HAL_PCD_EP_Transmit  stm32f4xx_hal_pcd.o
    0x08000e74   0x00000464   Code   RO          915    i.HAL_PCD_IRQHandler  stm32f4xx_hal_pcd.o
    0x080012d8   0x00000008   Code   RO          251    i.HAL_PCD_ISOINIncompleteCallback  usbd_conf.o
    0x080012e0   0x00000008   Code   RO          252    i.HAL_PCD_ISOOUTIncompleteCallback  usbd_conf.o
    0x080012e8   0x000000e2   Code   RO          918    i.HAL_PCD_Init      stm32f4xx_hal_pcd.o
    0x080013ca   0x00000002   PAD
    0x080013cc   0x00000084   Code   RO          254    i.HAL_PCD_MspInit   usbd_conf.o
    0x08001450   0x0000002c   Code   RO          255    i.HAL_PCD_ResetCallback  usbd_conf.o
    0x0800147c   0x00000008   Code   RO          256    i.HAL_PCD_ResumeCallback  usbd_conf.o
    0x08001484   0x00000008   Code   RO          257    i.HAL_PCD_SOFCallback  usbd_conf.o
    0x0800148c   0x00000028   Code   RO          924    i.HAL_PCD_SetAddress  stm32f4xx_hal_pcd.o
    0x080014b4   0x0000000e   Code   RO          258    i.HAL_PCD_SetupStageCallback  usbd_conf.o
    0x080014c2   0x00000042   Code   RO          926    i.HAL_PCD_Start     stm32f4xx_hal_pcd.o
    0x08001504   0x0000003c   Code   RO          927    i.HAL_PCD_Stop      stm32f4xx_hal_pcd.o
    0x08001540   0x00000030   Code   RO          259    i.HAL_PCD_SuspendCallback  usbd_conf.o
    0x08001570   0x00000134   Code   RO         1460    i.HAL_RCC_ClockConfig  stm32f4xx_hal_rcc.o
    0x080016a4   0x0000000c   Code   RO         1465    i.HAL_RCC_GetHCLKFreq  stm32f4xx_hal_rcc.o
    0x080016b0   0x00000020   Code   RO         1467    i.HAL_RCC_GetPCLK1Freq  stm32f4xx_hal_rcc.o
    0x080016d0   0x00000020   Code   RO         1468    i.HAL_RCC_GetPCLK2Freq  stm32f4xx_hal_rcc.o
    0x080016f0   0x0000004c   Code   RO         1469    i.HAL_RCC_GetSysClockFreq  stm32f4xx_hal_rcc.o
    0x0800173c   0x0000035c   Code   RO         1472    i.HAL_RCC_OscConfig  stm32f4xx_hal_rcc.o
    0x08001a98   0x00000028   Code   RO         2214    i.HAL_SYSTICK_Config  stm32f4xx_hal_cortex.o
    0x08001ac0   0x00000002   Code   RO         2923    i.HAL_UART_ErrorCallback  stm32f4xx_hal_uart.o
    0x08001ac2   0x00000002   PAD
    0x08001ac4   0x00000114   Code   RO         2926    i.HAL_UART_IRQHandler  stm32f4xx_hal_uart.o
    0x08001bd8   0x00000062   Code   RO         2927    i.HAL_UART_Init     stm32f4xx_hal_uart.o
    0x08001c3a   0x00000002   PAD
    0x08001c3c   0x000000c4   Code   RO          682    i.HAL_UART_MspInit  stm32f4xx_hal_msp.o
    0x08001d00   0x00000002   Code   RO         2933    i.HAL_UART_RxCpltCallback  stm32f4xx_hal_uart.o
    0x08001d02   0x000000ba   Code   RO         2935    i.HAL_UART_Transmit  stm32f4xx_hal_uart.o
    0x08001dbc   0x00000002   Code   RO         2938    i.HAL_UART_TxCpltCallback  stm32f4xx_hal_uart.o
    0x08001dbe   0x00000002   Code   RO          586    i.HardFault_Handler  stm32f4xx_it.o
    0x08001dc0   0x00000038   Code   RO          442    i.IntToUnicode      usbd_desc.o
    0x08001df8   0x00000004   Code   RO          528    i.MEM_If_DeInit_FS  usbd_dfu_if.o
    0x08001dfc   0x00000004   Code   RO          529    i.MEM_If_Erase_FS   usbd_dfu_if.o
    0x08001e00   0x00000004   Code   RO          530    i.MEM_If_GetStatus_FS  usbd_dfu_if.o
    0x08001e04   0x00000004   Code   RO          531    i.MEM_If_Init_FS    usbd_dfu_if.o
    0x08001e08   0x00000004   Code   RO          532    i.MEM_If_Read_FS    usbd_dfu_if.o
    0x08001e0c   0x00000004   Code   RO          533    i.MEM_If_Write_FS   usbd_dfu_if.o
    0x08001e10   0x00000058   Code   RO           14    i.MX_ADC1_Init      main.o
    0x08001e68   0x00000104   Code   RO           15    i.MX_GPIO_Init      main.o
    0x08001f6c   0x00000054   Code   RO          199    i.MX_USB_DEVICE_Init  usb_device.o
    0x08001fc0   0x00000002   Code   RO          587    i.MemManage_Handler  stm32f4xx_it.o
    0x08001fc2   0x00000002   Code   RO          588    i.NMI_Handler       stm32f4xx_it.o
    0x08001fc4   0x0000000c   Code   RO          589    i.OTG_FS_IRQHandler  stm32f4xx_it.o
    0x08001fd0   0x000000dc   Code   RO          929    i.PCD_EP_OutXfrComplete_int  stm32f4xx_hal_pcd.o
    0x080020ac   0x000000a2   Code   RO          930    i.PCD_WriteEmptyTxFifo  stm32f4xx_hal_pcd.o
    0x0800214e   0x00000002   Code   RO          590    i.PendSV_Handler    stm32f4xx_it.o
    0x08002150   0x00000002   Code   RO          591    i.SVC_Handler       stm32f4xx_it.o
    0x08002152   0x00000004   Code   RO          592    i.SysTick_Handler   stm32f4xx_it.o
    0x08002156   0x00000002   PAD
    0x08002158   0x00000084   Code   RO           16    i.SystemClock_Config  main.o
    0x080021dc   0x0000001c   Code   RO         3229    i.SystemInit        system_stm32f4xx.o
    0x080021f8   0x0000000c   Code   RO          593    i.UART4_IRQHandler  stm32f4xx_it.o
    0x08002204   0x00000010   Code   RO         2940    i.UART_DMAAbortOnError  stm32f4xx_hal_uart.o
    0x08002214   0x0000001c   Code   RO         2950    i.UART_EndRxTransfer  stm32f4xx_hal_uart.o
    0x08002230   0x00000096   Code   RO         2952    i.UART_Receive_IT   stm32f4xx_hal_uart.o
    0x080022c6   0x00000002   PAD
    0x080022c8   0x00000128   Code   RO         2953    i.UART_SetConfig    stm32f4xx_hal_uart.o
    0x080023f0   0x00000062   Code   RO         2954    i.UART_Transmit_IT  stm32f4xx_hal_uart.o
    0x08002452   0x00000064   Code   RO         2955    i.UART_WaitOnFlagUntilTimeout  stm32f4xx_hal_uart.o
    0x080024b6   0x00000002   PAD
    0x080024b8   0x0000000c   Code   RO          594    i.USART2_IRQHandler  stm32f4xx_it.o
    0x080024c4   0x0000000e   Code   RO         3266    i.USBD_ClrClassConfig  usbd_core.o
    0x080024d2   0x00000010   Code   RO         3469    i.USBD_CtlContinueRx  usbd_ioreq.o
    0x080024e2   0x00000010   Code   RO         3470    i.USBD_CtlContinueSendData  usbd_ioreq.o
    0x080024f2   0x00000016   Code   RO         3404    i.USBD_CtlError     usbd_ctlreq.o
    0x08002508   0x0000001e   Code   RO         3471    i.USBD_CtlPrepareRx  usbd_ioreq.o
    0x08002526   0x00000016   Code   RO         3472    i.USBD_CtlReceiveStatus  usbd_ioreq.o
    0x0800253c   0x0000001a   Code   RO         3473    i.USBD_CtlSendData  usbd_ioreq.o
    0x08002556   0x00000016   Code   RO         3474    i.USBD_CtlSendStatus  usbd_ioreq.o
    0x0800256c   0x00000004   Code   RO         3534    i.USBD_DFU_DataIn   usbd_dfu.o
    0x08002570   0x00000004   Code   RO         3535    i.USBD_DFU_DataOut  usbd_dfu.o
    0x08002574   0x0000003e   Code   RO         3536    i.USBD_DFU_DeInit   usbd_dfu.o
    0x080025b2   0x00000004   Code   RO         3537    i.USBD_DFU_EP0_RxReady  usbd_dfu.o
    0x080025b6   0x000000e2   Code   RO         3538    i.USBD_DFU_EP0_TxReady  usbd_dfu.o
    0x08002698   0x0000000c   Code   RO         3539    i.USBD_DFU_GetCfgDesc  usbd_dfu.o
    0x080026a4   0x0000000c   Code   RO         3540    i.USBD_DFU_GetDeviceQualifierDesc  usbd_dfu.o
    0x080026b0   0x00000020   Code   RO         3541    i.USBD_DFU_GetUsrStringDesc  usbd_dfu.o
    0x080026d0   0x00000046   Code   RO         3542    i.USBD_DFU_Init     usbd_dfu.o
    0x08002716   0x00000004   Code   RO         3543    i.USBD_DFU_IsoINIncomplete  usbd_dfu.o
    0x0800271a   0x00000004   Code   RO         3544    i.USBD_DFU_IsoOutIncomplete  usbd_dfu.o
    0x0800271e   0x0000000a   Code   RO         3545    i.USBD_DFU_RegisterMedia  usbd_dfu.o
    0x08002728   0x00000004   Code   RO         3546    i.USBD_DFU_SOF      usbd_dfu.o
    0x0800272c   0x00000154   Code   RO         3547    i.USBD_DFU_Setup    usbd_dfu.o
    0x08002880   0x00000020   Code   RO          443    i.USBD_FS_ConfigStrDescriptor  usbd_desc.o
    0x080028a0   0x0000000c   Code   RO          444    i.USBD_FS_DeviceDescriptor  usbd_desc.o
    0x080028ac   0x00000024   Code   RO          445    i.USBD_FS_InterfaceStrDescriptor  usbd_desc.o
    0x080028d0   0x0000000c   Code   RO          446    i.USBD_FS_LangIDStrDescriptor  usbd_desc.o
    0x080028dc   0x00000028   Code   RO          447    i.USBD_FS_ManufacturerStrDescriptor  usbd_desc.o
    0x08002904   0x00000034   Code   RO          448    i.USBD_FS_ProductStrDescriptor  usbd_desc.o
    0x08002938   0x00000038   Code   RO          449    i.USBD_FS_SerialStrDescriptor  usbd_desc.o
    0x08002970   0x000000fa   Code   RO         3405    i.USBD_GetDescriptor  usbd_ctlreq.o
    0x08002a6a   0x00000048   Code   RO         3406    i.USBD_GetString    usbd_ctlreq.o
    0x08002ab2   0x00000018   Code   RO          260    i.USBD_Get_USB_Status  usbd_conf.o
    0x08002aca   0x0000002a   Code   RO         3268    i.USBD_Init         usbd_core.o
    0x08002af4   0x00000012   Code   RO          261    i.USBD_LL_ClearStallEP  usbd_conf.o
    0x08002b06   0x000000c6   Code   RO         3269    i.USBD_LL_DataInStage  usbd_core.o
    0x08002bcc   0x00000082   Code   RO         3270    i.USBD_LL_DataOutStage  usbd_core.o
    0x08002c4e   0x00000004   Code   RO         3271    i.USBD_LL_DevConnected  usbd_core.o
    0x08002c52   0x00000016   Code   RO         3272    i.USBD_LL_DevDisconnected  usbd_core.o
    0x08002c68   0x00000060   Code   RO          267    i.USBD_LL_Init      usbd_conf.o
    0x08002cc8   0x00000020   Code   RO          268    i.USBD_LL_IsStallEP  usbd_conf.o
    0x08002ce8   0x00000004   Code   RO         3273    i.USBD_LL_IsoINIncomplete  usbd_core.o
    0x08002cec   0x00000004   Code   RO         3274    i.USBD_LL_IsoOUTIncomplete  usbd_core.o
    0x08002cf0   0x00000018   Code   RO          269    i.USBD_LL_OpenEP    usbd_conf.o
    0x08002d08   0x00000012   Code   RO          270    i.USBD_LL_PrepareReceive  usbd_conf.o
    0x08002d1a   0x00000050   Code   RO         3275    i.USBD_LL_Reset     usbd_core.o
    0x08002d6a   0x0000000c   Code   RO         3276    i.USBD_LL_Resume    usbd_core.o
    0x08002d76   0x00000018   Code   RO         3277    i.USBD_LL_SOF       usbd_core.o
    0x08002d8e   0x00000006   Code   RO         3278    i.USBD_LL_SetSpeed  usbd_core.o
    0x08002d94   0x00000012   Code   RO          271    i.USBD_LL_SetUSBAddress  usbd_conf.o
    0x08002da6   0x0000005a   Code   RO         3279    i.USBD_LL_SetupStage  usbd_core.o
    0x08002e00   0x00000012   Code   RO          272    i.USBD_LL_StallEP   usbd_conf.o
    0x08002e12   0x00000012   Code   RO          273    i.USBD_LL_Start     usbd_conf.o
    0x08002e24   0x00000012   Code   RO          274    i.USBD_LL_Stop      usbd_conf.o
    0x08002e36   0x00000012   Code   RO         3280    i.USBD_LL_Suspend   usbd_core.o
    0x08002e48   0x00000012   Code   RO          275    i.USBD_LL_Transmit  usbd_conf.o
    0x08002e5a   0x00000028   Code   RO         3407    i.USBD_ParseSetupRequest  usbd_ctlreq.o
    0x08002e82   0x00000010   Code   RO         3281    i.USBD_RegisterClass  usbd_core.o
    0x08002e92   0x00000016   Code   RO         3283    i.USBD_SetClassConfig  usbd_core.o
    0x08002ea8   0x00000084   Code   RO         3408    i.USBD_SetConfig    usbd_ctlreq.o
    0x08002f2c   0x0000000a   Code   RO         3284    i.USBD_Start        usbd_core.o
    0x08002f36   0x00000112   Code   RO         3409    i.USBD_StdDevReq    usbd_ctlreq.o
    0x08003048   0x00000150   Code   RO         3410    i.USBD_StdEPReq     usbd_ctlreq.o
    0x08003198   0x0000004e   Code   RO         3411    i.USBD_StdItfReq    usbd_ctlreq.o
    0x080031e6   0x0000001a   Code   RO         3285    i.USBD_Stop         usbd_core.o
    0x08003200   0x00000080   Code   RO         1160    i.USB_ActivateEndpoint  stm32f4xx_ll_usb.o
    0x08003280   0x00000034   Code   RO         1162    i.USB_ActivateSetup  stm32f4xx_ll_usb.o
    0x080032b4   0x00000074   Code   RO         1164    i.USB_CoreInit      stm32f4xx_ll_usb.o
    0x08003328   0x00000038   Code   RO         1165    i.USB_CoreReset     stm32f4xx_ll_usb.o
    0x08003360   0x00000018   Code   RO         1169    i.USB_DevConnect    stm32f4xx_ll_usb.o
    0x08003378   0x00000018   Code   RO         1170    i.USB_DevDisconnect  stm32f4xx_ll_usb.o
    0x08003390   0x0000018c   Code   RO         1171    i.USB_DevInit       stm32f4xx_ll_usb.o
    0x0800351c   0x0000000c   Code   RO         1172    i.USB_DisableGlobalInt  stm32f4xx_ll_usb.o
    0x08003528   0x00000118   Code   RO         1175    i.USB_EP0StartXfer  stm32f4xx_ll_usb.o
    0x08003640   0x00000058   Code   RO         1176    i.USB_EP0_OutStart  stm32f4xx_ll_usb.o
    0x08003698   0x00000058   Code   RO         1177    i.USB_EPClearStall  stm32f4xx_ll_usb.o
    0x080036f0   0x00000058   Code   RO         1178    i.USB_EPSetStall    stm32f4xx_ll_usb.o
    0x08003748   0x000001e8   Code   RO         1179    i.USB_EPStartXfer   stm32f4xx_ll_usb.o
    0x08003930   0x0000000c   Code   RO         1180    i.USB_EnableGlobalInt  stm32f4xx_ll_usb.o
    0x0800393c   0x00000020   Code   RO         1181    i.USB_FlushRxFifo   stm32f4xx_ll_usb.o
    0x0800395c   0x00000024   Code   RO         1182    i.USB_FlushTxFifo   stm32f4xx_ll_usb.o
    0x08003980   0x0000001a   Code   RO         1184    i.USB_GetDevSpeed   stm32f4xx_ll_usb.o
    0x0800399a   0x00000008   Code   RO         1186    i.USB_GetMode       stm32f4xx_ll_usb.o
    0x080039a2   0x0000000e   Code   RO         1193    i.USB_ReadDevAllInEpInterrupt  stm32f4xx_ll_usb.o
    0x080039b0   0x0000000e   Code   RO         1194    i.USB_ReadDevAllOutEpInterrupt  stm32f4xx_ll_usb.o
    0x080039be   0x00000024   Code   RO         1195    i.USB_ReadDevInEPInterrupt  stm32f4xx_ll_usb.o
    0x080039e2   0x00000010   Code   RO         1196    i.USB_ReadDevOutEPInterrupt  stm32f4xx_ll_usb.o
    0x080039f2   0x00000008   Code   RO         1197    i.USB_ReadInterrupts  stm32f4xx_ll_usb.o
    0x080039fa   0x0000001c   Code   RO         1198    i.USB_ReadPacket    stm32f4xx_ll_usb.o
    0x08003a16   0x0000002e   Code   RO         1200    i.USB_SetCurrentMode  stm32f4xx_ll_usb.o
    0x08003a44   0x00000022   Code   RO         1201    i.USB_SetDevAddress  stm32f4xx_ll_usb.o
    0x08003a66   0x00000002   PAD
    0x08003a68   0x000000e8   Code   RO         1203    i.USB_SetTurnaroundTime  stm32f4xx_ll_usb.o
    0x08003b50   0x00000044   Code   RO         1204    i.USB_StopDevice    stm32f4xx_ll_usb.o
    0x08003b94   0x00000024   Code   RO         1206    i.USB_WritePacket   stm32f4xx_ll_usb.o
    0x08003bb8   0x00000002   Code   RO          595    i.UsageFault_Handler  stm32f4xx_it.o
    0x08003bba   0x00000020   Code   RO         2216    i.__NVIC_SetPriority  stm32f4xx_hal_cortex.o
    0x08003bda   0x0000000e   Code   RO         3715    i.__scatterload_copy  mc_w.l(handlers.o)
    0x08003be8   0x00000002   Code   RO         3716    i.__scatterload_null  mc_w.l(handlers.o)
    0x08003bea   0x0000000e   Code   RO         3717    i.__scatterload_zeroinit  mc_w.l(handlers.o)
    0x08003bf8   0x0000008c   Code   RO          751    i.calc_Delays       stepmotor.o
    0x08003c84   0x00000050   Code   RO         3663    i.free              mc_w.l(malloc.o)
    0x08003cd4   0x00000100   Code   RO          752    i.go_HOME_X         stepmotor.o
    0x08003dd4   0x00000100   Code   RO          754    i.go_HOME_Z         stepmotor.o
    0x08003ed4   0x0000013c   Code   RO           17    i.main              main.o
    0x08004010   0x0000006c   Code   RO         3664    i.malloc            mc_w.l(malloc.o)
    0x0800407c   0x00000130   Code   RO          758    i.move_HEAD_X       stepmotor.o
    0x080041ac   0x000000f8   Code   RO          761    i.search_PIPE       stepmotor.o
    0x080042a4   0x00000020   Code   RO          762    i.set_DIR_X_front   stepmotor.o
    0x080042c4   0x00000020   Code   RO          763    i.set_DIR_X_rear    stepmotor.o
    0x080042e4   0x00000020   Code   RO          766    i.set_DIR_Z_front   stepmotor.o
    0x08004304   0x00000020   Code   RO          767    i.set_DIR_Z_rear    stepmotor.o
    0x08004324   0x00000020   Code   RO          768    i.step_X            stepmotor.o
    0x08004344   0x00000020   Code   RO          771    i.step_Z            stepmotor.o
    0x08004364   0x00000012   Data   RO           19    .constdata          main.o
    0x08004376   0x00000010   Data   RO         3230    .constdata          system_stm32f4xx.o
    0x08004386   0x00000008   Data   RO         3231    .constdata          system_stm32f4xx.o
    0x0800438e   0x00000002   PAD
    0x08004390   0x0000005d   Data   RO          534    .conststring        usbd_dfu_if.o
    0x080043ed   0x00000003   PAD
    0x080043f0   0x00000020   Data   RO         3713    Region$$Table       anon$$obj.o


    Execution Region RW_IRAM1 (Base: 0x20000000, Size: 0x00007390, Max: 0x00020000, ABSOLUTE)

    Base Addr    Size         Type   Attr      Idx    E Section Name        Object

    0x20000000   0x0000001c   Data   RW          451    .data               usbd_desc.o
    0x2000001c   0x00000032   Data   RW          452    .data               usbd_desc.o
    0x2000004e   0x00000002   PAD
    0x20000050   0x0000001c   Data   RW          535    .data               usbd_dfu_if.o
    0x2000006c   0x0000003c   Data   RW          773    .data               stepmotor.o
    0x200000a8   0x0000000c   Data   RW         2360    .data               stm32f4xx_hal.o
    0x200000b4   0x00000004   Data   RW         3232    .data               system_stm32f4xx.o
    0x200000b8   0x00000001   Data   RW         3412    .data               usbd_ctlreq.o
    0x200000b9   0x00000003   PAD
    0x200000bc   0x0000003c   Data   RW         3549    .data               usbd_dfu.o
    0x200000f8   0x00000026   Data   RW         3550    .data               usbd_dfu.o
    0x2000011e   0x00000002   PAD
    0x20000120   0x00000004   Data   RW         3709    .data               mc_w.l(mvars.o)
    0x20000124   0x00000004   Data   RW         3710    .data               mc_w.l(mvars.o)
    0x20000128   0x000000c8   Zero   RW           18    .bss                main.o
    0x200001f0   0x0000029c   Zero   RW          200    .bss                usb_device.o
    0x2000048c   0x00000408   Zero   RW          276    .bss                usbd_conf.o
    0x20000894   0x00000200   Zero   RW          450    .bss                usbd_desc.o
    0x20000a94   0x000007f8   Zero   RW          772    .bss                stepmotor.o
    0x2000128c   0x000000ff   Zero   RW         3548    .bss                usbd_dfu.o
    0x2000138b   0x00000005   PAD
    0x20001390   0x00002000   Zero   RW            2    HEAP                startup_stm32f407xx.o
    0x20003390   0x00004000   Zero   RW            1    STACK               startup_stm32f407xx.o


==============================================================================

Image component sizes


      Code (inc. data)   RO Data    RW Data    ZI Data      Debug   Object Name

       798         84         18          0        200     685398   main.o
        36          8        392          0      24576        820   startup_stm32f407xx.o
      1396        130          0         60       2040       8896   stepmotor.o
       180         28          0         12          0       9265   stm32f4xx_hal.o
       712         28          0          0          0       2815   stm32f4xx_hal_adc.o
       198         14          0          0          0      33839   stm32f4xx_hal_cortex.o
        36          0          0          0          0       1179   stm32f4xx_hal_dma.o
       460         46          0          0          0       2991   stm32f4xx_hal_gpio.o
       340         36          0          0          0       2323   stm32f4xx_hal_msp.o
      2338         18          0          0          0      11961   stm32f4xx_hal_pcd.o
        78          0          0          0          0       2329   stm32f4xx_hal_pcd_ex.o
      1320         86          0          0          0       5528   stm32f4xx_hal_rcc.o
      1254         16          0          0          0       9307   stm32f4xx_hal_uart.o
        56         18          0          0          0       5257   stm32f4xx_it.o
      2486        130          0          0          0      22215   stm32f4xx_ll_usb.o
        28          6         24          4          0       1079   system_stm32f4xx.o
        84         18          0          0        668       3271   usb_device.o
       626         20          0          0       1032      13873   usbd_conf.o
       722          0          0          0          0      12601   usbd_core.o
      1204         28          0          1          0       7976   usbd_ctlreq.o
       296        112          0         78        512       5757   usbd_desc.o
      1530         50          0         98        255      17132   usbd_dfu.o
        24          0         93         28          0       3262   usbd_dfu_if.o
       132          0          0          0          0       4388   usbd_ioreq.o

    ----------------------------------------------------------------------
     16354        876        564        288      29288     873462   Object Totals
         0          0         32          0          0          0   (incl. Generated)
        20          0          5          7          5          0   (incl. Padding)

    ----------------------------------------------------------------------

      Code (inc. data)   RO Data    RW Data    ZI Data      Debug   Library Member Name

         0          0          0          0          0          0   entry.o
         0          0          0          0          0          0   entry10a.o
         0          0          0          0          0          0   entry11a.o
         8          4          0          0          0          0   entry2.o
         4          0          0          0          0          0   entry5.o
         0          0          0          0          0          0   entry7b.o
         0          0          0          0          0          0   entry8b.o
         8          4          0          0          0          0   entry9a.o
        30          0          0          0          0          0   handlers.o
        36          8          0          0          0         68   init.o
        30          0          0          0          0         68   llshl.o
        32          0          0          0          0         68   llushr.o
       188         20          0          0          0        160   malloc.o
        36          0          0          0          0         68   memcpya.o
        36          0          0          0          0        108   memseta.o
         0          0          0          8          0          0   mvars.o
        98          0          0          0          0         92   uldiv.o

    ----------------------------------------------------------------------
       506         36          0          8          0        632   Library Totals
         0          0          0          0          0          0   (incl. Padding)

    ----------------------------------------------------------------------

      Code (inc. data)   RO Data    RW Data    ZI Data      Debug   Library Name

       506         36          0          8          0        632   mc_w.l

    ----------------------------------------------------------------------
       506         36          0          8          0        632   Library Totals

    ----------------------------------------------------------------------

==============================================================================


      Code (inc. data)   RO Data    RW Data    ZI Data      Debug   

     16860        912        564        296      29288     854838   Grand Totals
     16860        912        564        296      29288     854838   ELF Image Totals
     16860        912        564        296          0          0   ROM Totals

==============================================================================

    Total RO  Size (Code + RO Data)                17424 (  17.02kB)
    Total RW  Size (RW Data + ZI Data)             29584 (  28.89kB)
    Total ROM Size (Code + RO Data + RW Data)      17720 (  17.30kB)

==============================================================================

