<html>
<body>
<pre>
<h1>µVision Build Log</h1>
<h2>Tool Versions:</h2>
IDE-Version: µVision V5.23.0.0
Copyright (C) 2017 ARM Ltd and ARM Germany GmbH. All rights reserved.
License Information: Omar Omarov, VKO-Simbol, LIC=----
 
Tool Versions:
Toolchain:       MDK-Lite  Version: 5.23
Toolchain Path:  C:\Keil_v5\ARM\ARMCC\Bin
C Compiler:      Armcc.exe V5.06 update 4 (build 422)
Assembler:       Armasm.exe V5.06 update 4 (build 422)
Linker/Locator:  ArmLink.exe V5.06 update 4 (build 422)
Library Manager: ArmAr.exe V5.06 update 4 (build 422)
Hex Converter:   FromElf.exe V5.06 update 4 (build 422)
CPU DLL:         SARMCM3.DLL V5.23
Dialog DLL:      DCM.DLL V1.15.0.0
Target DLL:      STLink\ST-LINKIII-KEIL_SWO.dll V2.0.18.0
Dialog DLL:      TCM.DLL V1.27.0.0
 
<h2>Project:</h2>
C:\project\IKMA_NEW\MDK-ARM\IKMA_NEW.uvprojx
Project File Date:  01/30/2020

<h2>Output:</h2>
*** Using Compiler 'V5.06 update 4 (build 422)', folder: 'C:\Keil_v5\ARM\ARMCC\Bin'
Rebuild target 'IKMA_NEW'
assembling startup_stm32f407xx.s...
compiling usb_device.c...
compiling usbd_conf.c...
compiling main.c...
compiling stm32f4xx_it.c...
compiling usbd_desc.c...
compiling usbd_dfu_if.c...
compiling stm32f4xx_hal_msp.c...
compiling sensore.c...
compiling stepmotor.c...
..\Src\stepmotor.c(369): warning:  #177-D: variable "meas"  was declared but never referenced
  	int meas,meas0;
..\Src\stepmotor.c(369): warning:  #177-D: variable "meas0"  was declared but never referenced
  	int meas,meas0;
..\Src\stepmotor.c(579): warning:  #940-D: missing return statement at end of non-void function "go_HOME_X" 
  }
..\Src\stepmotor.c(630): warning:  #940-D: missing return statement at end of non-void function "go_HOME_Y" 
  }
..\Src\stepmotor.c(683): warning:  #940-D: missing return statement at end of non-void function "go_HOME_Z" 
  }
..\Src\stepmotor.c(720): warning:  #1-D: last line of file ends without a newline
  }
..\Src\stepmotor.c: 6 warnings, 0 errors
compiling stm32f4xx_hal_pcd_ex.c...
compiling stm32f4xx_hal_pcd.c...
compiling stm32f4xx_ll_usb.c...
compiling stm32f4xx_hal_flash.c...
compiling stm32f4xx_hal_rcc.c...
compiling stm32f4xx_hal_rcc_ex.c...
compiling stm32f4xx_hal_flash_ramfunc.c...
compiling stm32f4xx_hal_flash_ex.c...
compiling stm32f4xx_hal_gpio.c...
compiling stm32f4xx_hal_dma.c...
compiling stm32f4xx_hal_pwr.c...
compiling stm32f4xx_hal_dma_ex.c...
compiling stm32f4xx_hal_pwr_ex.c...
compiling stm32f4xx_hal_cortex.c...
compiling stm32f4xx_hal.c...
compiling stm32f4xx_hal_exti.c...
compiling stm32f4xx_hal_adc_ex.c...
compiling stm32f4xx_hal_adc.c...
compiling stm32f4xx_hal_tim_ex.c...
compiling stm32f4xx_hal_tim.c...
compiling stm32f4xx_hal_uart.c...
compiling system_stm32f4xx.c...
compiling usbd_core.c...
compiling usbd_ctlreq.c...
compiling usbd_ioreq.c...
compiling usbd_dfu.c...
linking...
Program Size: Code=16860 RO-data=564 RW-data=296 ZI-data=29288  
FromELF: creating hex file...
"IKMA_NEW\IKMA_NEW.axf" - 0 Error(s), 6 Warning(s).

<h2>Software Packages used:</h2>

Package Vendor: ARM
                http://www.keil.com/pack/ARM.CMSIS.5.5.1.pack
                ARM::CMSIS:CORE:5.2.0
                CMSIS (Cortex Microcontroller Software Interface Standard)
   * Component: CORE Version: 5.2.0

<h2>Collection of Component include folders:</h2>
  .\RTE\_IKMA_NEW
  C:\Keil_v5\ARM\PACK\ARM\CMSIS\5.5.1\CMSIS\Core\Include
  C:\Keil_v5\ARM\PACK\Keil\STM32F4xx_DFP\2.11.0\Drivers\CMSIS\Device\ST\STM32F4xx\Include

<h2>Collection of Component Files used:</h2>

   * Component: ARM::CMSIS:CORE:5.2.0
Build Time Elapsed:  00:00:59
</pre>
</body>
</html>
